[    0.000000] Linux version 4.15.0-20-generic (buildd@lgw01-amd64-039) (gcc version 7.3.0 (Ubuntu 7.3.0-16ubuntu3)) #21-Ubuntu SMP Tue Apr 24 06:16:15 UTC 2018 (Ubuntu 4.15.0-20.21-generic 4.15.17)
[    0.000000] Command line: BOOT_IMAGE=/boot/vmlinuz-4.15.0-20-generic root=/dev/sda1 ro quiet splash vt.handoff=1
[    0.000000] KERNEL supported cpus:
[    0.000000]   Intel GenuineIntel
[    0.000000]   AMD AuthenticAMD
[    0.000000]   Centaur CentaurHauls
[    0.000000] x86/fpu: Supporting XSAVE feature 0x001: 'x87 floating point registers'
[    0.000000] x86/fpu: Supporting XSAVE feature 0x002: 'SSE registers'
[    0.000000] x86/fpu: Supporting XSAVE feature 0x004: 'AVX registers'
[    0.000000] x86/fpu: Supporting XSAVE feature 0x008: 'MPX bounds registers'
[    0.000000] x86/fpu: Supporting XSAVE feature 0x010: 'MPX CSR'
[    0.000000] x86/fpu: xstate_offset[2]:  576, xstate_sizes[2]:  256
[    0.000000] x86/fpu: xstate_offset[3]:  832, xstate_sizes[3]:   64
[    0.000000] x86/fpu: xstate_offset[4]:  896, xstate_sizes[4]:   64
[    0.000000] x86/fpu: Enabled xstate features 0x1f, context size is 960 bytes, using 'compacted' format.
[    0.000000] e820: BIOS-provided physical RAM map:
[    0.000000] BIOS-e820: [mem 0x0000000000000000-0x000000000009c3ff] usable
[    0.000000] BIOS-e820: [mem 0x000000000009c400-0x000000000009ffff] reserved
[    0.000000] BIOS-e820: [mem 0x00000000000e0000-0x00000000000fffff] reserved
[    0.000000] BIOS-e820: [mem 0x0000000000100000-0x00000000c84cbfff] usable
[    0.000000] BIOS-e820: [mem 0x00000000c84cc000-0x00000000c8502fff] ACPI data
[    0.000000] BIOS-e820: [mem 0x00000000c8503000-0x00000000c88b2fff] usable
[    0.000000] BIOS-e820: [mem 0x00000000c88b3000-0x00000000c88b3fff] ACPI NVS
[    0.000000] BIOS-e820: [mem 0x00000000c88b4000-0x00000000c88b4fff] reserved
[    0.000000] BIOS-e820: [mem 0x00000000c88b5000-0x00000000d55cffff] usable
[    0.000000] BIOS-e820: [mem 0x00000000d55d0000-0x00000000d6e80fff] reserved
[    0.000000] BIOS-e820: [mem 0x00000000d6e81000-0x00000000d6e94fff] ACPI data
[    0.000000] BIOS-e820: [mem 0x00000000d6e95000-0x00000000d6f90fff] usable
[    0.000000] BIOS-e820: [mem 0x00000000d6f91000-0x00000000d72b8fff] ACPI NVS
[    0.000000] BIOS-e820: [mem 0x00000000d72b9000-0x00000000d7ba1fff] reserved
[    0.000000] BIOS-e820: [mem 0x00000000d7ba2000-0x00000000d7bfffff] usable
[    0.000000] BIOS-e820: [mem 0x00000000d7c00000-0x00000000d7ffffff] reserved
[    0.000000] BIOS-e820: [mem 0x00000000f8000000-0x00000000fbffffff] reserved
[    0.000000] BIOS-e820: [mem 0x00000000fe000000-0x00000000fe010fff] reserved
[    0.000000] BIOS-e820: [mem 0x00000000fec00000-0x00000000fec00fff] reserved
[    0.000000] BIOS-e820: [mem 0x00000000fed00000-0x00000000fed00fff] reserved
[    0.000000] BIOS-e820: [mem 0x00000000fee00000-0x00000000fee00fff] reserved
[    0.000000] BIOS-e820: [mem 0x00000000ff000000-0x00000000ffffffff] reserved
[    0.000000] BIOS-e820: [mem 0x0000000100000000-0x0000000226ffffff] usable
[    0.000000] NX (Execute Disable) protection: active
[    0.000000] random: fast init done
[    0.000000] SMBIOS 3.0.0 present.
[    0.000000] DMI: System manufacturer System Product Name/PRIME B250M-PLUS, BIOS 0809 07/10/2017
[    0.000000] e820: update [mem 0x00000000-0x00000fff] usable ==> reserved
[    0.000000] e820: remove [mem 0x000a0000-0x000fffff] usable
[    0.000000] e820: last_pfn = 0x227000 max_arch_pfn = 0x400000000
[    0.000000] MTRR default type: write-back
[    0.000000] MTRR fixed ranges enabled:
[    0.000000]   00000-9FFFF write-back
[    0.000000]   A0000-BFFFF uncachable
[    0.000000]   C0000-FFFFF write-protect
[    0.000000] MTRR variable ranges enabled:
[    0.000000]   0 base 00E0000000 mask 7FE0000000 uncachable
[    0.000000]   1 base 00D8000000 mask 7FF8000000 uncachable
[    0.000000]   2 disabled
[    0.000000]   3 disabled
[    0.000000]   4 disabled
[    0.000000]   5 disabled
[    0.000000]   6 disabled
[    0.000000]   7 disabled
[    0.000000]   8 disabled
[    0.000000]   9 disabled
[    0.000000] x86/PAT: Configuration [0-7]: WB  WC  UC- UC  WB  WP  UC- WT  
[    0.000000] e820: last_pfn = 0xd7c00 max_arch_pfn = 0x400000000
[    0.000000] found SMP MP-table at [mem 0x000fcc30-0x000fcc3f] mapped at [        (ptrval)]
[    0.000000] Scanning 1 areas for low memory corruption
[    0.000000] Base memory trampoline at [        (ptrval)] 96000 size 24576
[    0.000000] Using GB pages for direct mapping
[    0.000000] BRK [0x9c13e000, 0x9c13efff] PGTABLE
[    0.000000] BRK [0x9c13f000, 0x9c13ffff] PGTABLE
[    0.000000] BRK [0x9c140000, 0x9c140fff] PGTABLE
[    0.000000] BRK [0x9c141000, 0x9c141fff] PGTABLE
[    0.000000] BRK [0x9c142000, 0x9c142fff] PGTABLE
[    0.000000] BRK [0x9c143000, 0x9c143fff] PGTABLE
[    0.000000] BRK [0x9c144000, 0x9c144fff] PGTABLE
[    0.000000] BRK [0x9c145000, 0x9c145fff] PGTABLE
[    0.000000] BRK [0x9c146000, 0x9c146fff] PGTABLE
[    0.000000] RAMDISK: [mem 0x3196f000-0x34caefff]
[    0.000000] ACPI: Early table checksum verification disabled
[    0.000000] ACPI: RSDP 0x00000000000F05B0 000024 (v02 ALASKA)
[    0.000000] ACPI: XSDT 0x00000000C84CC0B0 0000DC (v01 ALASKA A M I    01072009 AMI  00010013)
[    0.000000] ACPI: FACP 0x00000000C84F5F88 000114 (v06 ALASKA A M I    01072009 AMI  00010013)
[    0.000000] ACPI: DSDT 0x00000000C84CC228 029D5A (v02 ALASKA A M I    01072009 INTL 20160422)
[    0.000000] ACPI: FACS 0x00000000D72B8F00 000040
[    0.000000] ACPI: APIC 0x00000000C84F60A0 0000BC (v03 ALASKA A M I    01072009 AMI  00010013)
[    0.000000] ACPI: FPDT 0x00000000C84F6160 000044 (v01 ALASKA A M I    01072009 AMI  00010013)
[    0.000000] ACPI: FIDT 0x00000000C84F61A8 00009C (v01 ALASKA A M I    01072009 AMI  00010013)
[    0.000000] ACPI: WSMT 0x00000000C8501FC0 000028 (v01 ALASKA A M I    01072009 AMI  00010013)
[    0.000000] ACPI: MCFG 0x00000000C84F62A0 00003C (v01 ALASKA A M I    01072009 MSFT 00000097)
[    0.000000] ACPI: SSDT 0x00000000C84F62E0 0003A3 (v01 SataRe SataTabl 00001000 INTL 20160422)
[    0.000000] ACPI: SSDT 0x00000000C84F6688 003063 (v02 SaSsdt SaSsdt   00003000 INTL 20160422)
[    0.000000] ACPI: SSDT 0x00000000C84F96F0 0025A5 (v02 PegSsd PegSsdt  00001000 INTL 20160422)
[    0.000000] ACPI: HPET 0x00000000C84FBC98 000038 (v01 INTEL  KBL      00000001 MSFT 0000005F)
[    0.000000] ACPI: SSDT 0x00000000C84FBCD0 000024 (v02 INTEL  OEM_RTD3 00001000 INTL 20160422)
[    0.000000] ACPI: SSDT 0x00000000C84FBCF8 000DE5 (v02 INTEL  Ther_Rvp 00001000 INTL 20160422)
[    0.000000] ACPI: SSDT 0x00000000C84FCAE0 000B1D (v02 INTEL  xh_rvp08 00000000 INTL 20160422)
[    0.000000] ACPI: UEFI 0x00000000C84FD600 000042 (v01 ALASKA A M I    00000002      01000013)
[    0.000000] ACPI: SSDT 0x00000000C84FD648 000EDE (v02 CpuRef CpuSsdt  00003000 INTL 20160422)
[    0.000000] ACPI: LPIT 0x00000000C84FE528 000094 (v01 INTEL  KBL      00000000 MSFT 0000005F)
[    0.000000] ACPI: SSDT 0x00000000C84FE5C0 000141 (v02 INTEL  HdaDsp   00000000 INTL 20160422)
[    0.000000] ACPI: SSDT 0x00000000C84FE708 00029F (v02 INTEL  sensrhub 00000000 INTL 20160422)
[    0.000000] ACPI: SSDT 0x00000000C84FE9A8 003002 (v02 INTEL  PtidDevc 00001000 INTL 20160422)
[    0.000000] ACPI: SSDT 0x00000000C85019B0 00050D (v02 INTEL  TbtTypeC 00000000 INTL 20160422)
[    0.000000] ACPI: DBGP 0x00000000C8501EC0 000034 (v01 INTEL           00000002 MSFT 0000005F)
[    0.000000] ACPI: DBG2 0x00000000C8501EF8 000054 (v00 INTEL           00000002 MSFT 0000005F)
[    0.000000] ACPI: DMAR 0x00000000C8501F50 000070 (v01 INTEL  KBL      00000001 INTL 00000001)
[    0.000000] ACPI: Local APIC address 0xfee00000
[    0.000000] No NUMA configuration found
[    0.000000] Faking a node at [mem 0x0000000000000000-0x0000000226ffffff]
[    0.000000] NODE_DATA(0) allocated [mem 0x226fd3000-0x226ffdfff]
[    0.000000] Zone ranges:
[    0.000000]   DMA      [mem 0x0000000000001000-0x0000000000ffffff]
[    0.000000]   DMA32    [mem 0x0000000001000000-0x00000000ffffffff]
[    0.000000]   Normal   [mem 0x0000000100000000-0x0000000226ffffff]
[    0.000000]   Device   empty
[    0.000000] Movable zone start for each node
[    0.000000] Early memory node ranges
[    0.000000]   node   0: [mem 0x0000000000001000-0x000000000009bfff]
[    0.000000]   node   0: [mem 0x0000000000100000-0x00000000c84cbfff]
[    0.000000]   node   0: [mem 0x00000000c8503000-0x00000000c88b2fff]
[    0.000000]   node   0: [mem 0x00000000c88b5000-0x00000000d55cffff]
[    0.000000]   node   0: [mem 0x00000000d6e95000-0x00000000d6f90fff]
[    0.000000]   node   0: [mem 0x00000000d7ba2000-0x00000000d7bfffff]
[    0.000000]   node   0: [mem 0x0000000100000000-0x0000000226ffffff]
[    0.000000] Initmem setup node 0 [mem 0x0000000000001000-0x0000000226ffffff]
[    0.000000] On node 0 totalpages: 2082444
[    0.000000]   DMA zone: 64 pages used for memmap
[    0.000000]   DMA zone: 21 pages reserved
[    0.000000]   DMA zone: 3995 pages, LIFO batch:0
[    0.000000]   DMA32 zone: 13596 pages used for memmap
[    0.000000]   DMA32 zone: 870129 pages, LIFO batch:31
[    0.000000]   Normal zone: 18880 pages used for memmap
[    0.000000]   Normal zone: 1208320 pages, LIFO batch:31
[    0.000000] Reserved but unavailable: 101 pages
[    0.000000] ACPI: PM-Timer IO Port: 0x1808
[    0.000000] ACPI: Local APIC address 0xfee00000
[    0.000000] ACPI: LAPIC_NMI (acpi_id[0x01] high edge lint[0x1])
[    0.000000] ACPI: LAPIC_NMI (acpi_id[0x02] high edge lint[0x1])
[    0.000000] ACPI: LAPIC_NMI (acpi_id[0x03] high edge lint[0x1])
[    0.000000] ACPI: LAPIC_NMI (acpi_id[0x04] high edge lint[0x1])
[    0.000000] ACPI: LAPIC_NMI (acpi_id[0x05] high edge lint[0x1])
[    0.000000] ACPI: LAPIC_NMI (acpi_id[0x06] high edge lint[0x1])
[    0.000000] ACPI: LAPIC_NMI (acpi_id[0x07] high edge lint[0x1])
[    0.000000] ACPI: LAPIC_NMI (acpi_id[0x08] high edge lint[0x1])
[    0.000000] IOAPIC[0]: apic_id 2, version 32, address 0xfec00000, GSI 0-119
[    0.000000] ACPI: INT_SRC_OVR (bus 0 bus_irq 0 global_irq 2 dfl dfl)
[    0.000000] ACPI: INT_SRC_OVR (bus 0 bus_irq 9 global_irq 9 high level)
[    0.000000] ACPI: IRQ0 used by override.
[    0.000000] ACPI: IRQ9 used by override.
[    0.000000] Using ACPI (MADT) for SMP configuration information
[    0.000000] ACPI: HPET id: 0x8086a201 base: 0xfed00000
[    0.000000] smpboot: Allowing 8 CPUs, 0 hotplug CPUs
[    0.000000] PM: Registered nosave memory: [mem 0x00000000-0x00000fff]
[    0.000000] PM: Registered nosave memory: [mem 0x0009c000-0x0009cfff]
[    0.000000] PM: Registered nosave memory: [mem 0x0009d000-0x0009ffff]
[    0.000000] PM: Registered nosave memory: [mem 0x000a0000-0x000dffff]
[    0.000000] PM: Registered nosave memory: [mem 0x000e0000-0x000fffff]
[    0.000000] PM: Registered nosave memory: [mem 0xc84cc000-0xc8502fff]
[    0.000000] PM: Registered nosave memory: [mem 0xc88b3000-0xc88b3fff]
[    0.000000] PM: Registered nosave memory: [mem 0xc88b4000-0xc88b4fff]
[    0.000000] PM: Registered nosave memory: [mem 0xd55d0000-0xd6e80fff]
[    0.000000] PM: Registered nosave memory: [mem 0xd6e81000-0xd6e94fff]
[    0.000000] PM: Registered nosave memory: [mem 0xd6f91000-0xd72b8fff]
[    0.000000] PM: Registered nosave memory: [mem 0xd72b9000-0xd7ba1fff]
[    0.000000] PM: Registered nosave memory: [mem 0xd7c00000-0xd7ffffff]
[    0.000000] PM: Registered nosave memory: [mem 0xd8000000-0xf7ffffff]
[    0.000000] PM: Registered nosave memory: [mem 0xf8000000-0xfbffffff]
[    0.000000] PM: Registered nosave memory: [mem 0xfc000000-0xfdffffff]
[    0.000000] PM: Registered nosave memory: [mem 0xfe000000-0xfe010fff]
[    0.000000] PM: Registered nosave memory: [mem 0xfe011000-0xfebfffff]
[    0.000000] PM: Registered nosave memory: [mem 0xfec00000-0xfec00fff]
[    0.000000] PM: Registered nosave memory: [mem 0xfec01000-0xfecfffff]
[    0.000000] PM: Registered nosave memory: [mem 0xfed00000-0xfed00fff]
[    0.000000] PM: Registered nosave memory: [mem 0xfed01000-0xfedfffff]
[    0.000000] PM: Registered nosave memory: [mem 0xfee00000-0xfee00fff]
[    0.000000] PM: Registered nosave memory: [mem 0xfee01000-0xfeffffff]
[    0.000000] PM: Registered nosave memory: [mem 0xff000000-0xffffffff]
[    0.000000] e820: [mem 0xd8000000-0xf7ffffff] available for PCI devices
[    0.000000] Booting paravirtualized kernel on bare hardware
[    0.000000] clocksource: refined-jiffies: mask: 0xffffffff max_cycles: 0xffffffff, max_idle_ns: 7645519600211568 ns
[    0.000000] setup_percpu: NR_CPUS:8192 nr_cpumask_bits:8 nr_cpu_ids:8 nr_node_ids:1
[    0.000000] percpu: Embedded 46 pages/cpu @        (ptrval) s151552 r8192 d28672 u262144
[    0.000000] pcpu-alloc: s151552 r8192 d28672 u262144 alloc=1*2097152
[    0.000000] pcpu-alloc: [0] 0 1 2 3 4 5 6 7 
[    0.000000] Built 1 zonelists, mobility grouping on.  Total pages: 2049883
[    0.000000] Policy zone: Normal
[    0.000000] Kernel command line: BOOT_IMAGE=/boot/vmlinuz-4.15.0-20-generic root=/dev/sda1 ro quiet splash vt.handoff=1
[    0.000000] Calgary: detecting Calgary via BIOS EBDA area
[    0.000000] Calgary: Unable to locate Rio Grande table in EBDA - bailing!
[    0.000000] Memory: 8050528K/8329776K available (12300K kernel code, 2470K rwdata, 4240K rodata, 2404K init, 2416K bss, 279248K reserved, 0K cma-reserved)
[    0.000000] SLUB: HWalign=64, Order=0-3, MinObjects=0, CPUs=8, Nodes=1
[    0.000000] Kernel/User page tables isolation: enabled
[    0.000000] ftrace: allocating 39065 entries in 153 pages
[    0.000000] Hierarchical RCU implementation.
[    0.000000] 	RCU restricting CPUs from NR_CPUS=8192 to nr_cpu_ids=8.
[    0.000000] 	Tasks RCU enabled.
[    0.000000] RCU: Adjusting geometry for rcu_fanout_leaf=16, nr_cpu_ids=8
[    0.000000] NR_IRQS: 524544, nr_irqs: 2048, preallocated irqs: 16
[    0.000000] vt handoff: transparent VT on vt#1
[    0.000000] Console: colour dummy device 80x25
[    0.000000] console [tty0] enabled
[    0.000000] ACPI: Core revision 20170831
[    0.000000] ACPI: 12 ACPI AML tables successfully acquired and loaded
[    0.000000] clocksource: hpet: mask: 0xffffffff max_cycles: 0xffffffff, max_idle_ns: 79635855245 ns
[    0.000000] hpet clockevent registered
[    0.004000] APIC: Switch to symmetric I/O mode setup
[    0.004000] DMAR: Host address width 39
[    0.004000] DMAR: DRHD base: 0x000000fed90000 flags: 0x1
[    0.004000] DMAR: dmar0: reg_base_addr fed90000 ver 1:0 cap d2008c40660462 ecap f050da
[    0.004000] DMAR: RMRR base: 0x000000d5de8000 end: 0x000000d5e07fff
[    0.004000] DMAR-IR: IOAPIC id 2 under DRHD base  0xfed90000 IOMMU 0
[    0.004000] DMAR-IR: HPET id 0 under DRHD base 0xfed90000
[    0.004000] DMAR-IR: Queued invalidation will be enabled to support x2apic and Intr-remapping.
[    0.004000] DMAR-IR: Enabled IRQ remapping in x2apic mode
[    0.004000] x2apic enabled
[    0.004000] Switched APIC routing to cluster x2apic.
[    0.008000] ..TIMER: vector=0x30 apic1=0 pin1=2 apic2=-1 pin2=-1
[    0.028000] tsc: Detected 3600.000 MHz processor
[    0.028000] Calibrating delay loop (skipped), value calculated using timer frequency.. 7200.00 BogoMIPS (lpj=14400000)
[    0.028000] pid_max: default: 32768 minimum: 301
[    0.028000] Security Framework initialized
[    0.028000] Yama: becoming mindful.
[    0.028000] AppArmor: AppArmor initialized
[    0.028000] Dentry cache hash table entries: 1048576 (order: 11, 8388608 bytes)
[    0.028000] Inode-cache hash table entries: 524288 (order: 10, 4194304 bytes)
[    0.028000] Mount-cache hash table entries: 16384 (order: 5, 131072 bytes)
[    0.028000] Mountpoint-cache hash table entries: 16384 (order: 5, 131072 bytes)
[    0.028000] CPU: Physical Processor ID: 0
[    0.028000] CPU: Processor Core ID: 0
[    0.028000] mce: CPU supports 10 MCE banks
[    0.028000] CPU0: Thermal monitoring enabled (TM1)
[    0.028000] process: using mwait in idle threads
[    0.028000] Last level iTLB entries: 4KB 64, 2MB 8, 4MB 8
[    0.028000] Last level dTLB entries: 4KB 64, 2MB 0, 4MB 0, 1GB 4
[    0.028000] Spectre V2 : Mitigation: Full generic retpoline
[    0.028000] Spectre V2 : Spectre v2 mitigation: Filling RSB on context switch
[    0.028000] Freeing SMP alternatives memory: 36K
[    0.032044] TSC deadline timer enabled
[    0.032049] smpboot: CPU0: Intel(R) Core(TM) i7-7700 CPU @ 3.60GHz (family: 0x6, model: 0x9e, stepping: 0x9)
[    0.032090] Performance Events: PEBS fmt3+, Skylake events, 32-deep LBR, full-width counters, Intel PMU driver.
[    0.032111] ... version:                4
[    0.032111] ... bit width:              48
[    0.032111] ... generic registers:      4
[    0.032112] ... value mask:             0000ffffffffffff
[    0.032112] ... max period:             00007fffffffffff
[    0.032112] ... fixed-purpose events:   3
[    0.032113] ... event mask:             000000070000000f
[    0.032139] Hierarchical SRCU implementation.
[    0.032956] NMI watchdog: Enabled. Permanently consumes one hw-PMU counter.
[    0.032964] smp: Bringing up secondary CPUs ...
[    0.033004] x86: Booting SMP configuration:
[    0.033005] .... node  #0, CPUs:      #1 #2 #3 #4 #5 #6 #7
[    0.036006] smp: Brought up 1 node, 8 CPUs
[    0.036006] smpboot: Max logical packages: 1
[    0.036006] smpboot: Total of 8 processors activated (57600.00 BogoMIPS)
[    0.040239] devtmpfs: initialized
[    0.040239] x86/mm: Memory block size: 128MB
[    0.040438] evm: security.selinux
[    0.040439] evm: security.SMACK64
[    0.040439] evm: security.SMACK64EXEC
[    0.040439] evm: security.SMACK64TRANSMUTE
[    0.040440] evm: security.SMACK64MMAP
[    0.040440] evm: security.apparmor
[    0.040440] evm: security.ima
[    0.040441] evm: security.capability
[    0.040449] PM: Registering ACPI NVS region [mem 0xc88b3000-0xc88b3fff] (4096 bytes)
[    0.040449] PM: Registering ACPI NVS region [mem 0xd6f91000-0xd72b8fff] (3309568 bytes)
[    0.040449] clocksource: jiffies: mask: 0xffffffff max_cycles: 0xffffffff, max_idle_ns: 7645041785100000 ns
[    0.040449] futex hash table entries: 2048 (order: 5, 131072 bytes)
[    0.040449] pinctrl core: initialized pinctrl subsystem
[    0.040449] RTC time:  3:56:39, date: 09/28/18
[    0.040449] NET: Registered protocol family 16
[    0.040449] audit: initializing netlink subsys (disabled)
[    0.040449] audit: type=2000 audit(1538106999.040:1): state=initialized audit_enabled=0 res=1
[    0.040449] cpuidle: using governor ladder
[    0.040449] cpuidle: using governor menu
[    0.040449] ACPI FADT declares the system doesn't support PCIe ASPM, so disable it
[    0.040449] ACPI: bus type PCI registered
[    0.040449] acpiphp: ACPI Hot Plug PCI Controller Driver version: 0.5
[    0.040449] PCI: MMCONFIG for domain 0000 [bus 00-3f] at [mem 0xf8000000-0xfbffffff] (base 0xf8000000)
[    0.040449] PCI: MMCONFIG at [mem 0xf8000000-0xfbffffff] reserved in E820
[    0.040449] PCI: Using configuration type 1 for base access
[    0.040812] HugeTLB registered 1.00 GiB page size, pre-allocated 0 pages
[    0.040812] HugeTLB registered 2.00 MiB page size, pre-allocated 0 pages
[    0.040812] ACPI: Added _OSI(Module Device)
[    0.040812] ACPI: Added _OSI(Processor Device)
[    0.040812] ACPI: Added _OSI(3.0 _SCP Extensions)
[    0.040812] ACPI: Added _OSI(Processor Aggregator Device)
[    0.040923] ACPI: Executed 38 blocks of module-level executable AML code
[    0.056219] ACPI: Dynamic OEM Table Load:
[    0.056224] ACPI: SSDT 0xFFFF8CB81CE30000 000759 (v02 PmRef  Cpu0Ist  00003000 INTL 20160422)
[    0.056430] ACPI: Executed 1 blocks of module-level executable AML code
[    0.056482] ACPI: \_PR_.CPU0: _OSC native thermal LVT Acked
[    0.060370] ACPI: Dynamic OEM Table Load:
[    0.060374] ACPI: SSDT 0xFFFF8CB81C9D0000 0003FF (v02 PmRef  Cpu0Cst  00003001 INTL 20160422)
[    0.060566] ACPI: Executed 1 blocks of module-level executable AML code
[    0.060958] ACPI: Dynamic OEM Table Load:
[    0.060962] ACPI: SSDT 0xFFFF8CB81CE96000 00065C (v02 PmRef  ApIst    00003000 INTL 20160422)
[    0.061393] ACPI: Executed 1 blocks of module-level executable AML code
[    0.061560] ACPI: Dynamic OEM Table Load:
[    0.061563] ACPI: SSDT 0xFFFF8CB81C9B4400 00018A (v02 PmRef  ApCst    00003000 INTL 20160422)
[    0.061753] ACPI: Executed 1 blocks of module-level executable AML code
[    0.065150] ACPI: Interpreter enabled
[    0.065180] ACPI: (supports S0 S3 S4 S5)
[    0.065181] ACPI: Using IOAPIC for interrupt routing
[    0.065210] PCI: Using host bridge windows from ACPI; if necessary, use "pci=nocrs" and report a bug
[    0.066089] ACPI: Enabled 6 GPEs in block 00 to 7F
[    0.068573] ACPI: Power Resource [PG00] (on)
[    0.068879] ACPI: Power Resource [PG01] (on)
[    0.069181] ACPI: Power Resource [PG02] (on)
[    0.071709] ACPI: Power Resource [WRST] (on)
[    0.072069] ACPI: Power Resource [WRST] (on)
[    0.072435] ACPI: Power Resource [WRST] (on)
[    0.072794] ACPI: Power Resource [WRST] (on)
[    0.073156] ACPI: Power Resource [WRST] (on)
[    0.073514] ACPI: Power Resource [WRST] (on)
[    0.073868] ACPI: Power Resource [WRST] (on)
[    0.074221] ACPI: Power Resource [WRST] (on)
[    0.074576] ACPI: Power Resource [WRST] (on)
[    0.074936] ACPI: Power Resource [WRST] (on)
[    0.075290] ACPI: Power Resource [WRST] (on)
[    0.075645] ACPI: Power Resource [WRST] (on)
[    0.075999] ACPI: Power Resource [WRST] (on)
[    0.076355] ACPI: Power Resource [WRST] (on)
[    0.076715] ACPI: Power Resource [WRST] (on)
[    0.077077] ACPI: Power Resource [WRST] (on)
[    0.077438] ACPI: Power Resource [WRST] (on)
[    0.078850] ACPI: Power Resource [WRST] (on)
[    0.079204] ACPI: Power Resource [WRST] (on)
[    0.079559] ACPI: Power Resource [WRST] (on)
[    0.093217] ACPI: Power Resource [FN00] (off)
[    0.093300] ACPI: Power Resource [FN01] (off)
[    0.093375] ACPI: Power Resource [FN02] (off)
[    0.093452] ACPI: Power Resource [FN03] (off)
[    0.093527] ACPI: Power Resource [FN04] (off)
[    0.094964] ACPI: PCI Root Bridge [PCI0] (domain 0000 [bus 00-3e])
[    0.094969] acpi PNP0A08:00: _OSC: OS supports [ExtendedConfig ASPM ClockPM Segments MSI]
[    0.095151] acpi PNP0A08:00: _OSC: platform does not support [PCIeHotplug PME]
[    0.095324] acpi PNP0A08:00: _OSC: OS now controls [AER PCIeCapability]
[    0.095325] acpi PNP0A08:00: FADT indicates ASPM is unsupported, using BIOS configuration
[    0.096276] PCI host bridge to bus 0000:00
[    0.096277] pci_bus 0000:00: root bus resource [io  0x0000-0x0cf7 window]
[    0.096278] pci_bus 0000:00: root bus resource [io  0x0d00-0xffff window]
[    0.096279] pci_bus 0000:00: root bus resource [mem 0x000a0000-0x000bffff window]
[    0.096280] pci_bus 0000:00: root bus resource [mem 0xd8000000-0xf7ffffff window]
[    0.096281] pci_bus 0000:00: root bus resource [mem 0xfd000000-0xfe7fffff window]
[    0.096282] pci_bus 0000:00: root bus resource [bus 00-3e]
[    0.096288] pci 0000:00:00.0: [8086:591f] type 00 class 0x060000
[    0.096579] pci 0000:00:01.0: [8086:1901] type 01 class 0x060400
[    0.096611] pci 0000:00:01.0: PME# supported from D0 D3hot D3cold
[    0.096835] pci 0000:00:14.0: [8086:a2af] type 00 class 0x0c0330
[    0.096853] pci 0000:00:14.0: reg 0x10: [mem 0xf7230000-0xf723ffff 64bit]
[    0.096909] pci 0000:00:14.0: PME# supported from D3hot D3cold
[    0.097109] pci 0000:00:16.0: [8086:a2ba] type 00 class 0x078000
[    0.097131] pci 0000:00:16.0: reg 0x10: [mem 0xf724d000-0xf724dfff 64bit]
[    0.097195] pci 0000:00:16.0: PME# supported from D3hot
[    0.097367] pci 0000:00:17.0: [8086:a282] type 00 class 0x010601
[    0.097381] pci 0000:00:17.0: reg 0x10: [mem 0xf7248000-0xf7249fff]
[    0.097387] pci 0000:00:17.0: reg 0x14: [mem 0xf724c000-0xf724c0ff]
[    0.097393] pci 0000:00:17.0: reg 0x18: [io  0xf050-0xf057]
[    0.097398] pci 0000:00:17.0: reg 0x1c: [io  0xf040-0xf043]
[    0.097404] pci 0000:00:17.0: reg 0x20: [io  0xf020-0xf03f]
[    0.097410] pci 0000:00:17.0: reg 0x24: [mem 0xf724b000-0xf724b7ff]
[    0.097443] pci 0000:00:17.0: PME# supported from D3hot
[    0.097573] pci 0000:00:1c.0: [8086:a294] type 01 class 0x060400
[    0.097626] pci 0000:00:1c.0: PME# supported from D0 D3hot D3cold
[    0.097802] pci 0000:00:1d.0: [8086:a298] type 01 class 0x060400
[    0.097860] pci 0000:00:1d.0: PME# supported from D0 D3hot D3cold
[    0.098031] pci 0000:00:1f.0: [8086:a2c8] type 00 class 0x060100
[    0.098244] pci 0000:00:1f.2: [8086:a2a1] type 00 class 0x058000
[    0.098257] pci 0000:00:1f.2: reg 0x10: [mem 0xf7244000-0xf7247fff]
[    0.098420] pci 0000:00:1f.3: [8086:a2f0] type 00 class 0x040300
[    0.098444] pci 0000:00:1f.3: reg 0x10: [mem 0xf7240000-0xf7243fff 64bit]
[    0.098472] pci 0000:00:1f.3: reg 0x20: [mem 0xf7220000-0xf722ffff 64bit]
[    0.098515] pci 0000:00:1f.3: PME# supported from D3hot D3cold
[    0.098723] pci 0000:00:1f.4: [8086:a2a3] type 00 class 0x0c0500
[    0.098783] pci 0000:00:1f.4: reg 0x10: [mem 0xf724a000-0xf724a0ff 64bit]
[    0.098852] pci 0000:00:1f.4: reg 0x20: [io  0xf000-0xf01f]
[    0.099046] pci 0000:00:1f.6: [8086:15b8] type 00 class 0x020000
[    0.099071] pci 0000:00:1f.6: reg 0x10: [mem 0xf7200000-0xf721ffff]
[    0.099172] pci 0000:00:1f.6: PME# supported from D0 D3hot D3cold
[    0.099319] pci 0000:01:00.0: [10de:1282] type 00 class 0x030000
[    0.099335] pci 0000:01:00.0: reg 0x10: [mem 0xf6000000-0xf6ffffff]
[    0.099344] pci 0000:01:00.0: reg 0x14: [mem 0xe8000000-0xefffffff 64bit pref]
[    0.099353] pci 0000:01:00.0: reg 0x1c: [mem 0xf0000000-0xf1ffffff 64bit pref]
[    0.099358] pci 0000:01:00.0: reg 0x24: [io  0xe000-0xe07f]
[    0.099364] pci 0000:01:00.0: reg 0x30: [mem 0xf7000000-0xf707ffff pref]
[    0.099443] pci 0000:01:00.1: [10de:0e0f] type 00 class 0x040300
[    0.099456] pci 0000:01:00.1: reg 0x10: [mem 0xf7080000-0xf7083fff]
[    0.108042] pci 0000:00:01.0: PCI bridge to [bus 01]
[    0.108060] pci 0000:00:01.0:   bridge window [io  0xe000-0xefff]
[    0.108062] pci 0000:00:01.0:   bridge window [mem 0xf6000000-0xf70fffff]
[    0.108064] pci 0000:00:01.0:   bridge window [mem 0xe8000000-0xf1ffffff 64bit pref]
[    0.108116] pci 0000:02:00.0: [10ec:8168] type 00 class 0x020000
[    0.108139] pci 0000:02:00.0: reg 0x10: [io  0xd000-0xd0ff]
[    0.108162] pci 0000:02:00.0: reg 0x18: [mem 0xf2104000-0xf2104fff 64bit pref]
[    0.108177] pci 0000:02:00.0: reg 0x20: [mem 0xf2100000-0xf2103fff 64bit pref]
[    0.108186] pci 0000:02:00.0: reg 0x30: [mem 0xf7100000-0xf710ffff pref]
[    0.108258] pci 0000:02:00.0: supports D1 D2
[    0.108259] pci 0000:02:00.0: PME# supported from D0 D1 D2 D3hot D3cold
[    0.108363] pci 0000:00:1c.0: PCI bridge to [bus 02]
[    0.108365] pci 0000:00:1c.0:   bridge window [io  0xd000-0xdfff]
[    0.108367] pci 0000:00:1c.0:   bridge window [mem 0xf7100000-0xf71fffff]
[    0.108370] pci 0000:00:1c.0:   bridge window [mem 0xf2100000-0xf21fffff 64bit pref]
[    0.108417] acpiphp: Slot [1] registered
[    0.108424] pci 0000:00:1d.0: PCI bridge to [bus 03]
[    0.110314] ACPI: PCI Interrupt Link [LNKA] (IRQs 3 4 5 6 10 *11 12 14 15)
[    0.110366] ACPI: PCI Interrupt Link [LNKB] (IRQs 3 4 5 6 *10 11 12 14 15)
[    0.110415] ACPI: PCI Interrupt Link [LNKC] (IRQs 3 4 5 6 10 *11 12 14 15)
[    0.110465] ACPI: PCI Interrupt Link [LNKD] (IRQs 3 4 5 6 10 *11 12 14 15)
[    0.110515] ACPI: PCI Interrupt Link [LNKE] (IRQs 3 4 5 6 10 *11 12 14 15)
[    0.110564] ACPI: PCI Interrupt Link [LNKF] (IRQs 3 4 5 6 10 *11 12 14 15)
[    0.110613] ACPI: PCI Interrupt Link [LNKG] (IRQs 3 4 5 6 10 *11 12 14 15)
[    0.110663] ACPI: PCI Interrupt Link [LNKH] (IRQs 3 4 5 6 10 *11 12 14 15)
[    0.111253] SCSI subsystem initialized
[    0.111262] libata version 3.00 loaded.
[    0.111262] pci 0000:01:00.0: vgaarb: setting as boot VGA device
[    0.111262] pci 0000:01:00.0: vgaarb: VGA device added: decodes=io+mem,owns=io+mem,locks=none
[    0.111262] pci 0000:01:00.0: vgaarb: bridge control possible
[    0.111262] vgaarb: loaded
[    0.111262] ACPI: bus type USB registered
[    0.111262] usbcore: registered new interface driver usbfs
[    0.111262] usbcore: registered new interface driver hub
[    0.111262] usbcore: registered new device driver usb
[    0.111262] EDAC MC: Ver: 3.0.0
[    0.111262] PCI: Using ACPI for IRQ routing
[    0.114135] PCI: pci_cache_line_size set to 64 bytes
[    0.114175] e820: reserve RAM buffer [mem 0x0009c400-0x0009ffff]
[    0.114176] e820: reserve RAM buffer [mem 0xc84cc000-0xcbffffff]
[    0.114176] e820: reserve RAM buffer [mem 0xc88b3000-0xcbffffff]
[    0.114177] e820: reserve RAM buffer [mem 0xd55d0000-0xd7ffffff]
[    0.114178] e820: reserve RAM buffer [mem 0xd6f91000-0xd7ffffff]
[    0.114178] e820: reserve RAM buffer [mem 0xd7c00000-0xd7ffffff]
[    0.114179] e820: reserve RAM buffer [mem 0x227000000-0x227ffffff]
[    0.114234] NetLabel: Initializing
[    0.114234] NetLabel:  domain hash size = 128
[    0.114235] NetLabel:  protocols = UNLABELED CIPSOv4 CALIPSO
[    0.114243] NetLabel:  unlabeled traffic allowed by default
[    0.116065] hpet0: at MMIO 0xfed00000, IRQs 2, 8, 0, 0, 0, 0, 0, 0
[    0.116069] hpet0: 8 comparators, 64-bit 24.000000 MHz counter
[    0.120015] clocksource: Switched to clocksource hpet
[    0.126558] VFS: Disk quotas dquot_6.6.0
[    0.126568] VFS: Dquot-cache hash table entries: 512 (order 0, 4096 bytes)
[    0.126628] AppArmor: AppArmor Filesystem Enabled
[    0.126639] pnp: PnP ACPI init
[    0.126820] system 00:00: [io  0x0290-0x029f] has been reserved
[    0.126823] system 00:00: Plug and Play ACPI device, IDs PNP0c02 (active)
[    0.127097] pnp 00:01: [dma 0 disabled]
[    0.127128] pnp 00:01: Plug and Play ACPI device, IDs PNP0501 (active)
[    0.127316] system 00:02: [io  0x0680-0x069f] has been reserved
[    0.127317] system 00:02: [io  0xffff] has been reserved
[    0.127318] system 00:02: [io  0xffff] has been reserved
[    0.127319] system 00:02: [io  0xffff] has been reserved
[    0.127320] system 00:02: [io  0x1800-0x18fe] has been reserved
[    0.127321] system 00:02: [io  0x164e-0x164f] has been reserved
[    0.127324] system 00:02: Plug and Play ACPI device, IDs PNP0c02 (active)
[    0.127395] system 00:03: [io  0x0800-0x087f] has been reserved
[    0.127397] system 00:03: Plug and Play ACPI device, IDs PNP0c02 (active)
[    0.127409] pnp 00:04: Plug and Play ACPI device, IDs PNP0b00 (active)
[    0.127435] system 00:05: [io  0x1854-0x1857] has been reserved
[    0.127437] system 00:05: Plug and Play ACPI device, IDs INT3f0d PNP0c02 (active)
[    0.127638] system 00:06: [mem 0xfed10000-0xfed17fff] has been reserved
[    0.127639] system 00:06: [mem 0xfed18000-0xfed18fff] has been reserved
[    0.127640] system 00:06: [mem 0xfed19000-0xfed19fff] has been reserved
[    0.127641] system 00:06: [mem 0xf8000000-0xfbffffff] has been reserved
[    0.127642] system 00:06: [mem 0xfed20000-0xfed3ffff] has been reserved
[    0.127643] system 00:06: [mem 0xfed90000-0xfed93fff] could not be reserved
[    0.127644] system 00:06: [mem 0xfed45000-0xfed8ffff] has been reserved
[    0.127645] system 00:06: [mem 0xff000000-0xffffffff] has been reserved
[    0.127646] system 00:06: [mem 0xfee00000-0xfeefffff] could not be reserved
[    0.127647] system 00:06: [mem 0xf7fe0000-0xf7ffffff] has been reserved
[    0.127650] system 00:06: Plug and Play ACPI device, IDs PNP0c02 (active)
[    0.127679] system 00:07: [mem 0xfd000000-0xfdabffff] has been reserved
[    0.127680] system 00:07: [mem 0xfdad0000-0xfdadffff] has been reserved
[    0.127681] system 00:07: [mem 0xfdac0000-0xfdacffff] has been reserved
[    0.127682] system 00:07: [mem 0xfdae0000-0xfdaeffff] has been reserved
[    0.127683] system 00:07: [mem 0xfdaf0000-0xfdafffff] has been reserved
[    0.127684] system 00:07: [mem 0xfdb00000-0xfdffffff] has been reserved
[    0.127686] system 00:07: [mem 0xfe000000-0xfe01ffff] could not be reserved
[    0.127687] system 00:07: [mem 0xfe036000-0xfe03bfff] has been reserved
[    0.127688] system 00:07: [mem 0xfe03d000-0xfe3fffff] has been reserved
[    0.127689] system 00:07: [mem 0xfe410000-0xfe7fffff] has been reserved
[    0.127691] system 00:07: Plug and Play ACPI device, IDs PNP0c02 (active)
[    0.127944] system 00:08: [io  0xfe00-0xfefe] has been reserved
[    0.127947] system 00:08: Plug and Play ACPI device, IDs PNP0c02 (active)
[    0.129033] system 00:09: [mem 0xfdaf0000-0xfdafffff] has been reserved
[    0.129034] system 00:09: [mem 0xfdae0000-0xfdaeffff] has been reserved
[    0.129035] system 00:09: [mem 0xfdac0000-0xfdacffff] has been reserved
[    0.129037] system 00:09: Plug and Play ACPI device, IDs PNP0c02 (active)
[    0.129815] pnp: PnP ACPI: found 10 devices
[    0.136934] clocksource: acpi_pm: mask: 0xffffff max_cycles: 0xffffff, max_idle_ns: 2085701024 ns
[    0.136949] pci 0000:00:1d.0: bridge window [io  0x1000-0x0fff] to [bus 03] add_size 1000
[    0.136951] pci 0000:00:1d.0: bridge window [mem 0x00100000-0x000fffff 64bit pref] to [bus 03] add_size 200000 add_align 100000
[    0.136952] pci 0000:00:1d.0: bridge window [mem 0x00100000-0x000fffff] to [bus 03] add_size 200000 add_align 100000
[    0.136956] pci 0000:00:1d.0: BAR 14: assigned [mem 0xd8000000-0xd81fffff]
[    0.136959] pci 0000:00:1d.0: BAR 15: assigned [mem 0xd8200000-0xd83fffff 64bit pref]
[    0.136960] pci 0000:00:1d.0: BAR 13: assigned [io  0x2000-0x2fff]
[    0.136962] pci 0000:00:01.0: PCI bridge to [bus 01]
[    0.136963] pci 0000:00:01.0:   bridge window [io  0xe000-0xefff]
[    0.136965] pci 0000:00:01.0:   bridge window [mem 0xf6000000-0xf70fffff]
[    0.136967] pci 0000:00:01.0:   bridge window [mem 0xe8000000-0xf1ffffff 64bit pref]
[    0.136969] pci 0000:00:1c.0: PCI bridge to [bus 02]
[    0.136971] pci 0000:00:1c.0:   bridge window [io  0xd000-0xdfff]
[    0.136973] pci 0000:00:1c.0:   bridge window [mem 0xf7100000-0xf71fffff]
[    0.136975] pci 0000:00:1c.0:   bridge window [mem 0xf2100000-0xf21fffff 64bit pref]
[    0.136978] pci 0000:00:1d.0: PCI bridge to [bus 03]
[    0.136981] pci 0000:00:1d.0:   bridge window [io  0x2000-0x2fff]
[    0.136984] pci 0000:00:1d.0:   bridge window [mem 0xd8000000-0xd81fffff]
[    0.136986] pci 0000:00:1d.0:   bridge window [mem 0xd8200000-0xd83fffff 64bit pref]
[    0.136990] pci_bus 0000:00: resource 4 [io  0x0000-0x0cf7 window]
[    0.136991] pci_bus 0000:00: resource 5 [io  0x0d00-0xffff window]
[    0.136992] pci_bus 0000:00: resource 6 [mem 0x000a0000-0x000bffff window]
[    0.136993] pci_bus 0000:00: resource 7 [mem 0xd8000000-0xf7ffffff window]
[    0.136994] pci_bus 0000:00: resource 8 [mem 0xfd000000-0xfe7fffff window]
[    0.136994] pci_bus 0000:01: resource 0 [io  0xe000-0xefff]
[    0.136995] pci_bus 0000:01: resource 1 [mem 0xf6000000-0xf70fffff]
[    0.136996] pci_bus 0000:01: resource 2 [mem 0xe8000000-0xf1ffffff 64bit pref]
[    0.136997] pci_bus 0000:02: resource 0 [io  0xd000-0xdfff]
[    0.136998] pci_bus 0000:02: resource 1 [mem 0xf7100000-0xf71fffff]
[    0.136999] pci_bus 0000:02: resource 2 [mem 0xf2100000-0xf21fffff 64bit pref]
[    0.137000] pci_bus 0000:03: resource 0 [io  0x2000-0x2fff]
[    0.137000] pci_bus 0000:03: resource 1 [mem 0xd8000000-0xd81fffff]
[    0.137001] pci_bus 0000:03: resource 2 [mem 0xd8200000-0xd83fffff 64bit pref]
[    0.137129] NET: Registered protocol family 2
[    0.137253] TCP established hash table entries: 65536 (order: 7, 524288 bytes)
[    0.137333] TCP bind hash table entries: 65536 (order: 8, 1048576 bytes)
[    0.137463] TCP: Hash tables configured (established 65536 bind 65536)
[    0.137486] UDP hash table entries: 4096 (order: 5, 131072 bytes)
[    0.137506] UDP-Lite hash table entries: 4096 (order: 5, 131072 bytes)
[    0.137548] NET: Registered protocol family 1
[    0.137724] pci 0000:01:00.0: Video device with shadowed ROM at [mem 0x000c0000-0x000dffff]
[    0.137732] PCI: CLS 64 bytes, default 64
[    0.137752] Unpacking initramfs...
[    0.671617] Freeing initrd memory: 52480K
[    0.671662] PCI-DMA: Using software bounce buffering for IO (SWIOTLB)
[    0.671664] software IO TLB [mem 0xd15d0000-0xd55d0000] (64MB) mapped at [000000002254ddba-0000000030a803d6]
[    0.671904] clocksource: tsc: mask: 0xffffffffffffffff max_cycles: 0x33e452fbb2f, max_idle_ns: 440795236593 ns
[    0.672134] Scanning for low memory corruption every 60 seconds
[    0.672638] Initialise system trusted keyrings
[    0.672643] Key type blacklist registered
[    0.672689] workingset: timestamp_bits=36 max_order=21 bucket_order=0
[    0.673343] zbud: loaded
[    0.673676] squashfs: version 4.0 (2009/01/31) Phillip Lougher
[    0.673811] fuse init (API version 7.26)
[    0.676122] Key type asymmetric registered
[    0.676123] Asymmetric key parser 'x509' registered
[    0.676140] Block layer SCSI generic (bsg) driver version 0.4 loaded (major 246)
[    0.676187] io scheduler noop registered
[    0.676187] io scheduler deadline registered
[    0.676210] io scheduler cfq registered (default)
[    0.676770] pcieport 0000:00:1c.0: AER enabled with IRQ 121
[    0.676806] vesafb: mode is 640x480x32, linelength=2560, pages=0
[    0.676806] vesafb: scrolling: redraw
[    0.676807] vesafb: Truecolor: size=8:8:8:8, shift=24:16:8:0
[    0.676814] vesafb: framebuffer at 0xf1000000, mapped to 0x00000000ccba4b7c, using 1216k, total 1216k
[    0.676876] Console: switching to colour frame buffer device 80x30
[    0.676882] fb0: VESA VGA frame buffer device
[    0.676890] intel_idle: MWAIT substates: 0x142120
[    0.676890] intel_idle: v0.4.1 model 0x9E
[    0.677171] intel_idle: lapic_timer_reliable_states 0xffffffff
[    0.677259] input: Sleep Button as /devices/LNXSYSTM:00/LNXSYBUS:00/PNP0C0E:00/input/input0
[    0.677268] ACPI: Sleep Button [SLPB]
[    0.677287] input: Power Button as /devices/LNXSYSTM:00/LNXSYBUS:00/PNP0C0C:00/input/input1
[    0.677293] ACPI: Power Button [PWRB]
[    0.677311] input: Power Button as /devices/LNXSYSTM:00/LNXPWRBN:00/input/input2
[    0.677362] ACPI: Power Button [PWRF]
[    0.736826] (NULL device *): hwmon_device_register() is deprecated. Please convert the driver to use hwmon_device_register_with_info().
[    0.796301] thermal LNXTHERM:00: registered as thermal_zone0
[    0.796302] ACPI: Thermal Zone [TZ00] (28 C)
[    0.796438] thermal LNXTHERM:01: registered as thermal_zone1
[    0.796439] ACPI: Thermal Zone [TZ01] (30 C)
[    0.796615] Serial: 8250/16550 driver, 32 ports, IRQ sharing enabled
[    0.817424] 00:01: ttyS0 at I/O 0x3f8 (irq = 4, base_baud = 115200) is a 16550A
[    0.819860] Linux agpgart interface v0.103
[    0.821659] loop: module loaded
[    0.821748] libphy: Fixed MDIO Bus: probed
[    0.821749] tun: Universal TUN/TAP device driver, 1.6
[    0.821788] PPP generic driver version 2.4.2
[    0.821833] ehci_hcd: USB 2.0 'Enhanced' Host Controller (EHCI) Driver
[    0.821835] ehci-pci: EHCI PCI platform driver
[    0.821840] ehci-platform: EHCI generic platform driver
[    0.821845] ohci_hcd: USB 1.1 'Open' Host Controller (OHCI) Driver
[    0.821846] ohci-pci: OHCI PCI platform driver
[    0.821850] ohci-platform: OHCI generic platform driver
[    0.821853] uhci_hcd: USB Universal Host Controller Interface driver
[    0.821938] xhci_hcd 0000:00:14.0: xHCI Host Controller
[    0.821942] xhci_hcd 0000:00:14.0: new USB bus registered, assigned bus number 1
[    0.823014] xhci_hcd 0000:00:14.0: hcc params 0x200077c1 hci version 0x100 quirks 0x00009810
[    0.823018] xhci_hcd 0000:00:14.0: cache line size of 64 is not supported
[    0.823119] usb usb1: New USB device found, idVendor=1d6b, idProduct=0002
[    0.823120] usb usb1: New USB device strings: Mfr=3, Product=2, SerialNumber=1
[    0.823121] usb usb1: Product: xHCI Host Controller
[    0.823122] usb usb1: Manufacturer: Linux 4.15.0-20-generic xhci-hcd
[    0.823123] usb usb1: SerialNumber: 0000:00:14.0
[    0.823234] hub 1-0:1.0: USB hub found
[    0.823246] hub 1-0:1.0: 12 ports detected
[    0.824417] xhci_hcd 0000:00:14.0: xHCI Host Controller
[    0.824419] xhci_hcd 0000:00:14.0: new USB bus registered, assigned bus number 2
[    0.824439] usb usb2: New USB device found, idVendor=1d6b, idProduct=0003
[    0.824440] usb usb2: New USB device strings: Mfr=3, Product=2, SerialNumber=1
[    0.824441] usb usb2: Product: xHCI Host Controller
[    0.824441] usb usb2: Manufacturer: Linux 4.15.0-20-generic xhci-hcd
[    0.824442] usb usb2: SerialNumber: 0000:00:14.0
[    0.824543] hub 2-0:1.0: USB hub found
[    0.824551] hub 2-0:1.0: 6 ports detected
[    0.825165] i8042: PNP: No PS/2 controller found.
[    0.825300] mousedev: PS/2 mouse device common for all mice
[    0.825586] rtc_cmos 00:04: RTC can wake from S4
[    0.825993] rtc_cmos 00:04: rtc core: registered rtc_cmos as rtc0
[    0.826072] rtc_cmos 00:04: alarms up to one month, y3k, 242 bytes nvram, hpet irqs
[    0.826076] i2c /dev entries driver
[    0.826100] device-mapper: uevent: version 1.0.3
[    0.826193] device-mapper: ioctl: 4.37.0-ioctl (2017-09-20) initialised: dm-devel@redhat.com
[    0.826194] intel_pstate: Intel P-state driver initializing
[    0.826245] intel_pstate: Disabling energy efficiency optimization
[    0.827298] intel_pstate: HWP enabled
[    0.827681] ledtrig-cpu: registered to indicate activity on CPUs
[    0.828220] resource sanity check: requesting [mem 0xfdffe800-0xfe0007ff], which spans more than pnp 00:07 [mem 0xfdb00000-0xfdffffff]
[    0.828223] caller pmc_core_probe+0x99/0x224 mapping multiple BARs
[    0.828226] intel_pmc_core:  initialized
[    0.828366] NET: Registered protocol family 10
[    0.831477] Segment Routing with IPv6
[    0.831488] NET: Registered protocol family 17
[    0.831607] Key type dns_resolver registered
[    0.832186] RAS: Correctable Errors collector initialized.
[    0.832198] microcode: sig=0x906e9, pf=0x2, revision=0x5e
[    0.832437] microcode: Microcode Update Driver: v2.2.
[    0.832442] sched_clock: Marking stable (832424029, 0)->(816384659, 16039370)
[    0.832791] registered taskstats version 1
[    0.832795] Loading compiled-in X.509 certificates
[    0.834137] Loaded X.509 cert 'Build time autogenerated kernel key: f4ad6a5babf67650e4ceb385fa5dda8e4a178208'
[    0.834148] zswap: loaded using pool lzo/zbud
[    0.835999] Key type big_key registered
[    0.836019] Key type trusted registered
[    0.837018] Key type encrypted registered
[    0.837021] AppArmor: AppArmor sha1 policy hashing enabled
[    0.837022] ima: No TPM chip found, activating TPM-bypass! (rc=-19)
[    0.837032] evm: HMAC attrs: 0x1
[    0.837742]   Magic number: 2:330:918
[    0.837948] rtc_cmos 00:04: setting system clock to 2018-09-28 03:56:40 UTC (1538107000)
[    0.838025] BIOS EDD facility v0.16 2004-Jun-25, 0 devices found
[    0.838025] EDD information not available.
[    0.839402] Freeing unused kernel memory: 2404K
[    0.839403] Write protecting the kernel read-only data: 20480k
[    0.839837] Freeing unused kernel memory: 2008K
[    0.841951] Freeing unused kernel memory: 1904K
[    0.845528] x86/mm: Checked W+X mappings: passed, no W+X pages found.
[    0.845528] x86/mm: Checking user space page tables
[    0.849029] x86/mm: Checked W+X mappings: passed, no W+X pages found.
[    0.904770] pps_core: LinuxPPS API ver. 1 registered
[    0.904771] pps_core: Software ver. 5.3.6 - Copyright 2005-2007 Rodolfo Giometti <giometti@linux.it>
[    0.905201] ahci 0000:00:17.0: version 3.0
[    0.905493] r8169 Gigabit Ethernet driver 2.3LK-NAPI loaded
[    0.905497] r8169 0000:02:00.0: can't disable ASPM; OS doesn't have ASPM control
[    0.905585] PTP clock support registered
[    0.905844] r8169 0000:02:00.0 eth0: RTL8168e/8111e at 0x00000000f145fb12, 00:e0:4c:68:03:39, XID 0c200000 IRQ 124
[    0.905846] r8169 0000:02:00.0 eth0: jumbo features [frames: 9200 bytes, tx checksumming: ko]
[    0.908158] e1000e: Intel(R) PRO/1000 Network Driver - 3.2.6-k
[    0.908158] e1000e: Copyright(c) 1999 - 2015 Intel Corporation.
[    0.915559] ahci 0000:00:17.0: AHCI 0001.0301 32 slots 6 ports 6 Gbps 0x3f impl SATA mode
[    0.915561] ahci 0000:00:17.0: flags: 64bit ncq sntf led clo only pio slum part ems deso sadm sds apst 
[    0.924116] r8169 0000:02:00.0 enp2s0: renamed from eth0
[    0.967373] MXM: GUID detected in BIOS
[    0.967525] checking generic (f1000000 130000) vs hw (e8000000 8000000)
[    0.967525] checking generic (f1000000 130000) vs hw (f0000000 2000000)
[    0.967526] fb: switching to nouveaufb from VESA VGA
[    0.967536] Console: switching to colour dummy device 80x25
[    0.967650] nouveau 0000:01:00.0: NVIDIA GK208 (108020a1)
[    0.972698] scsi host0: ahci
[    0.972857] scsi host1: ahci
[    0.973032] scsi host2: ahci
[    0.973231] scsi host3: ahci
[    0.973419] scsi host4: ahci
[    0.973604] scsi host5: ahci
[    0.973626] ata1: SATA max UDMA/133 abar m2048@0xf724b000 port 0xf724b100 irq 123
[    0.973646] ata2: SATA max UDMA/133 abar m2048@0xf724b000 port 0xf724b180 irq 123
[    0.973648] ata3: SATA max UDMA/133 abar m2048@0xf724b000 port 0xf724b200 irq 123
[    0.973654] ata4: SATA max UDMA/133 abar m2048@0xf724b000 port 0xf724b280 irq 123
[    0.973659] ata5: SATA max UDMA/133 abar m2048@0xf724b000 port 0xf724b300 irq 123
[    0.973666] ata6: SATA max UDMA/133 abar m2048@0xf724b000 port 0xf724b380 irq 123
[    0.973953] e1000e 0000:00:1f.6: Interrupt Throttling Rate (ints/sec) set to dynamic conservative mode
[    1.077759] nouveau 0000:01:00.0: bios: version 80.28.3d.00.03
[    1.079724] nouveau 0000:01:00.0: fb: 1024 MiB GDDR5
[    1.160192] usb 2-5: new SuperSpeed USB device number 2 using xhci_hcd
[    1.181176] usb 2-5: New USB device found, idVendor=0781, idProduct=5591
[    1.181177] usb 2-5: New USB device strings: Mfr=1, Product=2, SerialNumber=3
[    1.181177] usb 2-5: Product: Ultra USB 3.0
[    1.181178] usb 2-5: Manufacturer: SanDisk
[    1.181179] usb 2-5: SerialNumber: 4C531001420324102335
[    1.183353] usb-storage 2-5:1.0: USB Mass Storage device detected
[    1.183506] scsi host6: usb-storage 2-5:1.0
[    1.183550] usbcore: registered new interface driver usb-storage
[    1.184330] usbcore: registered new interface driver uas
[    1.286780] ata4: SATA link down (SStatus 4 SControl 300)
[    1.287190] ata5: SATA link down (SStatus 4 SControl 300)
[    1.287396] ata6: SATA link down (SStatus 4 SControl 300)
[    1.287469] ata2: SATA link down (SStatus 4 SControl 300)
[    1.287572] ata1: SATA link up 6.0 Gbps (SStatus 133 SControl 300)
[    1.287608] ata3: SATA link down (SStatus 4 SControl 300)
[    1.288708] ata1.00: ACPI cmd ef/10:06:00:00:00:00 (SET FEATURES) succeeded
[    1.288710] ata1.00: ACPI cmd f5/00:00:00:00:00:00 (SECURITY FREEZE LOCK) filtered out
[    1.288711] ata1.00: ACPI cmd b1/c1:00:00:00:00:00 (DEVICE CONFIGURATION OVERLAY) filtered out
[    1.289308] ata1.00: ATA-9: ST1000DM003-1CH162, CC49, max UDMA/133
[    1.289309] ata1.00: 1953525168 sectors, multi 16: LBA48 NCQ (depth 31/32), AA
[    1.290178] ata1.00: ACPI cmd ef/10:06:00:00:00:00 (SET FEATURES) succeeded
[    1.290180] ata1.00: ACPI cmd f5/00:00:00:00:00:00 (SECURITY FREEZE LOCK) filtered out
[    1.290181] ata1.00: ACPI cmd b1/c1:00:00:00:00:00 (DEVICE CONFIGURATION OVERLAY) filtered out
[    1.290754] ata1.00: configured for UDMA/133
[    1.290990] scsi 0:0:0:0: Direct-Access     ATA      ST1000DM003-1CH1 CC49 PQ: 0 ANSI: 5
[    1.291312] sd 0:0:0:0: Attached scsi generic sg0 type 0
[    1.291559] sd 0:0:0:0: [sda] 1953525168 512-byte logical blocks: (1.00 TB/932 GiB)
[    1.291560] sd 0:0:0:0: [sda] 4096-byte physical blocks
[    1.291606] sd 0:0:0:0: [sda] Write Protect is off
[    1.291607] sd 0:0:0:0: [sda] Mode Sense: 00 3a 00 00
[    1.291645] sd 0:0:0:0: [sda] Write cache: enabled, read cache: enabled, doesn't support DPO or FUA
[    1.308062] usb 1-7: new full-speed USB device number 2 using xhci_hcd
[    1.313932]  sda: sda1 sda2 sda3 sda4
[    1.315163] sd 0:0:0:0: [sda] Attached SCSI disk
[    1.376064] e1000e 0000:00:1f.6 0000:00:1f.6 (uninitialized): registered PHC clock
[    1.443617] e1000e 0000:00:1f.6 eth0: (PCI Express:2.5GT/s:Width x1) 10:7b:44:7e:c2:82
[    1.443618] e1000e 0000:00:1f.6 eth0: Intel(R) PRO/1000 Network Connection
[    1.443706] e1000e 0000:00:1f.6 eth0: MAC: 12, PHY: 12, PBA No: FFFFFF-0FF
[    1.444200] e1000e 0000:00:1f.6 enp0s31f6: renamed from eth0
[    1.458330] usb 1-7: New USB device found, idVendor=046d, idProduct=c534
[    1.458331] usb 1-7: New USB device strings: Mfr=1, Product=2, SerialNumber=0
[    1.458332] usb 1-7: Product: USB Receiver
[    1.458332] usb 1-7: Manufacturer: Logitech
[    1.460971] hidraw: raw HID events driver (C) Jiri Kosina
[    1.464554] usbcore: registered new interface driver usbhid
[    1.464555] usbhid: USB HID core driver
[    1.465712] input: Logitech USB Receiver as /devices/pci0000:00/0000:00:14.0/usb1/1-7/1-7:1.0/0003:046D:C534.0001/input/input3
[    1.524251] hid-generic 0003:046D:C534.0001: input,hidraw0: USB HID v1.11 Keyboard [Logitech USB Receiver] on usb-0000:00:14.0-7/input0
[    1.524397] input: Logitech USB Receiver as /devices/pci0000:00/0000:00:14.0/usb1/1-7/1-7:1.1/0003:046D:C534.0002/input/input4
[    1.584384] hid-generic 0003:046D:C534.0002: input,hiddev0,hidraw1: USB HID v1.11 Mouse [Logitech USB Receiver] on usb-0000:00:14.0-7/input1
[    1.708049] clocksource: Switched to clocksource tsc
[    2.204635] scsi 6:0:0:0: Direct-Access     SanDisk  Ultra USB 3.0    1.00 PQ: 0 ANSI: 6
[    2.204854] sd 6:0:0:0: Attached scsi generic sg1 type 0
[    2.205246] sd 6:0:0:0: [sdb] 30031250 512-byte logical blocks: (15.4 GB/14.3 GiB)
[    2.206530] sd 6:0:0:0: [sdb] Write Protect is off
[    2.206531] sd 6:0:0:0: [sdb] Mode Sense: 43 00 00 00
[    2.206854] sd 6:0:0:0: [sdb] Write cache: disabled, read cache: enabled, doesn't support DPO or FUA
[    2.210841]  sdb: sdb3 sdb4
[    2.212016] sd 6:0:0:0: [sdb] Attached SCSI removable disk
[    2.384809] [TTM] Zone  kernel: Available graphics memory: 4054680 kiB
[    2.384809] [TTM] Zone   dma32: Available graphics memory: 2097152 kiB
[    2.384810] [TTM] Initializing pool allocator
[    2.384812] [TTM] Initializing DMA pool allocator
[    2.384832] nouveau 0000:01:00.0: DRM: VRAM: 1024 MiB
[    2.384833] nouveau 0000:01:00.0: DRM: GART: 1048576 MiB
[    2.384835] nouveau 0000:01:00.0: DRM: TMDS table version 2.0
[    2.384836] nouveau 0000:01:00.0: DRM: DCB version 4.0
[    2.384837] nouveau 0000:01:00.0: DRM: DCB outp 00: 01000f02 00020030
[    2.384838] nouveau 0000:01:00.0: DRM: DCB outp 01: 02011f62 00020010
[    2.384839] nouveau 0000:01:00.0: DRM: DCB outp 02: 02022f10 00000000
[    2.384840] nouveau 0000:01:00.0: DRM: DCB conn 00: 00001031
[    2.384841] nouveau 0000:01:00.0: DRM: DCB conn 01: 00002161
[    2.384841] nouveau 0000:01:00.0: DRM: DCB conn 02: 00000200
[    2.385469] [drm] Supports vblank timestamp caching Rev 2 (21.10.2013).
[    2.385469] [drm] Driver supports precise vblank timestamp query.
[    2.386022] nouveau 0000:01:00.0: DRM: MM: using COPY for buffer copies
[    2.603868] nouveau 0000:01:00.0: DRM: allocated 1920x1080 fb: 0x60000, bo 00000000450edde6
[    2.612122] fbcon: nouveaufb (fb0) is primary device
[    2.612150] Console: switching to colour frame buffer device 240x67
[    2.612164] nouveau 0000:01:00.0: fb0: nouveaufb frame buffer device
[    2.676047] [drm] Initialized nouveau 1.3.1 20120801 for 0000:01:00.0 on minor 0
[    2.823493] EXT4-fs (sda1): mounted filesystem with ordered data mode. Opts: (null)
[    3.511709] ip_tables: (C) 2000-2006 Netfilter Core Team
[    3.562563] systemd[1]: systemd 237 running in system mode. (+PAM +AUDIT +SELINUX +IMA +APPARMOR +SMACK +SYSVINIT +UTMP +LIBCRYPTSETUP +GCRYPT +GNUTLS +ACL +XZ +LZ4 +SECCOMP +BLKID +ELFUTILS +KMOD -IDN2 +IDN -PCRE2 default-hierarchy=hybrid)
[    3.580124] systemd[1]: Detected architecture x86-64.
[    3.601802] systemd[1]: Set hostname to <DEVTOOLS-qa8>.
[    4.033389] random: crng init done
[    4.444963] systemd[1]: Created slice System Slice.
[    4.445057] systemd[1]: Created slice system-systemd\x2dfsck.slice.
[    4.445115] systemd[1]: Listening on Journal Audit Socket.
[    4.445148] systemd[1]: Listening on udev Control Socket.
[    4.445172] systemd[1]: Started Forward Password Requests to Wall Directory Watch.
[    4.445231] systemd[1]: Created slice User and Session Slice.
[    4.445238] systemd[1]: Reached target Slices.
[    4.847056] lp: driver loaded but no devices found
[    4.866250] ppdev: user-space parallel port driver
[    4.910254] EXT4-fs (sda1): re-mounted. Opts: errors=remount-ro
[    5.425497] systemd-journald[296]: Received request to flush runtime journal from PID 1
[   11.096657] RAPL PMU: API unit is 2^-32 Joules, 5 fixed counters, 655360 ms ovfl timer
[   11.096658] RAPL PMU: hw unit of domain pp0-core 2^-14 Joules
[   11.096659] RAPL PMU: hw unit of domain package 2^-14 Joules
[   11.096659] RAPL PMU: hw unit of domain dram 2^-14 Joules
[   11.096660] RAPL PMU: hw unit of domain pp1-gpu 2^-14 Joules
[   11.096660] RAPL PMU: hw unit of domain psys 2^-14 Joules
[   11.096689] shpchp: Standard Hot Plug PCI Controller Driver version: 0.4
[   11.098076] mei_me 0000:00:16.0: enabling device (0000 -> 0002)
[   11.102383] asus_wmi: ASUS WMI generic driver loaded
[   11.103361] asus_wmi: Initialization: 0x0
[   11.103392] asus_wmi: BIOS WMI version: 0.9
[   11.103527] asus_wmi: SFUN value: 0x0
[   11.104023] input: Eee PC WMI hotkeys as /devices/platform/eeepc-wmi/input/input5
[   11.104584] asus_wmi: Number of fans: 1
[   11.104781] AVX2 version of gcm_enc/dec engaged.
[   11.104782] AES CTR mode by8 optimization enabled
[   11.137263] kvm: disabled by bios
[   11.142031] intel_rapl: Found RAPL domain package
[   11.142032] intel_rapl: Found RAPL domain core
[   11.142033] intel_rapl: Found RAPL domain dram
[   12.303068] snd_hda_intel 0000:01:00.1: Disabling MSI
[   12.303071] snd_hda_intel 0000:01:00.1: Handle vga_switcheroo audio client
[   12.314419] snd_hda_codec_realtek hdaudioC0D0: autoconfig for ALC887-VD: line_outs=4 (0x14/0x15/0x16/0x17/0x0) type:line
[   12.314420] snd_hda_codec_realtek hdaudioC0D0:    speaker_outs=0 (0x0/0x0/0x0/0x0/0x0)
[   12.314421] snd_hda_codec_realtek hdaudioC0D0:    hp_outs=1 (0x1b/0x0/0x0/0x0/0x0)
[   12.314422] snd_hda_codec_realtek hdaudioC0D0:    mono: mono_out=0x0
[   12.314423] snd_hda_codec_realtek hdaudioC0D0:    dig-out=0x11/0x0
[   12.314423] snd_hda_codec_realtek hdaudioC0D0:    inputs:
[   12.314424] snd_hda_codec_realtek hdaudioC0D0:      Front Mic=0x19
[   12.314425] snd_hda_codec_realtek hdaudioC0D0:      Rear Mic=0x18
[   12.314426] snd_hda_codec_realtek hdaudioC0D0:      Line=0x1a
[   12.326676] input: HDA Intel PCH Front Mic as /devices/pci0000:00/0000:00:1f.3/sound/card0/input6
[   12.326709] input: HDA Intel PCH Rear Mic as /devices/pci0000:00/0000:00:1f.3/sound/card0/input7
[   12.326740] input: HDA Intel PCH Line as /devices/pci0000:00/0000:00:1f.3/sound/card0/input8
[   12.326762] input: HDA Intel PCH Line Out Front as /devices/pci0000:00/0000:00:1f.3/sound/card0/input9
[   12.326794] input: HDA Intel PCH Line Out Surround as /devices/pci0000:00/0000:00:1f.3/sound/card0/input10
[   12.326824] input: HDA Intel PCH Line Out CLFE as /devices/pci0000:00/0000:00:1f.3/sound/card0/input11
[   12.326856] input: HDA Intel PCH Line Out Side as /devices/pci0000:00/0000:00:1f.3/sound/card0/input12
[   12.326885] input: HDA Intel PCH Front Headphone as /devices/pci0000:00/0000:00:1f.3/sound/card0/input13
[   14.164726] input: HDA NVidia HDMI/DP,pcm=3 as /devices/pci0000:00/0000:00:01.0/0000:01:00.1/sound/card1/input14
[   14.164758] input: HDA NVidia HDMI/DP,pcm=7 as /devices/pci0000:00/0000:00:01.0/0000:01:00.1/sound/card1/input15
[   14.230676] audit: type=1400 audit(1538107013.886:2): apparmor="STATUS" operation="profile_load" profile="unconfined" name="/usr/bin/man" pid=869 comm="apparmor_parser"
[   14.230678] audit: type=1400 audit(1538107013.886:3): apparmor="STATUS" operation="profile_load" profile="unconfined" name="man_filter" pid=869 comm="apparmor_parser"
[   14.230679] audit: type=1400 audit(1538107013.886:4): apparmor="STATUS" operation="profile_load" profile="unconfined" name="man_groff" pid=869 comm="apparmor_parser"
[   14.231394] audit: type=1400 audit(1538107013.886:5): apparmor="STATUS" operation="profile_load" profile="unconfined" name="libreoffice-oopslash" pid=870 comm="apparmor_parser"
[   14.231396] audit: type=1400 audit(1538107013.886:6): apparmor="STATUS" operation="profile_load" profile="unconfined" name="libreoffice-xpdfimport" pid=873 comm="apparmor_parser"
[   14.231592] audit: type=1400 audit(1538107013.886:7): apparmor="STATUS" operation="profile_load" profile="unconfined" name="libreoffice-senddoc" pid=871 comm="apparmor_parser"
[   14.231594] audit: type=1400 audit(1538107013.886:8): apparmor="STATUS" operation="profile_load" profile="unconfined" name="libreoffice-senddoc//sanitized_helper" pid=871 comm="apparmor_parser"
[   14.231669] audit: type=1400 audit(1538107013.886:9): apparmor="STATUS" operation="profile_load" profile="unconfined" name="/sbin/dhclient" pid=865 comm="apparmor_parser"
[   14.231671] audit: type=1400 audit(1538107013.886:10): apparmor="STATUS" operation="profile_load" profile="unconfined" name="/usr/lib/NetworkManager/nm-dhcp-client.action" pid=865 comm="apparmor_parser"
[   14.231672] audit: type=1400 audit(1538107013.886:11): apparmor="STATUS" operation="profile_load" profile="unconfined" name="/usr/lib/NetworkManager/nm-dhcp-helper" pid=865 comm="apparmor_parser"
