[    0.000000] microcode: microcode updated early to revision 0x25, date = 2018-04-02
[    0.000000] random: get_random_bytes called from start_kernel+0x42/0x50d with crng_init=0
[    0.000000] Linux version 4.13.0-37-generic (buildd@lcy01-amd64-012) (gcc version 5.4.0 20160609 (Ubuntu 5.4.0-6ubuntu1~16.04.9)) #42~16.04.1-Ubuntu SMP Wed Mar 7 16:03:28 UTC 2018 (Ubuntu 4.13.0-37.42~16.04.1-generic 4.13.13)
[    0.000000] Command line: BOOT_IMAGE=/vmlinuz-4.13.0-37-generic root=/dev/mapper/ubuntu--vg-root ro quiet splash vt.handoff=7
[    0.000000] KERNEL supported cpus:
[    0.000000]   Intel GenuineIntel
[    0.000000]   AMD AuthenticAMD
[    0.000000]   Centaur CentaurHauls
[    0.000000] x86/fpu: Supporting XSAVE feature 0x001: 'x87 floating point registers'
[    0.000000] x86/fpu: Supporting XSAVE feature 0x002: 'SSE registers'
[    0.000000] x86/fpu: Supporting XSAVE feature 0x004: 'AVX registers'
[    0.000000] x86/fpu: xstate_offset[2]:  576, xstate_sizes[2]:  256
[    0.000000] x86/fpu: Enabled xstate features 0x7, context size is 832 bytes, using 'standard' format.
[    0.000000] e820: BIOS-provided physical RAM map:
[    0.000000] BIOS-e820: [mem 0x0000000000000000 (  0B)-0x000000000009d7ff (629.999023K)] usable
[    0.000000] BIOS-e820: [mem 0x000000000009d800 (630.0K)-0x000000000009ffff (639.999023K)] reserved
[    0.000000] BIOS-e820: [mem 0x00000000000e0000 (896.0K)-0x00000000000fffff (1023.999023K)] reserved
[    0.000000] BIOS-e820: [mem 0x0000000000100000 (1.0M)-0x00000000c9687fff (3.147003G)] usable
[    0.000000] BIOS-e820: [mem 0x00000000c9688000 (3.147003G)-0x00000000c968efff (3.14703G)] ACPI NVS
[    0.000000] BIOS-e820: [mem 0x00000000c968f000 (3.14703G)-0x00000000c9ae2fff (3.151257G)] usable
[    0.000000] BIOS-e820: [mem 0x00000000c9ae3000 (3.151257G)-0x00000000c9f37fff (3.155487G)] reserved
[    0.000000] BIOS-e820: [mem 0x00000000c9f38000 (3.155487G)-0x00000000dc65efff (3.443722G)] usable
[    0.000000] BIOS-e820: [mem 0x00000000dc65f000 (3.443722G)-0x00000000dc867fff (3.445709G)] reserved
[    0.000000] BIOS-e820: [mem 0x00000000dc868000 (3.445709G)-0x00000000dc87efff (3.445797G)] ACPI data
[    0.000000] BIOS-e820: [mem 0x00000000dc87f000 (3.445797G)-0x00000000dcdbafff (3.450909G)] ACPI NVS
[    0.000000] BIOS-e820: [mem 0x00000000dcdbb000 (3.450909G)-0x00000000ddffefff (3.468746G)] reserved
[    0.000000] BIOS-e820: [mem 0x00000000ddfff000 (3.468746G)-0x00000000ddffffff (3.46875G)] usable
[    0.000000] BIOS-e820: [mem 0x00000000f8000000 (3.875G)-0x00000000fbffffff (3.9375G)] reserved
[    0.000000] BIOS-e820: [mem 0x00000000fec00000 (3.980469G)-0x00000000fec00fff (3.980473G)] reserved
[    0.000000] BIOS-e820: [mem 0x00000000fed00000 (3.981445G)-0x00000000fed03fff (3.981461G)] reserved
[    0.000000] BIOS-e820: [mem 0x00000000fed1c000 (3.981552G)-0x00000000fed1ffff (3.981567G)] reserved
[    0.000000] BIOS-e820: [mem 0x00000000fee00000 (3.982422G)-0x00000000fee00fff (3.982426G)] reserved
[    0.000000] BIOS-e820: [mem 0x00000000ff000000 (3.984375G)-0x00000000ffffffff (4.0G)] reserved
[    0.000000] BIOS-e820: [mem 0x0000000100000000 (4.0G)-0x000000021dffffff (8.46875G)] usable
[    0.000000] NX (Execute Disable) protection: active
[    0.000000] random: fast init done
[    0.000000] SMBIOS 2.7 present.
[    0.000000] DMI: ASUS All Series/B85M-E, BIOS 2105 08/08/2014
[    0.000000] tsc: Fast TSC calibration using PIT
[    0.000000] e820: update [mem 0x00000000 (  0B)-0x00000fff (3.999023K)] usable ==> reserved
[    0.000000] e820: remove [mem 0x000a0000 (640.0K)-0x000fffff (1023.999023K)] usable
[    0.000000] e820: last_pfn = 0x21e000 max_arch_pfn = 0x400000000
[    0.000000] MTRR default type: uncachable
[    0.000000] MTRR fixed ranges enabled:
[    0.000000]   00000-9FFFF write-back
[    0.000000]   A0000-BFFFF uncachable
[    0.000000]   C0000-CFFFF write-protect
[    0.000000]   D0000-E7FFF uncachable
[    0.000000]   E8000-FFFFF write-protect
[    0.000000] MTRR variable ranges enabled:
[    0.000000]   0 base 0000000000 mask 7E00000000 write-back
[    0.000000]   1 base 0200000000 mask 7FF0000000 write-back
[    0.000000]   2 base 0210000000 mask 7FF8000000 write-back
[    0.000000]   3 base 0218000000 mask 7FFC000000 write-back
[    0.000000]   4 base 021C000000 mask 7FFE000000 write-back
[    0.000000]   5 base 00E0000000 mask 7FE0000000 uncachable
[    0.000000]   6 disabled
[    0.000000]   7 disabled
[    0.000000]   8 disabled
[    0.000000]   9 disabled
[    0.000000] x86/PAT: Configuration [0-7]: WB  WC  UC- UC  WB  WC  UC- WT  
[    0.000000] total RAM covered: 8160M
[    0.000000] Found optimal setting for mtrr clean up
[    0.000000]  gran_size: 64K 	chunk_size: 64M 	num_reg: 6  	lose cover RAM: 0G
[    0.000000] e820: update [mem 0xe0000000 (3.5G)-0xffffffff (4.0G)] usable ==> reserved
[    0.000000] e820: last_pfn = 0xde000 max_arch_pfn = 0x400000000
[    0.000000] found SMP MP-table at [mem 0x000fd740 (1013.8125K)-0x000fd74f (1013.827148K)] mapped at [ffff9438000fd740]
[    0.000000] Scanning 1 areas for low memory corruption
[    0.000000] Base memory trampoline at [ffff943800097000] 97000 size 24576
[    0.000000] Using GB pages for direct mapping
[    0.000000] BRK [0xc8f2a000 (3.139809G), 0xc8f2afff (3.139812G)] PGTABLE
[    0.000000] BRK [0xc8f2b000 (3.139812G), 0xc8f2bfff (3.139816G)] PGTABLE
[    0.000000] BRK [0xc8f2c000 (3.139816G), 0xc8f2cfff (3.13982G)] PGTABLE
[    0.000000] BRK [0xc8f2d000 (3.13982G), 0xc8f2dfff (3.139824G)] PGTABLE
[    0.000000] BRK [0xc8f2e000 (3.139824G), 0xc8f2efff (3.139828G)] PGTABLE
[    0.000000] BRK [0xc8f2f000 (3.139828G), 0xc8f2ffff (3.139832G)] PGTABLE
[    0.000000] BRK [0xc8f30000 (3.139832G), 0xc8f30fff (3.139835G)] PGTABLE
[    0.000000] BRK [0xc8f31000 (3.139835G), 0xc8f31fff (3.139839G)] PGTABLE
[    0.000000] BRK [0xc8f32000 (3.139839G), 0xc8f32fff (3.139843G)] PGTABLE
[    0.000000] RAMDISK: [mem 0x30db6000 (781.710938M)-0x346d2fff (838.824218M)]
[    0.000000] ACPI: Early table checksum verification disabled
[    0.000000] ACPI: RSDP 0x00000000000F0490 000024 (v02 ALASKA)
[    0.000000] ACPI: XSDT 0x00000000DC86C088 000084 (v01 ALASKA A M I    01072009 AMI  00010013)
[    0.000000] ACPI: FACP 0x00000000DC87A1C0 00010C (v05 ALASKA A M I    01072009 AMI  00010013)
[    0.000000] ACPI: DSDT 0x00000000DC86C1A0 00E020 (v02 ALASKA A M I    00000031 INTL 20091112)
[    0.000000] ACPI: FACS 0x00000000DCDB9080 000040
[    0.000000] ACPI: APIC 0x00000000DC87A2D0 000072 (v03 ALASKA A M I    01072009 AMI  00010013)
[    0.000000] ACPI: FPDT 0x00000000DC87A348 000044 (v01 ALASKA A M I    01072009 AMI  00010013)
[    0.000000] ACPI: LPIT 0x00000000DC87A390 00005C (v01 ALASKA A M I    00000000 AMI. 00000005)
[    0.000000] ACPI: SSDT 0x00000000DC87A3F0 000539 (v01 PmRef  Cpu0Ist  00003000 INTL 20091112)
[    0.000000] ACPI: SSDT 0x00000000DC87A930 000AD8 (v01 PmRef  CpuPm    00003000 INTL 20091112)
[    0.000000] ACPI: MCFG 0x00000000DC87B408 00003C (v01 ALASKA A M I    01072009 MSFT 00000097)
[    0.000000] ACPI: HPET 0x00000000DC87B448 000038 (v01 ALASKA A M I    01072009 AMI. 00000005)
[    0.000000] ACPI: SSDT 0x00000000DC87B480 00036D (v01 SataRe SataTabl 00001000 INTL 20091112)
[    0.000000] ACPI: SSDT 0x00000000DC87B7F0 0034E1 (v01 SaSsdt SaSsdt   00003000 INTL 20091112)
[    0.000000] ACPI: BGRT 0x00000000DC87EDD8 000038 (v00 ALASKA A M I    01072009 AMI  00010013)
[    0.000000] ACPI: ASF! 0x00000000DC87ED30 0000A5 (v32 INTEL   HCG     00000001 TFSM 000F4240)
[    0.000000] ACPI: Local APIC address 0xfee00000
[    0.000000] No NUMA configuration found
[    0.000000] Faking a node at [mem 0x0000000000000000 (  0B)-0x000000021dffffff (8.46875G)]
[    0.000000] NODE_DATA(0) allocated [mem 0x21dfd3000 (8.468578G)-0x21dffdfff (8.468742G)]
[    0.000000] Zone ranges:
[    0.000000]   DMA      [mem 0x0000000000001000 (4.0K)-0x0000000000ffffff (15.999999M)]
[    0.000000]   DMA32    [mem 0x0000000001000000 (16.0M)-0x00000000ffffffff (4.0G)]
[    0.000000]   Normal   [mem 0x0000000100000000 (4.0G)-0x000000021dffffff (8.46875G)]
[    0.000000]   Device   empty
[    0.000000] Movable zone start for each node
[    0.000000] Early memory node ranges
[    0.000000]   node   0: [mem 0x0000000000001000 (4.0K)-0x000000000009cfff (627.999023K)]
[    0.000000]   node   0: [mem 0x0000000000100000 (1.0M)-0x00000000c9687fff (3.147003G)]
[    0.000000]   node   0: [mem 0x00000000c968f000 (3.14703G)-0x00000000c9ae2fff (3.151257G)]
[    0.000000]   node   0: [mem 0x00000000c9f38000 (3.155487G)-0x00000000dc65efff (3.443722G)]
[    0.000000]   node   0: [mem 0x00000000ddfff000 (3.468746G)-0x00000000ddffffff (3.46875G)]
[    0.000000]   node   0: [mem 0x0000000100000000 (4.0G)-0x000000021dffffff (8.46875G)]
[    0.000000] Initmem setup node 0 [mem 0x0000000000001000 (4.0K)-0x000000021dffffff (8.46875G)]
[    0.000000] On node 0 totalpages: 2072992
[    0.000000]   DMA zone: 64 pages used for memmap
[    0.000000]   DMA zone: 21 pages reserved
[    0.000000]   DMA zone: 3996 pages, LIFO batch:0
[    0.000000]   DMA32 zone: 14025 pages used for memmap
[    0.000000]   DMA32 zone: 897540 pages, LIFO batch:31
[    0.000000]   Normal zone: 18304 pages used for memmap
[    0.000000]   Normal zone: 1171456 pages, LIFO batch:31
[    0.000000] ACPI: PM-Timer IO Port: 0x1808
[    0.000000] ACPI: Local APIC address 0xfee00000
[    0.000000] ACPI: LAPIC_NMI (acpi_id[0xff] high edge lint[0x1])
[    0.000000] IOAPIC[0]: apic_id 8, version 32, address 0xfec00000, GSI 0-23
[    0.000000] ACPI: INT_SRC_OVR (bus 0 bus_irq 0 global_irq 2 dfl dfl)
[    0.000000] ACPI: INT_SRC_OVR (bus 0 bus_irq 9 global_irq 9 high level)
[    0.000000] ACPI: IRQ0 used by override.
[    0.000000] ACPI: IRQ9 used by override.
[    0.000000] Using ACPI (MADT) for SMP configuration information
[    0.000000] ACPI: HPET id: 0x8086a701 base: 0xfed00000
[    0.000000] smpboot: Allowing 4 CPUs, 0 hotplug CPUs
[    0.000000] PM: Registered nosave memory: [mem 0x00000000 (  0B)-0x00000fff (3.999023K)]
[    0.000000] PM: Registered nosave memory: [mem 0x0009d000 (628.0K)-0x0009dfff (631.999023K)]
[    0.000000] PM: Registered nosave memory: [mem 0x0009e000 (632.0K)-0x0009ffff (639.999023K)]
[    0.000000] PM: Registered nosave memory: [mem 0x000a0000 (640.0K)-0x000dffff (895.999023K)]
[    0.000000] PM: Registered nosave memory: [mem 0x000e0000 (896.0K)-0x000fffff (1023.999023K)]
[    0.000000] PM: Registered nosave memory: [mem 0xc9688000 (3.147003G)-0xc968efff (3.14703G)]
[    0.000000] PM: Registered nosave memory: [mem 0xc9ae3000 (3.151257G)-0xc9f37fff (3.155487G)]
[    0.000000] PM: Registered nosave memory: [mem 0xdc65f000 (3.443722G)-0xdc867fff (3.445709G)]
[    0.000000] PM: Registered nosave memory: [mem 0xdc868000 (3.445709G)-0xdc87efff (3.445797G)]
[    0.000000] PM: Registered nosave memory: [mem 0xdc87f000 (3.445797G)-0xdcdbafff (3.450909G)]
[    0.000000] PM: Registered nosave memory: [mem 0xdcdbb000 (3.450909G)-0xddffefff (3.468746G)]
[    0.000000] PM: Registered nosave memory: [mem 0xde000000 (3.46875G)-0xf7ffffff (3.875G)]
[    0.000000] PM: Registered nosave memory: [mem 0xf8000000 (3.875G)-0xfbffffff (3.9375G)]
[    0.000000] PM: Registered nosave memory: [mem 0xfc000000 (3.9375G)-0xfebfffff (3.980469G)]
[    0.000000] PM: Registered nosave memory: [mem 0xfec00000 (3.980469G)-0xfec00fff (3.980473G)]
[    0.000000] PM: Registered nosave memory: [mem 0xfec01000 (3.980473G)-0xfecfffff (3.981445G)]
[    0.000000] PM: Registered nosave memory: [mem 0xfed00000 (3.981445G)-0xfed03fff (3.981461G)]
[    0.000000] PM: Registered nosave memory: [mem 0xfed04000 (3.981461G)-0xfed1bfff (3.981552G)]
[    0.000000] PM: Registered nosave memory: [mem 0xfed1c000 (3.981552G)-0xfed1ffff (3.981567G)]
[    0.000000] PM: Registered nosave memory: [mem 0xfed20000 (3.981567G)-0xfedfffff (3.982422G)]
[    0.000000] PM: Registered nosave memory: [mem 0xfee00000 (3.982422G)-0xfee00fff (3.982426G)]
[    0.000000] PM: Registered nosave memory: [mem 0xfee01000 (3.982426G)-0xfeffffff (3.984375G)]
[    0.000000] PM: Registered nosave memory: [mem 0xff000000 (3.984375G)-0xffffffff (4.0G)]
[    0.000000] e820: [mem 0xde000000 (3.46875G)-0xf7ffffff (3.875G)] available for PCI devices
[    0.000000] Booting paravirtualized kernel on bare hardware
[    0.000000] clocksource: refined-jiffies: mask: 0xffffffff max_cycles: 0xffffffff, max_idle_ns: 7645519600211568 ns
[    0.000000] setup_percpu: NR_CPUS:8192 nr_cpumask_bits:4 nr_cpu_ids:4 nr_node_ids:1
[    0.000000] percpu: Embedded 45 pages/cpu @ffff943a1dc00000 s146520 r8192 d29608 u524288
[    0.000000] pcpu-alloc: s146520 r8192 d29608 u524288 alloc=1*2097152
[    0.000000] pcpu-alloc: [0] 0 1 2 3 
[    0.000000] Built 1 zonelists in Node order, mobility grouping on.  Total pages: 2040578
[    0.000000] Policy zone: Normal
[    0.000000] Kernel command line: BOOT_IMAGE=/vmlinuz-4.13.0-37-generic root=/dev/mapper/ubuntu--vg-root ro quiet splash vt.handoff=7
[    0.000000] PID hash table entries: 4096 (order: 3, 32768 bytes)
[    0.000000] Calgary: detecting Calgary via BIOS EBDA area
[    0.000000] Calgary: Unable to locate Rio Grande table in EBDA - bailing!
[    0.000000] Memory: 8009552K/8291968K available (12300K kernel code, 2481K rwdata, 4008K rodata, 2364K init, 2368K bss, 282416K reserved, 0K cma-reserved)
[    0.000000] SLUB: HWalign=64, Order=0-3, MinObjects=0, CPUs=4, Nodes=1
[    0.000000] Kernel/User page tables isolation: enabled
[    0.000000] ftrace: allocating 37832 entries in 148 pages
[    0.000000] Hierarchical RCU implementation.
[    0.000000] 	RCU restricting CPUs from NR_CPUS=8192 to nr_cpu_ids=4.
[    0.000000] 	Tasks RCU enabled.
[    0.000000] RCU: Adjusting geometry for rcu_fanout_leaf=16, nr_cpu_ids=4
[    0.000000] NR_IRQS: 524544, nr_irqs: 456, preallocated irqs: 16
[    0.000000] vt handoff: transparent VT on vt#7
[    0.000000] Console: colour dummy device 80x25
[    0.000000] console [tty0] enabled
[    0.000000] clocksource: hpet: mask: 0xffffffff max_cycles: 0xffffffff, max_idle_ns: 133484882848 ns
[    0.000000] hpet clockevent registered
[    0.000000] tsc: Fast TSC calibration using PIT
[    0.004000] tsc: Detected 3391.996 MHz processor
[    0.004000] Calibrating delay loop (skipped), value calculated using timer frequency.. 6783.99 BogoMIPS (lpj=13567984)
[    0.004000] pid_max: default: 32768 minimum: 301
[    0.004000] ACPI: Core revision 20170531
[    0.011890] ACPI: 5 ACPI AML tables successfully acquired and loaded
[    0.011906] Security Framework initialized
[    0.011907] Yama: becoming mindful.
[    0.011920] AppArmor: AppArmor initialized
[    0.013074] Dentry cache hash table entries: 1048576 (order: 11, 8388608 bytes)
[    0.013662] Inode-cache hash table entries: 524288 (order: 10, 4194304 bytes)
[    0.013689] Mount-cache hash table entries: 16384 (order: 5, 131072 bytes)
[    0.013710] Mountpoint-cache hash table entries: 16384 (order: 5, 131072 bytes)
[    0.013857] CPU: Physical Processor ID: 0
[    0.013857] CPU: Processor Core ID: 0
[    0.013861] ENERGY_PERF_BIAS: Set to 'normal', was 'performance'
[    0.013861] ENERGY_PERF_BIAS: View and update with x86_energy_perf_policy(8)
[    0.013862] FEATURE SPEC_CTRL Present
[    0.013865] mce: CPU supports 7 MCE banks
[    0.013871] CPU0: Thermal monitoring enabled (TM1)
[    0.013879] process: using mwait in idle threads
[    0.013881] Last level iTLB entries: 4KB 1024, 2MB 1024, 4MB 1024
[    0.013881] Last level dTLB entries: 4KB 1024, 2MB 1024, 4MB 1024, 1GB 4
[    0.013883] Spectre V2 mitigation: Mitigation: Full generic retpoline
[    0.013883] Spectre V2 mitigation: Speculation control IBPB supported IBRS supported
[    0.013884] Spectre V2 mitigation: Retpoline compiled kernel.  Defaulting IBRS to disabled
[    0.013968] Freeing SMP alternatives memory: 36K
[    0.016054] smpboot: Max logical packages: 2
[    0.016442] ..TIMER: vector=0x30 apic1=0 pin1=2 apic2=-1 pin2=-1
[    0.057720] TSC deadline timer enabled
[    0.057722] smpboot: CPU0: Intel(R) Core(TM) i3-4130 CPU @ 3.40GHz (family: 0x6, model: 0x3c, stepping: 0x3)
[    0.057767] Performance Events: PEBS fmt2+, Haswell events, 16-deep LBR, full-width counters, Intel PMU driver.
[    0.057798] ... version:                3
[    0.057798] ... bit width:              48
[    0.057798] ... generic registers:      4
[    0.057799] ... value mask:             0000ffffffffffff
[    0.057799] ... max period:             00007fffffffffff
[    0.057800] ... fixed-purpose events:   3
[    0.057800] ... event mask:             000000070000000f
[    0.057825] Hierarchical SRCU implementation.
[    0.058412] NMI watchdog: enabled on all CPUs, permanently consumes one hw-PMU counter.
[    0.058424] smp: Bringing up secondary CPUs ...
[    0.058476] x86: Booting SMP configuration:
[    0.058477] .... node  #0, CPUs:      #1 #2 #3
[    0.060637] smp: Brought up 1 node, 4 CPUs
[    0.060637] smpboot: Total of 4 processors activated (27135.96 BogoMIPS)
[    0.062601] devtmpfs: initialized
[    0.062601] x86/mm: Memory block size: 128MB
[    0.064004] evm: security.selinux
[    0.064005] evm: security.SMACK64
[    0.064005] evm: security.SMACK64EXEC
[    0.064005] evm: security.SMACK64TRANSMUTE
[    0.064006] evm: security.SMACK64MMAP
[    0.064006] evm: security.ima
[    0.064007] evm: security.capability
[    0.064018] PM: Registering ACPI NVS region [mem 0xc9688000 (3.147003G)-0xc968efff (3.14703G)] (28672 bytes)
[    0.064019] PM: Registering ACPI NVS region [mem 0xdc87f000 (3.445797G)-0xdcdbafff (3.450909G)] (5488640 bytes)
[    0.064101] clocksource: jiffies: mask: 0xffffffff max_cycles: 0xffffffff, max_idle_ns: 7645041785100000 ns
[    0.064106] futex hash table entries: 1024 (order: 4, 65536 bytes)
[    0.064144] pinctrl core: initialized pinctrl subsystem
[    0.064211] RTC time:  7:11:26, date: 09/20/18
[    0.064263] NET: Registered protocol family 16
[    0.064377] cpuidle: using governor ladder
[    0.064377] cpuidle: using governor menu
[    0.064377] PCCT header not found.
[    0.064377] ACPI FADT declares the system doesn't support PCIe ASPM, so disable it
[    0.064377] ACPI: bus type PCI registered
[    0.064377] acpiphp: ACPI Hot Plug PCI Controller Driver version: 0.5
[    0.064377] PCI: MMCONFIG for domain 0000 [bus 00-3f] at [mem 0xf8000000 (3.875G)-0xfbffffff (3.9375G)] (base 0xf8000000 (3.875G))
[    0.064377] PCI: MMCONFIG at [mem 0xf8000000 (3.875G)-0xfbffffff (3.9375G)] reserved in E820
[    0.064377] PCI: Using configuration type 1 for base access
[    0.064377] core: PMU erratum BJ122, BV98, HSD29 worked around, HT is on
[    0.064685] HugeTLB registered 1.00 GiB page size, pre-allocated 0 pages
[    0.064685] HugeTLB registered 2.00 MiB page size, pre-allocated 0 pages
[    0.064685] ACPI: Added _OSI(Module Device)
[    0.064685] ACPI: Added _OSI(Processor Device)
[    0.064685] ACPI: Added _OSI(3.0 _SCP Extensions)
[    0.064685] ACPI: Added _OSI(Processor Aggregator Device)
[    0.064685] ACPI: Executed 1 blocks of module-level executable AML code
[    0.065505] ACPI: [Firmware Bug]: BIOS _OSI(Linux) query ignored
[    0.068086] ACPI: Dynamic OEM Table Load:
[    0.068090] ACPI: SSDT 0xFFFF943A13D22400 0003D3 (v01 PmRef  Cpu0Cst  00003001 INTL 20091112)
[    0.068180] ACPI: Dynamic OEM Table Load:
[    0.068182] ACPI: SSDT 0xFFFF943A143FA800 0005AA (v01 PmRef  ApIst    00003000 INTL 20091112)
[    0.068398] ACPI: Dynamic OEM Table Load:
[    0.068398] ACPI: SSDT 0xFFFF943A13D9F200 000119 (v01 PmRef  ApCst    00003000 INTL 20091112)
[    0.068736] ACPI: Interpreter enabled
[    0.068755] ACPI: (supports S0 S3 S4 S5)
[    0.068756] ACPI: Using IOAPIC for interrupt routing
[    0.068775] PCI: Using host bridge windows from ACPI; if necessary, use "pci=nocrs" and report a bug
[    0.069034] ACPI: Enabled 10 GPEs in block 00 to 3F
[    0.074203] ACPI: Power Resource [FN00] (off)
[    0.074253] ACPI: Power Resource [FN01] (off)
[    0.074299] ACPI: Power Resource [FN02] (off)
[    0.074344] ACPI: Power Resource [FN03] (off)
[    0.074389] ACPI: Power Resource [FN04] (off)
[    0.074961] ACPI: PCI Root Bridge [PCI0] (domain 0000 [bus 00-3e])
[    0.074965] acpi PNP0A08:00: _OSC: OS supports [ExtendedConfig ASPM ClockPM Segments MSI]
[    0.075126] acpi PNP0A08:00: _OSC: platform does not support [PCIeHotplug PME]
[    0.075217] acpi PNP0A08:00: _OSC: OS now controls [AER PCIeCapability]
[    0.075218] acpi PNP0A08:00: FADT indicates ASPM is unsupported, using BIOS configuration
[    0.075480] PCI host bridge to bus 0000:00
[    0.075481] pci_bus 0000:00: root bus resource [io  0x0000-0x0cf7 window]
[    0.075482] pci_bus 0000:00: root bus resource [io  0x0d00-0xffff window]
[    0.075483] pci_bus 0000:00: root bus resource [mem 0x000a0000 (640.0K)-0x000bffff (767.999023K) window]
[    0.075484] pci_bus 0000:00: root bus resource [mem 0x000d0000 (832.0K)-0x000d3fff (847.999023K) window]
[    0.075485] pci_bus 0000:00: root bus resource [mem 0x000d4000 (848.0K)-0x000d7fff (863.999023K) window]
[    0.075486] pci_bus 0000:00: root bus resource [mem 0x000d8000 (864.0K)-0x000dbfff (879.999023K) window]
[    0.075487] pci_bus 0000:00: root bus resource [mem 0x000dc000 (880.0K)-0x000dffff (895.999023K) window]
[    0.075488] pci_bus 0000:00: root bus resource [mem 0x000e0000 (896.0K)-0x000e3fff (911.999023K) window]
[    0.075489] pci_bus 0000:00: root bus resource [mem 0x000e4000 (912.0K)-0x000e7fff (927.999023K) window]
[    0.075489] pci_bus 0000:00: root bus resource [mem 0xe0000000 (3.5G)-0xfeafffff (3.979492G) window]
[    0.075491] pci_bus 0000:00: root bus resource [bus 00-3e]
[    0.075496] pci 0000:00:00.0: [8086:0c00] type 00 class 0x060000
[    0.075556] pci 0000:00:01.0: [8086:0c01] type 01 class 0x060400
[    0.075583] pci 0000:00:01.0: PME# supported from D0 D3hot D3cold
[    0.075676] pci 0000:00:14.0: [8086:8c31] type 00 class 0x0c0330
[    0.075693] pci 0000:00:14.0: reg 0x10: [mem 0xf6100000 (3.844727G)-0xf610ffff (3.844788G) 64bit]
[    0.075744] pci 0000:00:14.0: PME# supported from D3hot D3cold
[    0.075790] pci 0000:00:16.0: [8086:8c3a] type 00 class 0x078000
[    0.075808] pci 0000:00:16.0: reg 0x10: [mem 0xf611b000 (3.84483G)-0xf611b00f (3.84483G) 64bit]
[    0.075861] pci 0000:00:16.0: PME# supported from D0 D3hot D3cold
[    0.075913] pci 0000:00:1a.0: [8086:8c2d] type 00 class 0x0c0320
[    0.075931] pci 0000:00:1a.0: reg 0x10: [mem 0xf6118000 (3.844818G)-0xf61183ff (3.844819G)]
[    0.076002] pci 0000:00:1a.0: PME# supported from D0 D3hot D3cold
[    0.076051] pci 0000:00:1b.0: [8086:8c20] type 00 class 0x040300
[    0.076068] pci 0000:00:1b.0: reg 0x10: [mem 0xf6110000 (3.844788G)-0xf6113fff (3.844803G) 64bit]
[    0.076126] pci 0000:00:1b.0: PME# supported from D0 D3hot D3cold
[    0.076176] pci 0000:00:1c.0: [8086:8c10] type 01 class 0x060400
[    0.076233] pci 0000:00:1c.0: PME# supported from D0 D3hot D3cold
[    0.076307] pci 0000:00:1c.2: [8086:8c14] type 01 class 0x060400
[    0.076365] pci 0000:00:1c.2: PME# supported from D0 D3hot D3cold
[    0.076441] pci 0000:00:1d.0: [8086:8c26] type 00 class 0x0c0320
[    0.076460] pci 0000:00:1d.0: reg 0x10: [mem 0xf6117000 (3.844814G)-0xf61173ff (3.844815G)]
[    0.076531] pci 0000:00:1d.0: PME# supported from D0 D3hot D3cold
[    0.076580] pci 0000:00:1f.0: [8086:8c50] type 00 class 0x060100
[    0.076714] pci 0000:00:1f.2: [8086:8c02] type 00 class 0x010601
[    0.076728] pci 0000:00:1f.2: reg 0x10: [io  0xf070-0xf077]
[    0.076733] pci 0000:00:1f.2: reg 0x14: [io  0xf060-0xf063]
[    0.076739] pci 0000:00:1f.2: reg 0x18: [io  0xf050-0xf057]
[    0.076745] pci 0000:00:1f.2: reg 0x1c: [io  0xf040-0xf043]
[    0.076750] pci 0000:00:1f.2: reg 0x20: [io  0xf020-0xf03f]
[    0.076756] pci 0000:00:1f.2: reg 0x24: [mem 0xf6116000 (3.84481G)-0xf61167ff (3.844812G)]
[    0.076785] pci 0000:00:1f.2: PME# supported from D3hot
[    0.076826] pci 0000:00:1f.3: [8086:8c22] type 00 class 0x0c0500
[    0.076841] pci 0000:00:1f.3: reg 0x10: [mem 0xf6115000 (3.844807G)-0xf61150ff (3.844807G) 64bit]
[    0.076858] pci 0000:00:1f.3: reg 0x20: [io  0xf000-0xf01f]
[    0.076939] pci 0000:01:00.0: [10de:0dd8] type 00 class 0x030000
[    0.076952] pci 0000:01:00.0: reg 0x10: [mem 0xf4000000 (3.8125G)-0xf5ffffff (3.84375G)]
[    0.076960] pci 0000:01:00.0: reg 0x14: [mem 0xe0000000 (3.5G)-0xe7ffffff (3.625G) 64bit pref]
[    0.076968] pci 0000:01:00.0: reg 0x1c: [mem 0xe8000000 (3.625G)-0xebffffff (3.6875G) 64bit pref]
[    0.076973] pci 0000:01:00.0: reg 0x24: [io  0xe000-0xe07f]
[    0.076978] pci 0000:01:00.0: reg 0x30: [mem 0xf6000000 (3.84375G)-0xf607ffff (3.844238G) pref]
[    0.077045] pci 0000:01:00.1: [10de:0be9] type 00 class 0x040300
[    0.077056] pci 0000:01:00.1: reg 0x10: [mem 0xf6080000 (3.844238G)-0xf6083fff (3.844254G)]
[    0.092025] pci 0000:00:01.0: PCI bridge to [bus 01]
[    0.092027] pci 0000:00:01.0:   bridge window [io  0xe000-0xefff]
[    0.092029] pci 0000:00:01.0:   bridge window [mem 0xf4000000 (3.8125G)-0xf60fffff (3.844727G)]
[    0.092031] pci 0000:00:01.0:   bridge window [mem 0xe0000000 (3.5G)-0xebffffff (3.6875G) 64bit pref]
[    0.092077] acpiphp: Slot [1] registered
[    0.092081] pci 0000:00:1c.0: PCI bridge to [bus 02]
[    0.092137] pci 0000:03:00.0: [10ec:8168] type 00 class 0x020000
[    0.092163] pci 0000:03:00.0: reg 0x10: [io  0xd000-0xd0ff]
[    0.092189] pci 0000:03:00.0: reg 0x18: [mem 0xec104000 (3.688492G)-0xec104fff (3.688496G) 64bit pref]
[    0.092205] pci 0000:03:00.0: reg 0x20: [mem 0xec100000 (3.688477G)-0xec103fff (3.688492G) 64bit pref]
[    0.092290] pci 0000:03:00.0: supports D1 D2
[    0.092291] pci 0000:03:00.0: PME# supported from D0 D1 D2 D3hot D3cold
[    0.104031] pci 0000:00:1c.2: PCI bridge to [bus 03]
[    0.104033] pci 0000:00:1c.2:   bridge window [io  0xd000-0xdfff]
[    0.104038] pci 0000:00:1c.2:   bridge window [mem 0xec100000 (3.688477G)-0xec1fffff (3.689453G) 64bit pref]
[    0.104572] ACPI: PCI Interrupt Link [LNKA] (IRQs 3 4 5 6 7 10 *11 12 14 15)
[    0.104605] ACPI: PCI Interrupt Link [LNKB] (IRQs 3 4 5 6 7 *10 11 12 14 15)
[    0.104637] ACPI: PCI Interrupt Link [LNKC] (IRQs 3 4 5 *6 7 10 11 12 14 15)
[    0.104669] ACPI: PCI Interrupt Link [LNKD] (IRQs *3 4 5 6 7 10 11 12 14 15)
[    0.104700] ACPI: PCI Interrupt Link [LNKE] (IRQs 3 4 5 6 *7 10 11 12 14 15)
[    0.104731] ACPI: PCI Interrupt Link [LNKF] (IRQs 3 4 5 6 7 10 11 12 14 *15)
[    0.104763] ACPI: PCI Interrupt Link [LNKG] (IRQs 3 4 5 6 7 10 11 12 *14 15)
[    0.104794] ACPI: PCI Interrupt Link [LNKH] (IRQs 3 4 5 6 7 10 *11 12 14 15)
[    0.108001] SCSI subsystem initialized
[    0.108009] libata version 3.00 loaded.
[    0.108017] pci 0000:01:00.0: vgaarb: setting as boot VGA device
[    0.108017] pci 0000:01:00.0: vgaarb: VGA device added: decodes=io+mem,owns=io+mem,locks=none
[    0.108017] pci 0000:01:00.0: vgaarb: bridge control possible
[    0.108017] vgaarb: loaded
[    0.108020] ACPI: bus type USB registered
[    0.108029] usbcore: registered new interface driver usbfs
[    0.108033] usbcore: registered new interface driver hub
[    0.108042] usbcore: registered new device driver usb
[    0.108062] EDAC MC: Ver: 3.0.0
[    0.108062] PCI: Using ACPI for IRQ routing
[    0.109238] PCI: pci_cache_line_size set to 64 bytes
[    0.109275] e820: reserve RAM buffer [mem 0x0009d800 (630.0K)-0x0009ffff (639.999023K)]
[    0.109276] e820: reserve RAM buffer [mem 0xc9688000 (3.147003G)-0xcbffffff (3.1875G)]
[    0.109276] e820: reserve RAM buffer [mem 0xc9ae3000 (3.151257G)-0xcbffffff (3.1875G)]
[    0.109277] e820: reserve RAM buffer [mem 0xdc65f000 (3.443722G)-0xdfffffff (3.5G)]
[    0.109278] e820: reserve RAM buffer [mem 0xde000000 (3.46875G)-0xdfffffff (3.5G)]
[    0.109278] e820: reserve RAM buffer [mem 0x21e000000 (8.46875G)-0x21fffffff (8.5G)]
[    0.109335] NetLabel: Initializing
[    0.109336] NetLabel:  domain hash size = 128
[    0.109336] NetLabel:  protocols = UNLABELED CIPSOv4 CALIPSO
[    0.109345] NetLabel:  unlabeled traffic allowed by default
[    0.109354] hpet0: at MMIO 0xfed00000, IRQs 2, 8, 0, 0, 0, 0, 0, 0
[    0.109354] hpet0: 8 comparators, 64-bit 14.318180 MHz counter
[    0.112001] clocksource: Switched to clocksource hpet
[    0.118606] VFS: Disk quotas dquot_6.6.0
[    0.118622] VFS: Dquot-cache hash table entries: 512 (order 0, 4096 bytes)
[    0.118697] AppArmor: AppArmor Filesystem Enabled
[    0.118733] pnp: PnP ACPI init
[    0.118816] system 00:00: [mem 0xfed40000 (3.981689G)-0xfed44fff (3.981709G)] has been reserved
[    0.118819] system 00:00: Plug and Play ACPI device, IDs PNP0c01 (active)
[    0.118945] system 00:01: [io  0x0680-0x069f] has been reserved
[    0.118946] system 00:01: [io  0xffff] has been reserved
[    0.118947] system 00:01: [io  0xffff] has been reserved
[    0.118948] system 00:01: [io  0xffff] has been reserved
[    0.118949] system 00:01: [io  0x1c00-0x1cfe] has been reserved
[    0.118950] system 00:01: [io  0x1d00-0x1dfe] has been reserved
[    0.118951] system 00:01: [io  0x1e00-0x1efe] has been reserved
[    0.118952] system 00:01: [io  0x1f00-0x1ffe] has been reserved
[    0.118953] system 00:01: [io  0x1800-0x18fe] has been reserved
[    0.118954] system 00:01: [io  0x164e-0x164f] has been reserved
[    0.118956] system 00:01: Plug and Play ACPI device, IDs PNP0c02 (active)
[    0.118971] pnp 00:02: Plug and Play ACPI device, IDs PNP0b00 (active)
[    0.119002] system 00:03: [io  0x1854-0x1857] has been reserved
[    0.119004] system 00:03: Plug and Play ACPI device, IDs INT3f0d PNP0c02 (active)
[    0.119055] system 00:04: [io  0x0290-0x029f] has been reserved
[    0.119057] system 00:04: Plug and Play ACPI device, IDs PNP0c02 (active)
[    0.119230] pnp 00:05: [dma 0 disabled]
[    0.119295] pnp 00:05: Plug and Play ACPI device, IDs PNP0400 (active)
[    0.119328] system 00:06: [io  0x04d0-0x04d1] has been reserved
[    0.119329] system 00:06: Plug and Play ACPI device, IDs PNP0c02 (active)
[    0.119454] pnp 00:07: [dma 0 disabled]
[    0.119482] pnp 00:07: Plug and Play ACPI device, IDs PNP0501 (active)
[    0.119760] system 00:08: [mem 0xfed1c000 (3.981552G)-0xfed1ffff (3.981567G)] has been reserved
[    0.119761] system 00:08: [mem 0xfed10000 (3.981506G)-0xfed17fff (3.981537G)] has been reserved
[    0.119762] system 00:08: [mem 0xfed18000 (3.981537G)-0xfed18fff (3.981541G)] has been reserved
[    0.119763] system 00:08: [mem 0xfed19000 (3.981541G)-0xfed19fff (3.981544G)] has been reserved
[    0.119764] system 00:08: [mem 0xf8000000 (3.875G)-0xfbffffff (3.9375G)] has been reserved
[    0.119766] system 00:08: [mem 0xfed20000 (3.981567G)-0xfed3ffff (3.981689G)] has been reserved
[    0.119767] system 00:08: [mem 0xfed90000 (3.981995G)-0xfed93fff (3.98201G)] has been reserved
[    0.119768] system 00:08: [mem 0xfed45000 (3.981709G)-0xfed8ffff (3.981995G)] has been reserved
[    0.119769] system 00:08: [mem 0xff000000 (3.984375G)-0xffffffff (4.0G)] has been reserved
[    0.119770] system 00:08: [mem 0xfee00000 (3.982422G)-0xfeefffff (3.983398G)] could not be reserved
[    0.119771] system 00:08: [mem 0xf7fdf000 (3.874874G)-0xf7fdffff (3.874878G)] has been reserved
[    0.119772] system 00:08: [mem 0xf7fe0000 (3.874878G)-0xf7feffff (3.874939G)] has been reserved
[    0.119774] system 00:08: Plug and Play ACPI device, IDs PNP0c02 (active)
[    0.119923] pnp: PnP ACPI: found 9 devices
[    0.125533] clocksource: acpi_pm: mask: 0xffffff max_cycles: 0xffffff, max_idle_ns: 2085701024 ns
[    0.125546] pci 0000:00:1c.0: bridge window [io  0x1000-0x0fff] to [bus 02] add_size 1000
[    0.125548] pci 0000:00:1c.0: bridge window [mem 0x00100000 (1.0M)-0x000fffff (1023.999023K) 64bit pref] to [bus 02] add_size 200000 add_align 100000
[    0.125549] pci 0000:00:1c.0: bridge window [mem 0x00100000 (1.0M)-0x000fffff (1023.999023K)] to [bus 02] add_size 200000 add_align 100000
[    0.125560] pci 0000:00:1c.0: BAR 14: assigned [mem 0xec200000 (3.689453G)-0xec3fffff (3.691406G)]
[    0.125564] pci 0000:00:1c.0: BAR 15: assigned [mem 0xec400000 (3.691406G)-0xec5fffff (3.693359G) 64bit pref]
[    0.125566] pci 0000:00:1c.0: BAR 13: assigned [io  0x2000-0x2fff]
[    0.125568] pci 0000:00:01.0: PCI bridge to [bus 01]
[    0.125569] pci 0000:00:01.0:   bridge window [io  0xe000-0xefff]
[    0.125571] pci 0000:00:01.0:   bridge window [mem 0xf4000000 (3.8125G)-0xf60fffff (3.844727G)]
[    0.125573] pci 0000:00:01.0:   bridge window [mem 0xe0000000 (3.5G)-0xebffffff (3.6875G) 64bit pref]
[    0.125575] pci 0000:00:1c.0: PCI bridge to [bus 02]
[    0.125577] pci 0000:00:1c.0:   bridge window [io  0x2000-0x2fff]
[    0.125581] pci 0000:00:1c.0:   bridge window [mem 0xec200000 (3.689453G)-0xec3fffff (3.691406G)]
[    0.125583] pci 0000:00:1c.0:   bridge window [mem 0xec400000 (3.691406G)-0xec5fffff (3.693359G) 64bit pref]
[    0.125587] pci 0000:00:1c.2: PCI bridge to [bus 03]
[    0.125589] pci 0000:00:1c.2:   bridge window [io  0xd000-0xdfff]
[    0.125594] pci 0000:00:1c.2:   bridge window [mem 0xec100000 (3.688477G)-0xec1fffff (3.689453G) 64bit pref]
[    0.125598] pci_bus 0000:00: resource 4 [io  0x0000-0x0cf7 window]
[    0.125599] pci_bus 0000:00: resource 5 [io  0x0d00-0xffff window]
[    0.125600] pci_bus 0000:00: resource 6 [mem 0x000a0000 (640.0K)-0x000bffff (767.999023K) window]
[    0.125601] pci_bus 0000:00: resource 7 [mem 0x000d0000 (832.0K)-0x000d3fff (847.999023K) window]
[    0.125602] pci_bus 0000:00: resource 8 [mem 0x000d4000 (848.0K)-0x000d7fff (863.999023K) window]
[    0.125603] pci_bus 0000:00: resource 9 [mem 0x000d8000 (864.0K)-0x000dbfff (879.999023K) window]
[    0.125604] pci_bus 0000:00: resource 10 [mem 0x000dc000 (880.0K)-0x000dffff (895.999023K) window]
[    0.125605] pci_bus 0000:00: resource 11 [mem 0x000e0000 (896.0K)-0x000e3fff (911.999023K) window]
[    0.125606] pci_bus 0000:00: resource 12 [mem 0x000e4000 (912.0K)-0x000e7fff (927.999023K) window]
[    0.125607] pci_bus 0000:00: resource 13 [mem 0xe0000000 (3.5G)-0xfeafffff (3.979492G) window]
[    0.125608] pci_bus 0000:01: resource 0 [io  0xe000-0xefff]
[    0.125609] pci_bus 0000:01: resource 1 [mem 0xf4000000 (3.8125G)-0xf60fffff (3.844727G)]
[    0.125610] pci_bus 0000:01: resource 2 [mem 0xe0000000 (3.5G)-0xebffffff (3.6875G) 64bit pref]
[    0.125611] pci_bus 0000:02: resource 0 [io  0x2000-0x2fff]
[    0.125612] pci_bus 0000:02: resource 1 [mem 0xec200000 (3.689453G)-0xec3fffff (3.691406G)]
[    0.125613] pci_bus 0000:02: resource 2 [mem 0xec400000 (3.691406G)-0xec5fffff (3.693359G) 64bit pref]
[    0.125614] pci_bus 0000:03: resource 0 [io  0xd000-0xdfff]
[    0.125615] pci_bus 0000:03: resource 2 [mem 0xec100000 (3.688477G)-0xec1fffff (3.689453G) 64bit pref]
[    0.125682] NET: Registered protocol family 2
[    0.125787] TCP established hash table entries: 65536 (order: 7, 524288 bytes)
[    0.125868] TCP bind hash table entries: 65536 (order: 8, 1048576 bytes)
[    0.125983] TCP: Hash tables configured (established 65536 bind 65536)
[    0.126004] UDP hash table entries: 4096 (order: 5, 131072 bytes)
[    0.126024] UDP-Lite hash table entries: 4096 (order: 5, 131072 bytes)
[    0.126061] NET: Registered protocol family 1
[    0.172081] pci 0000:01:00.0: Video device with shadowed ROM at [mem 0x000c0000 (768.0K)-0x000dffff (895.999023K)]
[    0.172089] PCI: CLS 64 bytes, default 64
[    0.172116] Unpacking initramfs...
[    0.741261] Freeing initrd memory: 58484K
[    0.741281] PCI-DMA: Using software bounce buffering for IO (SWIOTLB)
[    0.741283] software IO TLB [mem 0xd865f000 (3.381222G)-0xdc65f000 (3.443722G)] (64MB) mapped at [ffff9438d865f000-ffff9438dc65efff]
[    0.741459] Scanning for low memory corruption every 60 seconds
[    0.741654] audit: initializing netlink subsys (disabled)
[    0.741686] audit: type=2000 audit(1537427486.741:1): state=initialized audit_enabled=0 res=1
[    0.741911] Initialise system trusted keyrings
[    0.741917] Key type blacklist registered
[    0.741939] workingset: timestamp_bits=36 max_order=21 bucket_order=0
[    0.742649] zbud: loaded
[    0.742969] squashfs: version 4.0 (2009/01/31) Phillip Lougher
[    0.743054] fuse init (API version 7.26)
[    0.743961] Key type asymmetric registered
[    0.743962] Asymmetric key parser 'x509' registered
[    0.743980] Block layer SCSI generic (bsg) driver version 0.4 loaded (major 247)
[    0.744014] io scheduler noop registered
[    0.744014] io scheduler deadline registered
[    0.744031] io scheduler cfq registered (default)
[    0.744397] vesafb: mode is 1280x1024x32, linelength=5120, pages=0
[    0.744398] vesafb: scrolling: redraw
[    0.744399] vesafb: Truecolor: size=8:8:8:8, shift=24:16:8:0
[    0.744405] vesafb: framebuffer at 0xe9000000, mapped to 0xffffae7501800000, using 5120k, total 5120k
[    0.744458] Console: switching to colour frame buffer device 160x64
[    0.744471] fb0: VESA VGA frame buffer device
[    0.744478] intel_idle: MWAIT substates: 0x42120
[    0.744479] intel_idle: v0.4.1 model 0x3C
[    0.744567] intel_idle: lapic_timer_reliable_states 0xffffffff
[    0.744638] input: Power Button as /devices/LNXSYSTM:00/LNXSYBUS:00/PNP0C0C:00/input/input0
[    0.744644] ACPI: Power Button [PWRB]
[    0.744665] input: Power Button as /devices/LNXSYSTM:00/LNXPWRBN:00/input/input1
[    0.744682] ACPI: Power Button [PWRF]
[    0.745044] (NULL device *): hwmon_device_register() is deprecated. Please convert the driver to use hwmon_device_register_with_info().
[    0.745125] thermal LNXTHERM:00: registered as thermal_zone0
[    0.745126] ACPI: Thermal Zone [TZ00] (28 C)
[    0.745259] thermal LNXTHERM:01: registered as thermal_zone1
[    0.745260] ACPI: Thermal Zone [TZ01] (30 C)
[    0.745296] GHES: HEST is not enabled!
[    0.745350] Serial: 8250/16550 driver, 32 ports, IRQ sharing enabled
[    0.765795] 00:07: ttyS0 at I/O 0x3f8 (irq = 4, base_baud = 115200) is a 16550A
[    0.766651] Linux agpgart interface v0.103
[    0.767577] loop: module loaded
[    0.767673] libphy: Fixed MDIO Bus: probed
[    0.767674] tun: Universal TUN/TAP device driver, 1.6
[    0.767696] PPP generic driver version 2.4.2
[    0.767721] ehci_hcd: USB 2.0 'Enhanced' Host Controller (EHCI) Driver
[    0.767723] ehci-pci: EHCI PCI platform driver
[    0.767795] ehci-pci 0000:00:1a.0: EHCI Host Controller
[    0.767798] ehci-pci 0000:00:1a.0: new USB bus registered, assigned bus number 1
[    0.767807] ehci-pci 0000:00:1a.0: debug port 2
[    0.771718] ehci-pci 0000:00:1a.0: cache line size of 64 is not supported
[    0.771727] ehci-pci 0000:00:1a.0: irq 20, io mem 0xf6118000 (3.844818G)
[    0.784081] ehci-pci 0000:00:1a.0: USB 2.0 started, EHCI 1.00
[    0.784123] usb usb1: New USB device found, idVendor=1d6b, idProduct=0002
[    0.784124] usb usb1: New USB device strings: Mfr=3, Product=2, SerialNumber=1
[    0.784125] usb usb1: Product: EHCI Host Controller
[    0.784126] usb usb1: Manufacturer: Linux 4.13.0-37-generic ehci_hcd
[    0.784127] usb usb1: SerialNumber: 0000:00:1a.0
[    0.784223] hub 1-0:1.0: USB hub found
[    0.784226] hub 1-0:1.0: 2 ports detected
[    0.784401] ehci-pci 0000:00:1d.0: EHCI Host Controller
[    0.784404] ehci-pci 0000:00:1d.0: new USB bus registered, assigned bus number 2
[    0.784412] ehci-pci 0000:00:1d.0: debug port 2
[    0.788321] ehci-pci 0000:00:1d.0: cache line size of 64 is not supported
[    0.788330] ehci-pci 0000:00:1d.0: irq 23, io mem 0xf6117000 (3.844814G)
[    0.804079] ehci-pci 0000:00:1d.0: USB 2.0 started, EHCI 1.00
[    0.804119] usb usb2: New USB device found, idVendor=1d6b, idProduct=0002
[    0.804120] usb usb2: New USB device strings: Mfr=3, Product=2, SerialNumber=1
[    0.804121] usb usb2: Product: EHCI Host Controller
[    0.804122] usb usb2: Manufacturer: Linux 4.13.0-37-generic ehci_hcd
[    0.804123] usb usb2: SerialNumber: 0000:00:1d.0
[    0.804229] hub 2-0:1.0: USB hub found
[    0.804232] hub 2-0:1.0: 2 ports detected
[    0.804322] ehci-platform: EHCI generic platform driver
[    0.804334] ohci_hcd: USB 1.1 'Open' Host Controller (OHCI) Driver
[    0.804337] ohci-pci: OHCI PCI platform driver
[    0.804344] ohci-platform: OHCI generic platform driver
[    0.804348] uhci_hcd: USB Universal Host Controller Interface driver
[    0.804472] xhci_hcd 0000:00:14.0: xHCI Host Controller
[    0.804475] xhci_hcd 0000:00:14.0: new USB bus registered, assigned bus number 3
[    0.805539] xhci_hcd 0000:00:14.0: hcc params 0x200077c1 hci version 0x100 quirks 0x00009810
[    0.805543] xhci_hcd 0000:00:14.0: cache line size of 64 is not supported
[    0.805598] usb usb3: New USB device found, idVendor=1d6b, idProduct=0002
[    0.805599] usb usb3: New USB device strings: Mfr=3, Product=2, SerialNumber=1
[    0.805600] usb usb3: Product: xHCI Host Controller
[    0.805601] usb usb3: Manufacturer: Linux 4.13.0-37-generic xhci-hcd
[    0.805602] usb usb3: SerialNumber: 0000:00:14.0
[    0.805667] hub 3-0:1.0: USB hub found
[    0.805680] hub 3-0:1.0: 12 ports detected
[    0.806862] xhci_hcd 0000:00:14.0: xHCI Host Controller
[    0.806864] xhci_hcd 0000:00:14.0: new USB bus registered, assigned bus number 4
[    0.806889] usb usb4: New USB device found, idVendor=1d6b, idProduct=0003
[    0.806890] usb usb4: New USB device strings: Mfr=3, Product=2, SerialNumber=1
[    0.806890] usb usb4: Product: xHCI Host Controller
[    0.806891] usb usb4: Manufacturer: Linux 4.13.0-37-generic xhci-hcd
[    0.806892] usb usb4: SerialNumber: 0000:00:14.0
[    0.806953] hub 4-0:1.0: USB hub found
[    0.806963] hub 4-0:1.0: 6 ports detected
[    0.807307] i8042: PNP: No PS/2 controller found.
[    0.807355] mousedev: PS/2 mouse device common for all mice
[    0.807438] rtc_cmos 00:02: RTC can wake from S4
[    0.807538] rtc_cmos 00:02: rtc core: registered rtc_cmos as rtc0
[    0.807559] rtc_cmos 00:02: alarms up to one month, y3k, 242 bytes nvram, hpet irqs
[    0.807562] i2c /dev entries driver
[    0.807594] device-mapper: uevent: version 1.0.3
[    0.807633] device-mapper: ioctl: 4.37.0-ioctl (2017-09-20) initialised: dm-devel@redhat.com
[    0.807637] intel_pstate: Intel P-state driver initializing
[    0.807782] ledtrig-cpu: registered to indicate activity on CPUs
[    0.808062] NET: Registered protocol family 10
[    0.810530] Segment Routing with IPv6
[    0.810543] NET: Registered protocol family 17
[    0.810549] Key type dns_resolver registered
[    0.810705] RAS: Correctable Errors collector initialized.
[    0.810727] microcode: sig=0x306c3, pf=0x2, revision=0x25
[    0.810764] microcode: Microcode Update Driver: v2.2.
[    0.810812] sched_clock: Marking stable (810761832, 0)->(807415729, 3346103)
[    0.810944] registered taskstats version 1
[    0.810949] Loading compiled-in X.509 certificates
[    0.812539] Loaded X.509 cert 'Build time autogenerated kernel key: 039842e4c5826cfde4aee35bb7ba969e0b39b60f'
[    0.812552] zswap: loaded using pool lzo/zbud
[    0.814655] Key type big_key registered
[    0.814658] Key type trusted registered
[    0.815724] Key type encrypted registered
[    0.815726] AppArmor: AppArmor sha1 policy hashing enabled
[    0.815728] ima: No TPM chip found, activating TPM-bypass! (rc=-19)
[    0.815740] evm: HMAC attrs: 0x1
[    0.815990]   Magic number: 2:877:167
[    0.816044] acpi device:30: hash matches
[    0.816053] acpi PNP0000:00: hash matches
[    0.816099] rtc_cmos 00:02: setting system clock to 2018-09-20 07:11:26 UTC (1537427486)
[    0.816149] BIOS EDD facility v0.16 2004-Jun-25, 0 devices found
[    0.816150] EDD information not available.
[    0.816177] PM: Hibernation image not present or could not be loaded.
[    0.817515] Freeing unused kernel memory: 2364K
[    0.817516] Write protecting the kernel read-only data: 18432k
[    0.817818] Freeing unused kernel memory: 2024K
[    0.817963] Freeing unused kernel memory: 88K
[    0.819230] x86/mm: Checked W+X mappings: passed, no W+X pages found.
[    0.819230] x86/mm: Checking user space page tables
[    0.820425] x86/mm: Checked W+X mappings: passed, no W+X pages found.
[    0.871334] r8169 Gigabit Ethernet driver 2.3LK-NAPI loaded
[    0.871341] r8169 0000:03:00.0: can't disable ASPM; OS doesn't have ASPM control
[    0.871466] ahci 0000:00:1f.2: version 3.0
[    0.871631] ahci 0000:00:1f.2: AHCI 0001.0300 32 slots 6 ports 6 Gbps 0x30 impl SATA mode
[    0.871634] ahci 0000:00:1f.2: flags: 64bit ncq pm led clo pio slum part ems apst 
[    0.872129] r8169 0000:03:00.0 eth0: RTL8168f/8111f at 0xffffae7500c71000, 78:24:af:c0:b7:0b, XID 08000800 IRQ 26
[    0.872131] r8169 0000:03:00.0 eth0: jumbo features [frames: 9200 bytes, tx checksumming: ko]
[    0.880841] scsi host0: ahci
[    0.880977] scsi host1: ahci
[    0.881064] scsi host2: ahci
[    0.881140] scsi host3: ahci
[    0.881242] scsi host4: ahci
[    0.881316] scsi host5: ahci
[    0.881354] ata1: DUMMY
[    0.881355] ata2: DUMMY
[    0.881356] ata3: DUMMY
[    0.881357] ata4: DUMMY
[    0.881359] ata5: SATA max UDMA/133 abar m2048@0xf6116000 port 0xf6116300 irq 25
[    0.881361] ata6: SATA max UDMA/133 abar m2048@0xf6116000 port 0xf6116380 irq 25
[    0.885773] r8169 0000:03:00.0 enp3s0: renamed from eth0
[    0.892216] nvidia: loading out-of-tree module taints kernel.
[    0.892221] nvidia: module license 'NVIDIA' taints kernel.
[    0.892222] Disabling lock debugging due to kernel taint
[    0.895365] nvidia: module verification failed: signature and/or required key missing - tainting kernel
[    0.900460] nvidia-nvlink: Nvlink Core is being initialized, major device number 245
[    0.900689] nvidia 0000:01:00.0: vgaarb: changed VGA decodes: olddecodes=io+mem,decodes=none:owns=io+mem
[    0.900743] NVRM: loading NVIDIA UNIX x86_64 Kernel Module  384.130  Wed Mar 21 03:37:26 PDT 2018 (using threaded interrupts)
[    0.901878] nvidia-modeset: Loading NVIDIA Kernel Mode Setting Driver for UNIX platforms  384.130  Wed Mar 21 02:59:49 PDT 2018
[    0.902397] [drm] [nvidia-drm] [GPU ID 0x00000100] Loading driver
[    0.902398] [drm] Initialized nvidia-drm 0.0.0 20160202 for 0000:01:00.0 on minor 0
[    1.112085] usb 1-1: new high-speed USB device number 2 using ehci-pci
[    1.132088] usb 2-1: new high-speed USB device number 2 using ehci-pci
[    1.132090] usb 3-6: new high-speed USB device number 2 using xhci_hcd
[    1.195468] ata6: SATA link up 3.0 Gbps (SStatus 123 SControl 300)
[    1.195483] ata5: SATA link up 3.0 Gbps (SStatus 123 SControl 300)
[    1.195909] ACPI Error: [DSSP] Namespace lookup failure, AE_NOT_FOUND (20170531/psargs-364)
[    1.195917] ACPI Error: Method parse/execution failed \_SB.PCI0.SAT0.SPT4._GTF, AE_NOT_FOUND (20170531/psparse-550)
[    1.195949] ACPI Error: [DSSP] Namespace lookup failure, AE_NOT_FOUND (20170531/psargs-364)
[    1.195952] ACPI Error: Method parse/execution failed \_SB.PCI0.SAT0.SPT5._GTF, AE_NOT_FOUND (20170531/psparse-550)
[    1.196145] ata5.00: ATA-8: ST1000VM002-9ZL162, SC12, max UDMA/133
[    1.196146] ata5.00: 1953525168 sectors, multi 16: LBA48 NCQ (depth 31/32), AA
[    1.196294] ata6.00: ATA-8: ST1000DM010-2EP102, CC43, max UDMA/133
[    1.196295] ata6.00: 1953525168 sectors, multi 16: LBA48 NCQ (depth 31/32), AA
[    1.196535] ACPI Error: [DSSP] Namespace lookup failure, AE_NOT_FOUND (20170531/psargs-364)
[    1.196541] ACPI Error: Method parse/execution failed \_SB.PCI0.SAT0.SPT4._GTF, AE_NOT_FOUND (20170531/psparse-550)
[    1.196760] ata5.00: configured for UDMA/133
[    1.196860] ACPI Error: [DSSP] Namespace lookup failure, AE_NOT_FOUND (20170531/psargs-364)
[    1.196866] ACPI Error: Method parse/execution failed \_SB.PCI0.SAT0.SPT5._GTF, AE_NOT_FOUND (20170531/psparse-550)
[    1.196902] scsi 4:0:0:0: Direct-Access     ATA      ST1000VM002-9ZL1 SC12 PQ: 0 ANSI: 5
[    1.197115] ata6.00: configured for UDMA/133
[    1.228140] sd 4:0:0:0: [sda] 1953525168 512-byte logical blocks: (1.00 TB/932 GiB)
[    1.228141] sd 4:0:0:0: [sda] 4096-byte physical blocks
[    1.228146] sd 4:0:0:0: [sda] Write Protect is off
[    1.228147] sd 4:0:0:0: [sda] Mode Sense: 00 3a 00 00
[    1.228153] sd 4:0:0:0: [sda] Write cache: enabled, read cache: enabled, doesn't support DPO or FUA
[    1.228162] sd 4:0:0:0: Attached scsi generic sg0 type 0
[    1.228283] scsi 5:0:0:0: Direct-Access     ATA      ST1000DM010-2EP1 CC43 PQ: 0 ANSI: 5
[    1.241093]  sda: sda1 sda2 < sda5 >
[    1.241559] sd 4:0:0:0: [sda] Attached SCSI disk
[    1.260479] usb 1-1: New USB device found, idVendor=8087, idProduct=8008
[    1.260481] usb 1-1: New USB device strings: Mfr=0, Product=0, SerialNumber=0
[    1.260676] hub 1-1:1.0: USB hub found
[    1.260780] hub 1-1:1.0: 6 ports detected
[    1.272220] sd 5:0:0:0: [sdb] 1953525168 512-byte logical blocks: (1.00 TB/932 GiB)
[    1.272222] sd 5:0:0:0: [sdb] 4096-byte physical blocks
[    1.272228] sd 5:0:0:0: Attached scsi generic sg1 type 0
[    1.272229] sd 5:0:0:0: [sdb] Write Protect is off
[    1.272231] sd 5:0:0:0: [sdb] Mode Sense: 00 3a 00 00
[    1.272241] sd 5:0:0:0: [sdb] Write cache: enabled, read cache: enabled, doesn't support DPO or FUA
[    1.278238] sd 5:0:0:0: [sdb] Attached SCSI disk
[    1.279394] usb 3-6: New USB device found, idVendor=0bda, idProduct=5401
[    1.279396] usb 3-6: New USB device strings: Mfr=1, Product=2, SerialNumber=0
[    1.279397] usb 3-6: Product: USB3.0 Hub
[    1.279399] usb 3-6: Manufacturer: Realtek
[    1.280066] hub 3-6:1.0: USB hub found
[    1.280413] usb 2-1: New USB device found, idVendor=8087, idProduct=8000
[    1.280415] usb 2-1: New USB device strings: Mfr=0, Product=0, SerialNumber=0
[    1.280561] hub 2-1:1.0: USB hub found
[    1.280662] hub 2-1:1.0: 6 ports detected
[    1.280905] hub 3-6:1.0: 4 ports detected
[    1.400069] usb 3-8: new full-speed USB device number 3 using xhci_hcd
[    1.542532] usb 3-8: New USB device found, idVendor=046d, idProduct=c52b
[    1.542534] usb 3-8: New USB device strings: Mfr=1, Product=2, SerialNumber=0
[    1.542535] usb 3-8: Product: USB Receiver
[    1.542536] usb 3-8: Manufacturer: Logitech
[    1.546103] hidraw: raw HID events driver (C) Jiri Kosina
[    1.550634] usbcore: registered new interface driver usbhid
[    1.550635] usbhid: USB HID core driver
[    1.551996] logitech-djreceiver 0003:046D:C52B.0003: hiddev0,hidraw0: USB HID v1.11 Device [Logitech USB Receiver] on usb-0000:00:14.0-8/input2
[    1.684276] input: Logitech M720 Triathlon as /devices/pci0000:00/0000:00:14.0/usb3/3-8/3-8:1.2/0003:046D:C52B.0003/0003:046D:405E.0004/input/input2
[    1.684415] logitech-hidpp-device 0003:046D:405E.0004: input,hidraw1: USB HID v1.11 Keyboard [Logitech M720 Triathlon] on usb-0000:00:14.0-8:1
[    1.686339] input: Logitech K375s as /devices/pci0000:00/0000:00:14.0/usb3/3-8/3-8:1.2/0003:046D:C52B.0003/0003:046D:4061.0005/input/input3
[    1.686409] logitech-hidpp-device 0003:046D:4061.0005: input,hidraw2: USB HID v1.11 Keyboard [Logitech K375s] on usb-0000:00:14.0-8:2
[    1.756126] tsc: Refined TSC clocksource calibration: 3392.144 MHz
[    1.756132] clocksource: tsc: mask: 0xffffffffffffffff max_cycles: 0x30e5517d4e4, max_idle_ns: 440795261668 ns
[    2.780254] clocksource: Switched to clocksource tsc
[    8.013089] random: crng init done
[   23.558886] EXT4-fs (dm-0): mounted filesystem with ordered data mode. Opts: (null)
[   24.717006] systemd[1]: systemd 229 running in system mode. (+PAM +AUDIT +SELINUX +IMA +APPARMOR +SMACK +SYSVINIT +UTMP +LIBCRYPTSETUP +GCRYPT +GNUTLS +ACL +XZ -LZ4 +SECCOMP +BLKID +ELFUTILS +KMOD -IDN)
[   24.717115] systemd[1]: Detected architecture x86-64.
[   24.728280] systemd[1]: Set hostname to <devtools-vili1>.
[   25.958016] systemd[1]: Listening on udev Kernel Socket.
[   25.958079] systemd[1]: Listening on fsck to fsckd communication Socket.
[   25.958099] systemd[1]: Listening on Syslog Socket.
[   25.958638] systemd[1]: Created slice User and Session Slice.
[   25.958792] systemd[1]: Created slice System Slice.
[   25.958831] systemd[1]: Started Trigger resolvconf update for networkd DNS.
[   25.958837] systemd[1]: Reached target User and Group Name Lookups.
[   27.021427] lp: driver loaded but no devices found
[   27.125847] ppdev: user-space parallel port driver
[   27.144275] parport_pc 00:05: reported by Plug and Play ACPI
[   27.144332] parport0: PC-style at 0x378, irq 5 [PCSPP]
[   27.240184] lp0: using parport0 (interrupt-driven).
[   27.777526] RPC: Registered named UNIX socket transport module.
[   27.777527] RPC: Registered udp transport module.
[   27.777527] RPC: Registered tcp transport module.
[   27.777528] RPC: Registered tcp NFSv4.1 backchannel transport module.
[   28.829625] EXT4-fs (dm-0): re-mounted. Opts: errors=remount-ro
[   29.164386] systemd-journald[312]: Received request to flush runtime journal from PID 1
[   30.262560] ACPI Warning: SystemIO range 0x0000000000001828-0x000000000000182F conflicts with OpRegion 0x0000000000001800-0x000000000000187F (\PMIO) (20170531/utaddress-247)
[   30.262565] ACPI: If an ACPI driver is available for this device, you should use it instead of the native driver
[   30.262567] ACPI Warning: SystemIO range 0x0000000000001C40-0x0000000000001C4F conflicts with OpRegion 0x0000000000001C00-0x0000000000001FFF (\GPR) (20170531/utaddress-247)
[   30.262569] ACPI: If an ACPI driver is available for this device, you should use it instead of the native driver
[   30.262570] ACPI Warning: SystemIO range 0x0000000000001C30-0x0000000000001C3F conflicts with OpRegion 0x0000000000001C00-0x0000000000001C3F (\GPRL) (20170531/utaddress-247)
[   30.262572] ACPI Warning: SystemIO range 0x0000000000001C30-0x0000000000001C3F conflicts with OpRegion 0x0000000000001C00-0x0000000000001FFF (\GPR) (20170531/utaddress-247)
[   30.262574] ACPI: If an ACPI driver is available for this device, you should use it instead of the native driver
[   30.262574] ACPI Warning: SystemIO range 0x0000000000001C00-0x0000000000001C2F conflicts with OpRegion 0x0000000000001C00-0x0000000000001C3F (\GPRL) (20170531/utaddress-247)
[   30.262576] ACPI Warning: SystemIO range 0x0000000000001C00-0x0000000000001C2F conflicts with OpRegion 0x0000000000001C00-0x0000000000001FFF (\GPR) (20170531/utaddress-247)
[   30.262578] ACPI: If an ACPI driver is available for this device, you should use it instead of the native driver
[   30.262579] lpc_ich: Resource conflict(s) found affecting gpio_ich
[   30.674329] shpchp: Standard Hot Plug PCI Controller Driver version: 0.4
[   32.091447] RAPL PMU: API unit is 2^-32 Joules, 4 fixed counters, 655360 ms ovfl timer
[   32.091448] RAPL PMU: hw unit of domain pp0-core 2^-14 Joules
[   32.091448] RAPL PMU: hw unit of domain package 2^-14 Joules
[   32.091449] RAPL PMU: hw unit of domain dram 2^-14 Joules
[   32.091449] RAPL PMU: hw unit of domain pp1-gpu 2^-14 Joules
[   32.972635] AVX2 version of gcm_enc/dec engaged.
[   32.972636] AES CTR mode by8 optimization enabled
[   33.619227] snd_hda_intel 0000:01:00.1: Disabling MSI
[   33.619231] snd_hda_intel 0000:01:00.1: Handle vga_switcheroo audio client
[   34.076109] snd_hda_codec_realtek hdaudioC0D0: autoconfig for ALC887-VD: line_outs=1 (0x14/0x0/0x0/0x0/0x0) type:line
[   34.076111] snd_hda_codec_realtek hdaudioC0D0:    speaker_outs=0 (0x0/0x0/0x0/0x0/0x0)
[   34.076112] snd_hda_codec_realtek hdaudioC0D0:    hp_outs=1 (0x1b/0x0/0x0/0x0/0x0)
[   34.076113] snd_hda_codec_realtek hdaudioC0D0:    mono: mono_out=0x0
[   34.076114] snd_hda_codec_realtek hdaudioC0D0:    inputs:
[   34.076115] snd_hda_codec_realtek hdaudioC0D0:      Front Mic=0x19
[   34.076116] snd_hda_codec_realtek hdaudioC0D0:      Rear Mic=0x18
[   34.076117] snd_hda_codec_realtek hdaudioC0D0:      Line=0x1a
[   34.087310] input: HDA Intel PCH Front Mic as /devices/pci0000:00/0000:00:1b.0/sound/card0/input4
[   34.087346] input: HDA Intel PCH Rear Mic as /devices/pci0000:00/0000:00:1b.0/sound/card0/input5
[   34.087378] input: HDA Intel PCH Line as /devices/pci0000:00/0000:00:1b.0/sound/card0/input6
[   34.087408] input: HDA Intel PCH Line Out as /devices/pci0000:00/0000:00:1b.0/sound/card0/input7
[   34.087438] input: HDA Intel PCH Front Headphone as /devices/pci0000:00/0000:00:1b.0/sound/card0/input8
[   34.133775] intel_rapl: Found RAPL domain package
[   34.133777] intel_rapl: Found RAPL domain core
[   34.133778] intel_rapl: Found RAPL domain dram
[   34.606761] nvidia-uvm: Loaded the UVM driver in 8 mode, major device number 242
[   34.960323] input: HDA NVidia HDMI/DP,pcm=3 as /devices/pci0000:00/0000:00:01.0/0000:01:00.1/sound/card1/input9
[   34.960358] input: HDA NVidia HDMI/DP,pcm=7 as /devices/pci0000:00/0000:00:01.0/0000:01:00.1/sound/card1/input10
[   34.960389] input: HDA NVidia HDMI/DP,pcm=8 as /devices/pci0000:00/0000:00:01.0/0000:01:00.1/sound/card1/input11
[   34.960418] input: HDA NVidia HDMI/DP,pcm=9 as /devices/pci0000:00/0000:00:01.0/0000:01:00.1/sound/card1/input12
[   35.232925] asus_wmi: ASUS WMI generic driver loaded
[   35.247589] asus_wmi: Initialization: 0x0
[   35.247609] asus_wmi: BIOS WMI version: 0.9
[   35.247634] asus_wmi: SFUN value: 0x0
[   35.247890] input: Eee PC WMI hotkeys as /devices/platform/eeepc-wmi/input/input13
[   35.247951] asus_wmi: Number of fans: 1
[   35.384912] NVRM: Your system is not currently configured to drive a VGA console
               on the primary VGA device. The NVIDIA Linux graphics driver
               requires the use of a text-mode VGA console. Use of other console
               drivers including, but not limited to, vesafb, may result in
               corruption and stability problems, and is not supported.
[   37.669457] Adding 8290300k swap on /dev/mapper/ubuntu--vg-swap_1.  Priority:-1 extents:1 across:8290300k FS
[   42.052620] EXT4-fs (sda1): mounting ext2 file system using the ext4 subsystem
[   42.092910] EXT4-fs (sda1): mounted filesystem without journal. Opts: (null)
[   45.605670] audit: type=1400 audit(1537427531.289:2): apparmor="STATUS" operation="profile_load" profile="unconfined" name="/usr/lib/lightdm/lightdm-guest-session" pid=1073 comm="apparmor_parser"
[   45.605673] audit: type=1400 audit(1537427531.289:3): apparmor="STATUS" operation="profile_load" profile="unconfined" name="/usr/lib/lightdm/lightdm-guest-session//chromium" pid=1073 comm="apparmor_parser"
[   45.606952] audit: type=1400 audit(1537427531.290:4): apparmor="STATUS" operation="profile_load" profile="unconfined" name="/usr/lib/snapd/snap-confine" pid=1079 comm="apparmor_parser"
[   45.606956] audit: type=1400 audit(1537427531.290:5): apparmor="STATUS" operation="profile_load" profile="unconfined" name="/usr/lib/snapd/snap-confine//mount-namespace-capture-helper" pid=1079 comm="apparmor_parser"
[   45.607926] audit: type=1400 audit(1537427531.291:6): apparmor="STATUS" operation="profile_load" profile="unconfined" name="/usr/sbin/cups-browsed" pid=1080 comm="apparmor_parser"
[   45.626093] audit: type=1400 audit(1537427531.309:7): apparmor="STATUS" operation="profile_load" profile="unconfined" name="webbrowser-app" pid=1077 comm="apparmor_parser"
[   45.626096] audit: type=1400 audit(1537427531.309:8): apparmor="STATUS" operation="profile_load" profile="unconfined" name="webbrowser-app//oxide_helper" pid=1077 comm="apparmor_parser"
[   45.626817] audit: type=1400 audit(1537427531.310:9): apparmor="STATUS" operation="profile_load" profile="unconfined" name="/usr/sbin/ippusbxd" pid=1082 comm="apparmor_parser"
[   45.642804] audit: type=1400 audit(1537427531.326:10): apparmor="STATUS" operation="profile_load" profile="unconfined" name="/usr/bin/evince" pid=1075 comm="apparmor_parser"
[   45.642808] audit: type=1400 audit(1537427531.326:11): apparmor="STATUS" operation="profile_load" profile="unconfined" name="/usr/bin/evince//sanitized_helper" pid=1075 comm="apparmor_parser"
[   48.651092] vboxdrv: Found 4 processor cores
[   48.668292] vboxdrv: TSC mode is Invariant, tentative frequency 3392137366 Hz
[   48.668293] vboxdrv: Successfully loaded version 5.2.2 (interface 0x00290000)
[   49.580127] VBoxNetFlt: Successfully started.
[   49.972768] VBoxNetAdp: Successfully started.
[   50.231539] VBoxPciLinuxInit
[   50.483882] vboxpci: IOMMU not found (not registered)
[   53.113490] IPv6: ADDRCONF(NETDEV_UP): enp3s0: link is not ready
[   53.403004] r8169 0000:03:00.0 enp3s0: link down
[   53.403005] r8169 0000:03:00.0 enp3s0: link down
[   53.403055] IPv6: ADDRCONF(NETDEV_UP): enp3s0: link is not ready
[   54.246865] nvidia-modeset: Allocated GPU:0 (GPU-9380e6ed-14b3-038c-0c9a-91b2675f1d0e) @ PCI:0000:01:00.0
[   55.101028] ip_tables: (C) 2000-2006 Netfilter Core Team
[   56.390440] r8169 0000:03:00.0 enp3s0: link up
[   56.390447] IPv6: ADDRCONF(NETDEV_CHANGE): enp3s0: link becomes ready
[   65.668294] logitech-hidpp-device 0003:046D:4061.0005: HID++ 4.5 device connected.
[   69.450236] logitech-hidpp-device 0003:046D:405E.0004: HID++ 4.5 device connected.
[   69.722448] kauditd_printk_skb: 12 callbacks suppressed
[   69.722449] audit: type=1400 audit(1537427555.406:24): apparmor="STATUS" operation="profile_load" profile="unconfined" name="docker-default" pid=2733 comm="apparmor_parser"
[   85.572424] bridge: filtering via arp/ip/ip6tables is no longer available by default. Update your scripts to load br_netfilter if you need this.
[   85.573474] Bridge firewalling registered
[   85.662628] nf_conntrack version 0.5.0 (65536 buckets, 262144 max)
[   86.287635] Initializing XFRM netlink socket
[   86.292210] Netfilter messages via NETLINK v0.30.
[   86.293656] ctnetlink v0.93: registering with nfnetlink.
[   86.384688] IPv6: ADDRCONF(NETDEV_UP): docker0: link is not ready
[   91.114614] docker0: port 1(veth4ff64fe) entered blocking state
[   91.114617] docker0: port 1(veth4ff64fe) entered disabled state
[   91.114707] device veth4ff64fe entered promiscuous mode
[   91.114823] IPv6: ADDRCONF(NETDEV_UP): veth4ff64fe: link is not ready
[   91.114826] docker0: port 1(veth4ff64fe) entered blocking state
[   91.114827] docker0: port 1(veth4ff64fe) entered forwarding state
[   91.114898] docker0: port 1(veth4ff64fe) entered disabled state
[   97.910229] eth0: renamed from veth80754db
[   97.933757] IPv6: ADDRCONF(NETDEV_CHANGE): veth4ff64fe: link becomes ready
[   97.933794] docker0: port 1(veth4ff64fe) entered blocking state
[   97.933796] docker0: port 1(veth4ff64fe) entered forwarding state
[   97.933825] IPv6: ADDRCONF(NETDEV_CHANGE): docker0: link becomes ready
[  105.672172] FS-Cache: Loaded
[  105.726931] FS-Cache: Netfs 'cifs' registered for caching
[  105.727026] Key type cifs.spnego registered
[  105.727028] Key type cifs.idmap registered
[  105.727258] No dialect specified on mount. Default has changed to a more secure dialect, SMB2.1 or later (e.g. SMB3), from CIFS (SMB1). To use the less secure SMB1 dialect to access old servers which do not support SMB3 (or SMB2.1) specify vers=1.0 on mount.
[  105.800607] CIFS VFS: ioctl error in smb2_get_dfs_refer rc=-2
[  713.583166] docker0: port 2(vethc944d3f) entered blocking state
[  713.583169] docker0: port 2(vethc944d3f) entered disabled state
[  713.584021] device vethc944d3f entered promiscuous mode
[  713.584211] IPv6: ADDRCONF(NETDEV_UP): vethc944d3f: link is not ready
[  714.107674] eth0: renamed from veth5fd9db9
[  714.135463] IPv6: ADDRCONF(NETDEV_CHANGE): vethc944d3f: link becomes ready
[  714.135544] docker0: port 2(vethc944d3f) entered blocking state
[  714.135548] docker0: port 2(vethc944d3f) entered forwarding state
[60499.442792] perf: interrupt took too long (2513 > 2500), lowering kernel.perf_event_max_sample_rate to 79500
[69174.686292] usb 3-6.3: new high-speed USB device number 4 using xhci_hcd
[69174.787853] usb 3-6.3: New USB device found, idVendor=04e8, idProduct=6860
[69174.787859] usb 3-6.3: New USB device strings: Mfr=2, Product=3, SerialNumber=4
[69174.787864] usb 3-6.3: Product: SAMSUNG_Android
[69174.787867] usb 3-6.3: Manufacturer: SAMSUNG
[69174.787871] usb 3-6.3: SerialNumber: 33002054b03122c9
[69174.845709] cdc_acm 3-6.3:1.1: ttyACM0: USB ACM device
[69174.845953] usbcore: registered new interface driver cdc_acm
[69174.845954] cdc_acm: USB Abstract Control Model driver for USB modems and ISDN adapters
[70314.819638] usb 3-6.3: USB disconnect, device number 4
[92159.003448] perf: interrupt took too long (3182 > 3141), lowering kernel.perf_event_max_sample_rate to 62750
[123325.768190] perf: interrupt took too long (3997 > 3977), lowering kernel.perf_event_max_sample_rate to 50000
[196560.701601] perf: interrupt took too long (5015 > 4996), lowering kernel.perf_event_max_sample_rate to 39750
[202880.288904] ptrace attach of "-bash"[25208] was attempted by "cat syscall"[25680]
[373362.848014] perf: interrupt took too long (6271 > 6268), lowering kernel.perf_event_max_sample_rate to 31750
[433862.808439] No dialect specified on mount. Default has changed to a more secure dialect, SMB2.1 or later (e.g. SMB3), from CIFS (SMB1). To use the less secure SMB1 dialect to access old servers which do not support SMB3 (or SMB2.1) specify vers=1.0 on mount.
[433862.850228] CIFS VFS: ioctl error in smb2_get_dfs_refer rc=-2
[433934.927600] No dialect specified on mount. Default has changed to a more secure dialect, SMB2.1 or later (e.g. SMB3), from CIFS (SMB1). To use the less secure SMB1 dialect to access old servers which do not support SMB3 (or SMB2.1) specify vers=1.0 on mount.
[433934.957523] CIFS VFS: ioctl error in smb2_get_dfs_refer rc=-2
[435020.770542] usb 3-6.1: new high-speed USB device number 5 using xhci_hcd
[435020.871595] usb 3-6.1: New USB device found, idVendor=0781, idProduct=5591
[435020.871601] usb 3-6.1: New USB device strings: Mfr=1, Product=2, SerialNumber=3
[435020.871605] usb 3-6.1: Product: Ultra USB 3.0
[435020.871609] usb 3-6.1: Manufacturer: SanDisk
[435020.871613] usb 3-6.1: SerialNumber: 4C530001140324105150
[435021.343187] usb-storage 3-6.1:1.0: USB Mass Storage device detected
[435021.343588] scsi host6: usb-storage 3-6.1:1.0
[435021.343885] usbcore: registered new interface driver usb-storage
[435021.468770] usbcore: registered new interface driver uas
[435022.359785] scsi 6:0:0:0: Direct-Access     SanDisk  Ultra USB 3.0    1.00 PQ: 0 ANSI: 6
[435022.360645] sd 6:0:0:0: Attached scsi generic sg2 type 0
[435022.361031] sd 6:0:0:0: [sdc] 30031250 512-byte logical blocks: (15.4 GB/14.3 GiB)
[435022.362437] sd 6:0:0:0: [sdc] Write Protect is off
[435022.362443] sd 6:0:0:0: [sdc] Mode Sense: 43 00 00 00
[435022.362822] sd 6:0:0:0: [sdc] Write cache: disabled, read cache: enabled, doesn't support DPO or FUA
[435022.371389]  sdc: sdc1
[435022.372695] sd 6:0:0:0: [sdc] Attached SCSI removable disk
[435023.220164] FAT-fs (sdc1): Volume was not properly unmounted. Some data may be corrupt. Please run fsck.
[435074.268459] usb 3-6.1: USB disconnect, device number 5
[435087.494335] usb 3-6.1: new high-speed USB device number 6 using xhci_hcd
[435087.595297] usb 3-6.1: New USB device found, idVendor=0781, idProduct=5591
[435087.595303] usb 3-6.1: New USB device strings: Mfr=1, Product=2, SerialNumber=3
[435087.595307] usb 3-6.1: Product: Ultra USB 3.0
[435087.595311] usb 3-6.1: Manufacturer: SanDisk
[435087.595315] usb 3-6.1: SerialNumber: 4C531001420324102335
[435087.596001] usb-storage 3-6.1:1.0: USB Mass Storage device detected
[435087.596282] scsi host6: usb-storage 3-6.1:1.0
[435088.603298] scsi 6:0:0:0: Direct-Access     SanDisk  Ultra USB 3.0    1.00 PQ: 0 ANSI: 6
[435088.604071] sd 6:0:0:0: Attached scsi generic sg2 type 0
[435088.604186] sd 6:0:0:0: [sdc] 30031250 512-byte logical blocks: (15.4 GB/14.3 GiB)
[435088.605508] sd 6:0:0:0: [sdc] Write Protect is off
[435088.605513] sd 6:0:0:0: [sdc] Mode Sense: 43 00 00 00
[435088.605846] sd 6:0:0:0: [sdc] Write cache: disabled, read cache: enabled, doesn't support DPO or FUA
[435088.614379]  sdc: sdc1
[435088.615679] sd 6:0:0:0: [sdc] Attached SCSI removable disk
[435088.837733] FAT-fs (sdc1): Volume was not properly unmounted. Some data may be corrupt. Please run fsck.
[435103.452537] usb 3-6.1: USB disconnect, device number 6
[435849.387111] usb 3-6.1: new high-speed USB device number 7 using xhci_hcd
[435849.488054] usb 3-6.1: New USB device found, idVendor=0781, idProduct=5591
[435849.488060] usb 3-6.1: New USB device strings: Mfr=1, Product=2, SerialNumber=3
[435849.488063] usb 3-6.1: Product: Ultra USB 3.0
[435849.488067] usb 3-6.1: Manufacturer: SanDisk
[435849.488069] usb 3-6.1: SerialNumber: 4C531001541228111044
[435849.488685] usb-storage 3-6.1:1.0: USB Mass Storage device detected
[435849.488923] scsi host6: usb-storage 3-6.1:1.0
[435850.500192] scsi 6:0:0:0: Direct-Access     SanDisk  Ultra USB 3.0    1.00 PQ: 0 ANSI: 6
[435850.500478] sd 6:0:0:0: Attached scsi generic sg2 type 0
[435850.502975] sd 6:0:0:0: [sdc] 60062500 512-byte logical blocks: (30.8 GB/28.6 GiB)
[435850.503635] sd 6:0:0:0: [sdc] Write Protect is off
[435850.503638] sd 6:0:0:0: [sdc] Mode Sense: 43 00 00 00
[435850.503932] sd 6:0:0:0: [sdc] Write cache: disabled, read cache: enabled, doesn't support DPO or FUA
[435850.512408]  sdc: sdc1
[435850.513608] sd 6:0:0:0: [sdc] Attached SCSI removable disk
[435850.713920] FAT-fs (sdc1): Volume was not properly unmounted. Some data may be corrupt. Please run fsck.
[435905.846892] usb 3-6.1: USB disconnect, device number 7
[435908.410169] usb 3-6.1: new high-speed USB device number 8 using xhci_hcd
[435908.511204] usb 3-6.1: New USB device found, idVendor=0781, idProduct=5591
[435908.511209] usb 3-6.1: New USB device strings: Mfr=1, Product=2, SerialNumber=3
[435908.511212] usb 3-6.1: Product: Ultra USB 3.0
[435908.511214] usb 3-6.1: Manufacturer: SanDisk
[435908.511217] usb 3-6.1: SerialNumber: 4C531001541228111044
[435908.511780] usb-storage 3-6.1:1.0: USB Mass Storage device detected
[435908.511945] scsi host6: usb-storage 3-6.1:1.0
[435909.543462] scsi 6:0:0:0: Direct-Access     SanDisk  Ultra USB 3.0    1.00 PQ: 0 ANSI: 6
[435909.543890] sd 6:0:0:0: Attached scsi generic sg2 type 0
[435909.544111] sd 6:0:0:0: [sdc] 60062500 512-byte logical blocks: (30.8 GB/28.6 GiB)
[435909.544752] sd 6:0:0:0: [sdc] Write Protect is off
[435909.544754] sd 6:0:0:0: [sdc] Mode Sense: 43 00 00 00
[435909.545041] sd 6:0:0:0: [sdc] Write cache: disabled, read cache: enabled, doesn't support DPO or FUA
[435909.553345]  sdc: sdc1
[435909.554678] sd 6:0:0:0: [sdc] Attached SCSI removable disk
[435927.773271] usb 3-6.1: USB disconnect, device number 8
[435944.132151] usb 3-6.1: new high-speed USB device number 9 using xhci_hcd
[435944.233081] usb 3-6.1: New USB device found, idVendor=0781, idProduct=5591
[435944.233084] usb 3-6.1: New USB device strings: Mfr=1, Product=2, SerialNumber=3
[435944.233087] usb 3-6.1: Product: Ultra USB 3.0
[435944.233089] usb 3-6.1: Manufacturer: SanDisk
[435944.233091] usb 3-6.1: SerialNumber: 4C531001541228111044
[435944.233624] usb-storage 3-6.1:1.0: USB Mass Storage device detected
[435944.233825] scsi host6: usb-storage 3-6.1:1.0
[435945.257702] scsi 6:0:0:0: Direct-Access     SanDisk  Ultra USB 3.0    1.00 PQ: 0 ANSI: 6
[435945.258478] sd 6:0:0:0: Attached scsi generic sg2 type 0
[435945.258583] sd 6:0:0:0: [sdc] 60062500 512-byte logical blocks: (30.8 GB/28.6 GiB)
[435945.259265] sd 6:0:0:0: [sdc] Write Protect is off
[435945.259270] sd 6:0:0:0: [sdc] Mode Sense: 43 00 00 00
[435945.259569] sd 6:0:0:0: [sdc] Write cache: disabled, read cache: enabled, doesn't support DPO or FUA
[435945.269865]  sdc: sdc1
[435945.271096] sd 6:0:0:0: [sdc] Attached SCSI removable disk
[435945.485789] FAT-fs (sdc1): Volume was not properly unmounted. Some data may be corrupt. Please run fsck.
[435966.633258] FAT-fs (sdc1): Invalid FSINFO signature: 0x00000000, 0x00000000 (sector = 1)
[436416.733966] usb 3-6.1: USB disconnect, device number 9
[596830.921154] usb 3-6.3: new high-speed USB device number 10 using xhci_hcd
[596831.023020] usb 3-6.3: New USB device found, idVendor=04e8, idProduct=6860
[596831.023026] usb 3-6.3: New USB device strings: Mfr=2, Product=3, SerialNumber=4
[596831.023030] usb 3-6.3: Product: SAMSUNG_Android
[596831.023034] usb 3-6.3: Manufacturer: SAMSUNG
[596831.023037] usb 3-6.3: SerialNumber: 33002054b03122c9
[596831.026529] cdc_acm 3-6.3:1.1: ttyACM0: USB ACM device
[606956.957160] usb 3-6.3: USB disconnect, device number 10
