[    0.000000] Linux version 4.15.0-20-generic (buildd@lgw01-amd64-039) (gcc version 7.3.0 (Ubuntu 7.3.0-16ubuntu3)) #21-Ubuntu SMP Tue Apr 24 06:16:15 UTC 2018 (Ubuntu 4.15.0-20.21-generic 4.15.17)
[    0.000000] Command line: BOOT_IMAGE=/boot/vmlinuz-4.15.0-20-generic root=/dev/sda1 ro quiet splash vt.handoff=1
[    0.000000] KERNEL supported cpus:
[    0.000000]   Intel GenuineIntel
[    0.000000]   AMD AuthenticAMD
[    0.000000]   Centaur CentaurHauls
[    0.000000] x86/fpu: Supporting XSAVE feature 0x001: 'x87 floating point registers'
[    0.000000] x86/fpu: Supporting XSAVE feature 0x002: 'SSE registers'
[    0.000000] x86/fpu: Supporting XSAVE feature 0x004: 'AVX registers'
[    0.000000] x86/fpu: Supporting XSAVE feature 0x008: 'MPX bounds registers'
[    0.000000] x86/fpu: Supporting XSAVE feature 0x010: 'MPX CSR'
[    0.000000] x86/fpu: xstate_offset[2]:  576, xstate_sizes[2]:  256
[    0.000000] x86/fpu: xstate_offset[3]:  832, xstate_sizes[3]:   64
[    0.000000] x86/fpu: xstate_offset[4]:  896, xstate_sizes[4]:   64
[    0.000000] x86/fpu: Enabled xstate features 0x1f, context size is 960 bytes, using 'compacted' format.
[    0.000000] e820: BIOS-provided physical RAM map:
[    0.000000] BIOS-e820: [mem 0x0000000000000000-0x000000000009c3ff] usable
[    0.000000] BIOS-e820: [mem 0x000000000009c400-0x000000000009ffff] reserved
[    0.000000] BIOS-e820: [mem 0x00000000000e0000-0x00000000000fffff] reserved
[    0.000000] BIOS-e820: [mem 0x0000000000100000-0x00000000c84cbfff] usable
[    0.000000] BIOS-e820: [mem 0x00000000c84cc000-0x00000000c8502fff] ACPI data
[    0.000000] BIOS-e820: [mem 0x00000000c8503000-0x00000000c88b2fff] usable
[    0.000000] BIOS-e820: [mem 0x00000000c88b3000-0x00000000c88b3fff] ACPI NVS
[    0.000000] BIOS-e820: [mem 0x00000000c88b4000-0x00000000c88b4fff] reserved
[    0.000000] BIOS-e820: [mem 0x00000000c88b5000-0x00000000d55cffff] usable
[    0.000000] BIOS-e820: [mem 0x00000000d55d0000-0x00000000d6e80fff] reserved
[    0.000000] BIOS-e820: [mem 0x00000000d6e81000-0x00000000d6e94fff] ACPI data
[    0.000000] BIOS-e820: [mem 0x00000000d6e95000-0x00000000d6f90fff] usable
[    0.000000] BIOS-e820: [mem 0x00000000d6f91000-0x00000000d72b8fff] ACPI NVS
[    0.000000] BIOS-e820: [mem 0x00000000d72b9000-0x00000000d7ba1fff] reserved
[    0.000000] BIOS-e820: [mem 0x00000000d7ba2000-0x00000000d7bfffff] usable
[    0.000000] BIOS-e820: [mem 0x00000000d7c00000-0x00000000d7ffffff] reserved
[    0.000000] BIOS-e820: [mem 0x00000000f8000000-0x00000000fbffffff] reserved
[    0.000000] BIOS-e820: [mem 0x00000000fe000000-0x00000000fe010fff] reserved
[    0.000000] BIOS-e820: [mem 0x00000000fec00000-0x00000000fec00fff] reserved
[    0.000000] BIOS-e820: [mem 0x00000000fed00000-0x00000000fed00fff] reserved
[    0.000000] BIOS-e820: [mem 0x00000000fee00000-0x00000000fee00fff] reserved
[    0.000000] BIOS-e820: [mem 0x00000000ff000000-0x00000000ffffffff] reserved
[    0.000000] BIOS-e820: [mem 0x0000000100000000-0x0000000226ffffff] usable
[    0.000000] NX (Execute Disable) protection: active
[    0.000000] random: fast init done
[    0.000000] SMBIOS 3.0.0 present.
[    0.000000] DMI: System manufacturer System Product Name/PRIME B250M-PLUS, BIOS 0809 07/10/2017
[    0.000000] e820: update [mem 0x00000000-0x00000fff] usable ==> reserved
[    0.000000] e820: remove [mem 0x000a0000-0x000fffff] usable
[    0.000000] e820: last_pfn = 0x227000 max_arch_pfn = 0x400000000
[    0.000000] MTRR default type: write-back
[    0.000000] MTRR fixed ranges enabled:
[    0.000000]   00000-9FFFF write-back
[    0.000000]   A0000-BFFFF uncachable
[    0.000000]   C0000-FFFFF write-protect
[    0.000000] MTRR variable ranges enabled:
[    0.000000]   0 base 00E0000000 mask 7FE0000000 uncachable
[    0.000000]   1 base 00D8000000 mask 7FF8000000 uncachable
[    0.000000]   2 disabled
[    0.000000]   3 disabled
[    0.000000]   4 disabled
[    0.000000]   5 disabled
[    0.000000]   6 disabled
[    0.000000]   7 disabled
[    0.000000]   8 disabled
[    0.000000]   9 disabled
[    0.000000] x86/PAT: Configuration [0-7]: WB  WC  UC- UC  WB  WP  UC- WT  
[    0.000000] e820: last_pfn = 0xd7c00 max_arch_pfn = 0x400000000
[    0.000000] found SMP MP-table at [mem 0x000fcc30-0x000fcc3f] mapped at [        (ptrval)]
[    0.000000] Scanning 1 areas for low memory corruption
[    0.000000] Base memory trampoline at [        (ptrval)] 96000 size 24576
[    0.000000] Using GB pages for direct mapping
[    0.000000] BRK [0x14f73e000, 0x14f73efff] PGTABLE
[    0.000000] BRK [0x14f73f000, 0x14f73ffff] PGTABLE
[    0.000000] BRK [0x14f740000, 0x14f740fff] PGTABLE
[    0.000000] BRK [0x14f741000, 0x14f741fff] PGTABLE
[    0.000000] BRK [0x14f742000, 0x14f742fff] PGTABLE
[    0.000000] BRK [0x14f743000, 0x14f743fff] PGTABLE
[    0.000000] BRK [0x14f744000, 0x14f744fff] PGTABLE
[    0.000000] BRK [0x14f745000, 0x14f745fff] PGTABLE
[    0.000000] BRK [0x14f746000, 0x14f746fff] PGTABLE
[    0.000000] BRK [0x14f747000, 0x14f747fff] PGTABLE
[    0.000000] BRK [0x14f748000, 0x14f748fff] PGTABLE
[    0.000000] RAMDISK: [mem 0x3196f000-0x34caefff]
[    0.000000] ACPI: Early table checksum verification disabled
[    0.000000] ACPI: RSDP 0x00000000000F05B0 000024 (v02 ALASKA)
[    0.000000] ACPI: XSDT 0x00000000C84CC0B0 0000DC (v01 ALASKA A M I    01072009 AMI  00010013)
[    0.000000] ACPI: FACP 0x00000000C84F5F88 000114 (v06 ALASKA A M I    01072009 AMI  00010013)
[    0.000000] ACPI: DSDT 0x00000000C84CC228 029D5A (v02 ALASKA A M I    01072009 INTL 20160422)
[    0.000000] ACPI: FACS 0x00000000D72B8F00 000040
[    0.000000] ACPI: APIC 0x00000000C84F60A0 0000BC (v03 ALASKA A M I    01072009 AMI  00010013)
[    0.000000] ACPI: FPDT 0x00000000C84F6160 000044 (v01 ALASKA A M I    01072009 AMI  00010013)
[    0.000000] ACPI: FIDT 0x00000000C84F61A8 00009C (v01 ALASKA A M I    01072009 AMI  00010013)
[    0.000000] ACPI: WSMT 0x00000000C8501FC0 000028 (v01 ALASKA A M I    01072009 AMI  00010013)
[    0.000000] ACPI: MCFG 0x00000000C84F62A0 00003C (v01 ALASKA A M I    01072009 MSFT 00000097)
[    0.000000] ACPI: SSDT 0x00000000C84F62E0 0003A3 (v01 SataRe SataTabl 00001000 INTL 20160422)
[    0.000000] ACPI: SSDT 0x00000000C84F6688 003063 (v02 SaSsdt SaSsdt   00003000 INTL 20160422)
[    0.000000] ACPI: SSDT 0x00000000C84F96F0 0025A5 (v02 PegSsd PegSsdt  00001000 INTL 20160422)
[    0.000000] ACPI: HPET 0x00000000C84FBC98 000038 (v01 INTEL  KBL      00000001 MSFT 0000005F)
[    0.000000] ACPI: SSDT 0x00000000C84FBCD0 000024 (v02 INTEL  OEM_RTD3 00001000 INTL 20160422)
[    0.000000] ACPI: SSDT 0x00000000C84FBCF8 000DE5 (v02 INTEL  Ther_Rvp 00001000 INTL 20160422)
[    0.000000] ACPI: SSDT 0x00000000C84FCAE0 000B1D (v02 INTEL  xh_rvp08 00000000 INTL 20160422)
[    0.000000] ACPI: UEFI 0x00000000C84FD600 000042 (v01 ALASKA A M I    00000002      01000013)
[    0.000000] ACPI: SSDT 0x00000000C84FD648 000EDE (v02 CpuRef CpuSsdt  00003000 INTL 20160422)
[    0.000000] ACPI: LPIT 0x00000000C84FE528 000094 (v01 INTEL  KBL      00000000 MSFT 0000005F)
[    0.000000] ACPI: SSDT 0x00000000C84FE5C0 000141 (v02 INTEL  HdaDsp   00000000 INTL 20160422)
[    0.000000] ACPI: SSDT 0x00000000C84FE708 00029F (v02 INTEL  sensrhub 00000000 INTL 20160422)
[    0.000000] ACPI: SSDT 0x00000000C84FE9A8 003002 (v02 INTEL  PtidDevc 00001000 INTL 20160422)
[    0.000000] ACPI: SSDT 0x00000000C85019B0 00050D (v02 INTEL  TbtTypeC 00000000 INTL 20160422)
[    0.000000] ACPI: DBGP 0x00000000C8501EC0 000034 (v01 INTEL           00000002 MSFT 0000005F)
[    0.000000] ACPI: DBG2 0x00000000C8501EF8 000054 (v00 INTEL           00000002 MSFT 0000005F)
[    0.000000] ACPI: DMAR 0x00000000C8501F50 000070 (v01 INTEL  KBL      00000001 INTL 00000001)
[    0.000000] ACPI: Local APIC address 0xfee00000
[    0.000000] No NUMA configuration found
[    0.000000] Faking a node at [mem 0x0000000000000000-0x0000000226ffffff]
[    0.000000] NODE_DATA(0) allocated [mem 0x226fd5000-0x226ffffff]
[    0.000000] Zone ranges:
[    0.000000]   DMA      [mem 0x0000000000001000-0x0000000000ffffff]
[    0.000000]   DMA32    [mem 0x0000000001000000-0x00000000ffffffff]
[    0.000000]   Normal   [mem 0x0000000100000000-0x0000000226ffffff]
[    0.000000]   Device   empty
[    0.000000] Movable zone start for each node
[    0.000000] Early memory node ranges
[    0.000000]   node   0: [mem 0x0000000000001000-0x000000000009bfff]
[    0.000000]   node   0: [mem 0x0000000000100000-0x00000000c84cbfff]
[    0.000000]   node   0: [mem 0x00000000c8503000-0x00000000c88b2fff]
[    0.000000]   node   0: [mem 0x00000000c88b5000-0x00000000d55cffff]
[    0.000000]   node   0: [mem 0x00000000d6e95000-0x00000000d6f90fff]
[    0.000000]   node   0: [mem 0x00000000d7ba2000-0x00000000d7bfffff]
[    0.000000]   node   0: [mem 0x0000000100000000-0x0000000226ffffff]
[    0.000000] Initmem setup node 0 [mem 0x0000000000001000-0x0000000226ffffff]
[    0.000000] On node 0 totalpages: 2082444
[    0.000000]   DMA zone: 64 pages used for memmap
[    0.000000]   DMA zone: 21 pages reserved
[    0.000000]   DMA zone: 3995 pages, LIFO batch:0
[    0.000000]   DMA32 zone: 13596 pages used for memmap
[    0.000000]   DMA32 zone: 870129 pages, LIFO batch:31
[    0.000000]   Normal zone: 18880 pages used for memmap
[    0.000000]   Normal zone: 1208320 pages, LIFO batch:31
[    0.000000] Reserved but unavailable: 101 pages
[    0.000000] ACPI: PM-Timer IO Port: 0x1808
[    0.000000] ACPI: Local APIC address 0xfee00000
[    0.000000] ACPI: LAPIC_NMI (acpi_id[0x01] high edge lint[0x1])
[    0.000000] ACPI: LAPIC_NMI (acpi_id[0x02] high edge lint[0x1])
[    0.000000] ACPI: LAPIC_NMI (acpi_id[0x03] high edge lint[0x1])
[    0.000000] ACPI: LAPIC_NMI (acpi_id[0x04] high edge lint[0x1])
[    0.000000] ACPI: LAPIC_NMI (acpi_id[0x05] high edge lint[0x1])
[    0.000000] ACPI: LAPIC_NMI (acpi_id[0x06] high edge lint[0x1])
[    0.000000] ACPI: LAPIC_NMI (acpi_id[0x07] high edge lint[0x1])
[    0.000000] ACPI: LAPIC_NMI (acpi_id[0x08] high edge lint[0x1])
[    0.000000] IOAPIC[0]: apic_id 2, version 32, address 0xfec00000, GSI 0-119
[    0.000000] ACPI: INT_SRC_OVR (bus 0 bus_irq 0 global_irq 2 dfl dfl)
[    0.000000] ACPI: INT_SRC_OVR (bus 0 bus_irq 9 global_irq 9 high level)
[    0.000000] ACPI: IRQ0 used by override.
[    0.000000] ACPI: IRQ9 used by override.
[    0.000000] Using ACPI (MADT) for SMP configuration information
[    0.000000] ACPI: HPET id: 0x8086a201 base: 0xfed00000
[    0.000000] smpboot: Allowing 8 CPUs, 0 hotplug CPUs
[    0.000000] PM: Registered nosave memory: [mem 0x00000000-0x00000fff]
[    0.000000] PM: Registered nosave memory: [mem 0x0009c000-0x0009cfff]
[    0.000000] PM: Registered nosave memory: [mem 0x0009d000-0x0009ffff]
[    0.000000] PM: Registered nosave memory: [mem 0x000a0000-0x000dffff]
[    0.000000] PM: Registered nosave memory: [mem 0x000e0000-0x000fffff]
[    0.000000] PM: Registered nosave memory: [mem 0xc84cc000-0xc8502fff]
[    0.000000] PM: Registered nosave memory: [mem 0xc88b3000-0xc88b3fff]
[    0.000000] PM: Registered nosave memory: [mem 0xc88b4000-0xc88b4fff]
[    0.000000] PM: Registered nosave memory: [mem 0xd55d0000-0xd6e80fff]
[    0.000000] PM: Registered nosave memory: [mem 0xd6e81000-0xd6e94fff]
[    0.000000] PM: Registered nosave memory: [mem 0xd6f91000-0xd72b8fff]
[    0.000000] PM: Registered nosave memory: [mem 0xd72b9000-0xd7ba1fff]
[    0.000000] PM: Registered nosave memory: [mem 0xd7c00000-0xd7ffffff]
[    0.000000] PM: Registered nosave memory: [mem 0xd8000000-0xf7ffffff]
[    0.000000] PM: Registered nosave memory: [mem 0xf8000000-0xfbffffff]
[    0.000000] PM: Registered nosave memory: [mem 0xfc000000-0xfdffffff]
[    0.000000] PM: Registered nosave memory: [mem 0xfe000000-0xfe010fff]
[    0.000000] PM: Registered nosave memory: [mem 0xfe011000-0xfebfffff]
[    0.000000] PM: Registered nosave memory: [mem 0xfec00000-0xfec00fff]
[    0.000000] PM: Registered nosave memory: [mem 0xfec01000-0xfecfffff]
[    0.000000] PM: Registered nosave memory: [mem 0xfed00000-0xfed00fff]
[    0.000000] PM: Registered nosave memory: [mem 0xfed01000-0xfedfffff]
[    0.000000] PM: Registered nosave memory: [mem 0xfee00000-0xfee00fff]
[    0.000000] PM: Registered nosave memory: [mem 0xfee01000-0xfeffffff]
[    0.000000] PM: Registered nosave memory: [mem 0xff000000-0xffffffff]
[    0.000000] e820: [mem 0xd8000000-0xf7ffffff] available for PCI devices
[    0.000000] Booting paravirtualized kernel on bare hardware
[    0.000000] clocksource: refined-jiffies: mask: 0xffffffff max_cycles: 0xffffffff, max_idle_ns: 7645519600211568 ns
[    0.000000] setup_percpu: NR_CPUS:8192 nr_cpumask_bits:8 nr_cpu_ids:8 nr_node_ids:1
[    0.000000] percpu: Embedded 46 pages/cpu @        (ptrval) s151552 r8192 d28672 u262144
[    0.000000] pcpu-alloc: s151552 r8192 d28672 u262144 alloc=1*2097152
[    0.000000] pcpu-alloc: [0] 0 1 2 3 4 5 6 7 
[    0.000000] Built 1 zonelists, mobility grouping on.  Total pages: 2049883
[    0.000000] Policy zone: Normal
[    0.000000] Kernel command line: BOOT_IMAGE=/boot/vmlinuz-4.15.0-20-generic root=/dev/sda1 ro quiet splash vt.handoff=1
[    0.000000] Calgary: detecting Calgary via BIOS EBDA area
[    0.000000] Calgary: Unable to locate Rio Grande table in EBDA - bailing!
[    0.000000] Memory: 8050536K/8329776K available (12300K kernel code, 2470K rwdata, 4240K rodata, 2404K init, 2416K bss, 279240K reserved, 0K cma-reserved)
[    0.000000] SLUB: HWalign=64, Order=0-3, MinObjects=0, CPUs=8, Nodes=1
[    0.000000] Kernel/User page tables isolation: enabled
[    0.000000] ftrace: allocating 39065 entries in 153 pages
[    0.000000] Hierarchical RCU implementation.
[    0.000000] 	RCU restricting CPUs from NR_CPUS=8192 to nr_cpu_ids=8.
[    0.000000] 	Tasks RCU enabled.
[    0.000000] RCU: Adjusting geometry for rcu_fanout_leaf=16, nr_cpu_ids=8
[    0.000000] NR_IRQS: 524544, nr_irqs: 2048, preallocated irqs: 16
[    0.000000] vt handoff: transparent VT on vt#1
[    0.000000] Console: colour dummy device 80x25
[    0.000000] console [tty0] enabled
[    0.000000] ACPI: Core revision 20170831
[    0.000000] ACPI: 12 ACPI AML tables successfully acquired and loaded
[    0.000000] clocksource: hpet: mask: 0xffffffff max_cycles: 0xffffffff, max_idle_ns: 79635855245 ns
[    0.000000] hpet clockevent registered
[    0.004000] APIC: Switch to symmetric I/O mode setup
[    0.004000] DMAR: Host address width 39
[    0.004000] DMAR: DRHD base: 0x000000fed90000 flags: 0x1
[    0.004000] DMAR: dmar0: reg_base_addr fed90000 ver 1:0 cap d2008c40660462 ecap f050da
[    0.004000] DMAR: RMRR base: 0x000000d5de8000 end: 0x000000d5e07fff
[    0.004000] DMAR-IR: IOAPIC id 2 under DRHD base  0xfed90000 IOMMU 0
[    0.004000] DMAR-IR: HPET id 0 under DRHD base 0xfed90000
[    0.004000] DMAR-IR: Queued invalidation will be enabled to support x2apic and Intr-remapping.
[    0.004000] DMAR-IR: Enabled IRQ remapping in x2apic mode
[    0.004000] x2apic enabled
[    0.004000] Switched APIC routing to cluster x2apic.
[    0.008000] ..TIMER: vector=0x30 apic1=0 pin1=2 apic2=-1 pin2=-1
[    0.028000] tsc: Detected 3600.000 MHz processor
[    0.028000] Calibrating delay loop (skipped), value calculated using timer frequency.. 7200.00 BogoMIPS (lpj=14400000)
[    0.028000] pid_max: default: 32768 minimum: 301
[    0.028000] Security Framework initialized
[    0.028000] Yama: becoming mindful.
[    0.028000] AppArmor: AppArmor initialized
[    0.028000] Dentry cache hash table entries: 1048576 (order: 11, 8388608 bytes)
[    0.028000] Inode-cache hash table entries: 524288 (order: 10, 4194304 bytes)
[    0.028000] Mount-cache hash table entries: 16384 (order: 5, 131072 bytes)
[    0.028000] Mountpoint-cache hash table entries: 16384 (order: 5, 131072 bytes)
[    0.028000] CPU: Physical Processor ID: 0
[    0.028000] CPU: Processor Core ID: 0
[    0.028000] mce: CPU supports 10 MCE banks
[    0.028000] CPU0: Thermal monitoring enabled (TM1)
[    0.028000] process: using mwait in idle threads
[    0.028000] Last level iTLB entries: 4KB 64, 2MB 8, 4MB 8
[    0.028000] Last level dTLB entries: 4KB 64, 2MB 0, 4MB 0, 1GB 4
[    0.028000] Spectre V2 : Mitigation: Full generic retpoline
[    0.028000] Spectre V2 : Spectre v2 mitigation: Filling RSB on context switch
[    0.028000] Freeing SMP alternatives memory: 36K
[    0.032043] TSC deadline timer enabled
[    0.032048] smpboot: CPU0: Intel(R) Core(TM) i7-7700 CPU @ 3.60GHz (family: 0x6, model: 0x9e, stepping: 0x9)
[    0.032090] Performance Events: PEBS fmt3+, Skylake events, 32-deep LBR, full-width counters, Intel PMU driver.
[    0.032110] ... version:                4
[    0.032110] ... bit width:              48
[    0.032111] ... generic registers:      4
[    0.032111] ... value mask:             0000ffffffffffff
[    0.032112] ... max period:             00007fffffffffff
[    0.032112] ... fixed-purpose events:   3
[    0.032112] ... event mask:             000000070000000f
[    0.032138] Hierarchical SRCU implementation.
[    0.032955] NMI watchdog: Enabled. Permanently consumes one hw-PMU counter.
[    0.032964] smp: Bringing up secondary CPUs ...
[    0.033004] x86: Booting SMP configuration:
[    0.033005] .... node  #0, CPUs:      #1 #2 #3 #4 #5 #6 #7
[    0.036036] smp: Brought up 1 node, 8 CPUs
[    0.036036] smpboot: Max logical packages: 1
[    0.036036] smpboot: Total of 8 processors activated (57600.00 BogoMIPS)
[    0.040241] devtmpfs: initialized
[    0.040241] x86/mm: Memory block size: 128MB
[    0.040439] evm: security.selinux
[    0.040439] evm: security.SMACK64
[    0.040440] evm: security.SMACK64EXEC
[    0.040440] evm: security.SMACK64TRANSMUTE
[    0.040440] evm: security.SMACK64MMAP
[    0.040441] evm: security.apparmor
[    0.040441] evm: security.ima
[    0.040441] evm: security.capability
[    0.040450] PM: Registering ACPI NVS region [mem 0xc88b3000-0xc88b3fff] (4096 bytes)
[    0.040450] PM: Registering ACPI NVS region [mem 0xd6f91000-0xd72b8fff] (3309568 bytes)
[    0.040450] clocksource: jiffies: mask: 0xffffffff max_cycles: 0xffffffff, max_idle_ns: 7645041785100000 ns
[    0.040450] futex hash table entries: 2048 (order: 5, 131072 bytes)
[    0.040450] pinctrl core: initialized pinctrl subsystem
[    0.040450] RTC time:  3:31:14, date: 09/28/18
[    0.040450] NET: Registered protocol family 16
[    0.040450] audit: initializing netlink subsys (disabled)
[    0.040450] audit: type=2000 audit(1538105474.040:1): state=initialized audit_enabled=0 res=1
[    0.040450] cpuidle: using governor ladder
[    0.040450] cpuidle: using governor menu
[    0.040450] ACPI FADT declares the system doesn't support PCIe ASPM, so disable it
[    0.040450] ACPI: bus type PCI registered
[    0.040450] acpiphp: ACPI Hot Plug PCI Controller Driver version: 0.5
[    0.040450] PCI: MMCONFIG for domain 0000 [bus 00-3f] at [mem 0xf8000000-0xfbffffff] (base 0xf8000000)
[    0.040450] PCI: MMCONFIG at [mem 0xf8000000-0xfbffffff] reserved in E820
[    0.040450] PCI: Using configuration type 1 for base access
[    0.040821] HugeTLB registered 1.00 GiB page size, pre-allocated 0 pages
[    0.040821] HugeTLB registered 2.00 MiB page size, pre-allocated 0 pages
[    0.040822] ACPI: Added _OSI(Module Device)
[    0.040822] ACPI: Added _OSI(Processor Device)
[    0.040822] ACPI: Added _OSI(3.0 _SCP Extensions)
[    0.040822] ACPI: Added _OSI(Processor Aggregator Device)
[    0.044009] ACPI: Executed 38 blocks of module-level executable AML code
[    0.056219] ACPI: Dynamic OEM Table Load:
[    0.056224] ACPI: SSDT 0xFFFF8D3B9CE33000 000759 (v02 PmRef  Cpu0Ist  00003000 INTL 20160422)
[    0.056430] ACPI: Executed 1 blocks of module-level executable AML code
[    0.056485] ACPI: \_PR_.CPU0: _OSC native thermal LVT Acked
[    0.060478] ACPI: Dynamic OEM Table Load:
[    0.060482] ACPI: SSDT 0xFFFF8D3B9C9EAC00 0003FF (v02 PmRef  Cpu0Cst  00003001 INTL 20160422)
[    0.060672] ACPI: Executed 1 blocks of module-level executable AML code
[    0.061068] ACPI: Dynamic OEM Table Load:
[    0.061072] ACPI: SSDT 0xFFFF8D3B9CE90000 00065C (v02 PmRef  ApIst    00003000 INTL 20160422)
[    0.061498] ACPI: Executed 1 blocks of module-level executable AML code
[    0.061666] ACPI: Dynamic OEM Table Load:
[    0.061669] ACPI: SSDT 0xFFFF8D3B9C9A7400 00018A (v02 PmRef  ApCst    00003000 INTL 20160422)
[    0.061860] ACPI: Executed 1 blocks of module-level executable AML code
[    0.065282] ACPI: Interpreter enabled
[    0.065313] ACPI: (supports S0 S3 S4 S5)
[    0.065314] ACPI: Using IOAPIC for interrupt routing
[    0.065342] PCI: Using host bridge windows from ACPI; if necessary, use "pci=nocrs" and report a bug
[    0.066228] ACPI: Enabled 6 GPEs in block 00 to 7F
[    0.068720] ACPI: Power Resource [PG00] (on)
[    0.069027] ACPI: Power Resource [PG01] (on)
[    0.069333] ACPI: Power Resource [PG02] (on)
[    0.071865] ACPI: Power Resource [WRST] (on)
[    0.072224] ACPI: Power Resource [WRST] (on)
[    0.072582] ACPI: Power Resource [WRST] (on)
[    0.072943] ACPI: Power Resource [WRST] (on)
[    0.073303] ACPI: Power Resource [WRST] (on)
[    0.073661] ACPI: Power Resource [WRST] (on)
[    0.074016] ACPI: Power Resource [WRST] (on)
[    0.074371] ACPI: Power Resource [WRST] (on)
[    0.074724] ACPI: Power Resource [WRST] (on)
[    0.075084] ACPI: Power Resource [WRST] (on)
[    0.075440] ACPI: Power Resource [WRST] (on)
[    0.075794] ACPI: Power Resource [WRST] (on)
[    0.076150] ACPI: Power Resource [WRST] (on)
[    0.076505] ACPI: Power Resource [WRST] (on)
[    0.076864] ACPI: Power Resource [WRST] (on)
[    0.077227] ACPI: Power Resource [WRST] (on)
[    0.077587] ACPI: Power Resource [WRST] (on)
[    0.079003] ACPI: Power Resource [WRST] (on)
[    0.079358] ACPI: Power Resource [WRST] (on)
[    0.079713] ACPI: Power Resource [WRST] (on)
[    0.093468] ACPI: Power Resource [FN00] (off)
[    0.093547] ACPI: Power Resource [FN01] (off)
[    0.093624] ACPI: Power Resource [FN02] (off)
[    0.093698] ACPI: Power Resource [FN03] (off)
[    0.093773] ACPI: Power Resource [FN04] (off)
[    0.095214] ACPI: PCI Root Bridge [PCI0] (domain 0000 [bus 00-3e])
[    0.095218] acpi PNP0A08:00: _OSC: OS supports [ExtendedConfig ASPM ClockPM Segments MSI]
[    0.095401] acpi PNP0A08:00: _OSC: platform does not support [PCIeHotplug PME]
[    0.095574] acpi PNP0A08:00: _OSC: OS now controls [AER PCIeCapability]
[    0.095575] acpi PNP0A08:00: FADT indicates ASPM is unsupported, using BIOS configuration
[    0.096536] PCI host bridge to bus 0000:00
[    0.096537] pci_bus 0000:00: root bus resource [io  0x0000-0x0cf7 window]
[    0.096538] pci_bus 0000:00: root bus resource [io  0x0d00-0xffff window]
[    0.096539] pci_bus 0000:00: root bus resource [mem 0x000a0000-0x000bffff window]
[    0.096540] pci_bus 0000:00: root bus resource [mem 0xd8000000-0xf7ffffff window]
[    0.096541] pci_bus 0000:00: root bus resource [mem 0xfd000000-0xfe7fffff window]
[    0.096542] pci_bus 0000:00: root bus resource [bus 00-3e]
[    0.096548] pci 0000:00:00.0: [8086:591f] type 00 class 0x060000
[    0.096839] pci 0000:00:01.0: [8086:1901] type 01 class 0x060400
[    0.096871] pci 0000:00:01.0: PME# supported from D0 D3hot D3cold
[    0.097094] pci 0000:00:14.0: [8086:a2af] type 00 class 0x0c0330
[    0.097113] pci 0000:00:14.0: reg 0x10: [mem 0xf7230000-0xf723ffff 64bit]
[    0.097169] pci 0000:00:14.0: PME# supported from D3hot D3cold
[    0.097369] pci 0000:00:16.0: [8086:a2ba] type 00 class 0x078000
[    0.097391] pci 0000:00:16.0: reg 0x10: [mem 0xf724d000-0xf724dfff 64bit]
[    0.097454] pci 0000:00:16.0: PME# supported from D3hot
[    0.097627] pci 0000:00:17.0: [8086:a282] type 00 class 0x010601
[    0.097641] pci 0000:00:17.0: reg 0x10: [mem 0xf7248000-0xf7249fff]
[    0.097647] pci 0000:00:17.0: reg 0x14: [mem 0xf724c000-0xf724c0ff]
[    0.097653] pci 0000:00:17.0: reg 0x18: [io  0xf050-0xf057]
[    0.097658] pci 0000:00:17.0: reg 0x1c: [io  0xf040-0xf043]
[    0.097664] pci 0000:00:17.0: reg 0x20: [io  0xf020-0xf03f]
[    0.097670] pci 0000:00:17.0: reg 0x24: [mem 0xf724b000-0xf724b7ff]
[    0.097702] pci 0000:00:17.0: PME# supported from D3hot
[    0.097832] pci 0000:00:1c.0: [8086:a294] type 01 class 0x060400
[    0.097885] pci 0000:00:1c.0: PME# supported from D0 D3hot D3cold
[    0.098060] pci 0000:00:1d.0: [8086:a298] type 01 class 0x060400
[    0.098119] pci 0000:00:1d.0: PME# supported from D0 D3hot D3cold
[    0.098290] pci 0000:00:1f.0: [8086:a2c8] type 00 class 0x060100
[    0.098504] pci 0000:00:1f.2: [8086:a2a1] type 00 class 0x058000
[    0.098517] pci 0000:00:1f.2: reg 0x10: [mem 0xf7244000-0xf7247fff]
[    0.098680] pci 0000:00:1f.3: [8086:a2f0] type 00 class 0x040300
[    0.098704] pci 0000:00:1f.3: reg 0x10: [mem 0xf7240000-0xf7243fff 64bit]
[    0.098732] pci 0000:00:1f.3: reg 0x20: [mem 0xf7220000-0xf722ffff 64bit]
[    0.098776] pci 0000:00:1f.3: PME# supported from D3hot D3cold
[    0.098985] pci 0000:00:1f.4: [8086:a2a3] type 00 class 0x0c0500
[    0.099044] pci 0000:00:1f.4: reg 0x10: [mem 0xf724a000-0xf724a0ff 64bit]
[    0.099113] pci 0000:00:1f.4: reg 0x20: [io  0xf000-0xf01f]
[    0.099306] pci 0000:00:1f.6: [8086:15b8] type 00 class 0x020000
[    0.099331] pci 0000:00:1f.6: reg 0x10: [mem 0xf7200000-0xf721ffff]
[    0.099432] pci 0000:00:1f.6: PME# supported from D0 D3hot D3cold
[    0.099579] pci 0000:01:00.0: [10de:1282] type 00 class 0x030000
[    0.099595] pci 0000:01:00.0: reg 0x10: [mem 0xf6000000-0xf6ffffff]
[    0.099604] pci 0000:01:00.0: reg 0x14: [mem 0xe8000000-0xefffffff 64bit pref]
[    0.099612] pci 0000:01:00.0: reg 0x1c: [mem 0xf0000000-0xf1ffffff 64bit pref]
[    0.099618] pci 0000:01:00.0: reg 0x24: [io  0xe000-0xe07f]
[    0.099624] pci 0000:01:00.0: reg 0x30: [mem 0xf7000000-0xf707ffff pref]
[    0.099703] pci 0000:01:00.1: [10de:0e0f] type 00 class 0x040300
[    0.099716] pci 0000:01:00.1: reg 0x10: [mem 0xf7080000-0xf7083fff]
[    0.108038] pci 0000:00:01.0: PCI bridge to [bus 01]
[    0.108045] pci 0000:00:01.0:   bridge window [io  0xe000-0xefff]
[    0.108063] pci 0000:00:01.0:   bridge window [mem 0xf6000000-0xf70fffff]
[    0.108065] pci 0000:00:01.0:   bridge window [mem 0xe8000000-0xf1ffffff 64bit pref]
[    0.108117] pci 0000:02:00.0: [10ec:8168] type 00 class 0x020000
[    0.108141] pci 0000:02:00.0: reg 0x10: [io  0xd000-0xd0ff]
[    0.108164] pci 0000:02:00.0: reg 0x18: [mem 0xf2104000-0xf2104fff 64bit pref]
[    0.108178] pci 0000:02:00.0: reg 0x20: [mem 0xf2100000-0xf2103fff 64bit pref]
[    0.108187] pci 0000:02:00.0: reg 0x30: [mem 0xf7100000-0xf710ffff pref]
[    0.108259] pci 0000:02:00.0: supports D1 D2
[    0.108260] pci 0000:02:00.0: PME# supported from D0 D1 D2 D3hot D3cold
[    0.108362] pci 0000:00:1c.0: PCI bridge to [bus 02]
[    0.108364] pci 0000:00:1c.0:   bridge window [io  0xd000-0xdfff]
[    0.108366] pci 0000:00:1c.0:   bridge window [mem 0xf7100000-0xf71fffff]
[    0.108369] pci 0000:00:1c.0:   bridge window [mem 0xf2100000-0xf21fffff 64bit pref]
[    0.108415] acpiphp: Slot [1] registered
[    0.108423] pci 0000:00:1d.0: PCI bridge to [bus 03]
[    0.110330] ACPI: PCI Interrupt Link [LNKA] (IRQs 3 4 5 6 10 *11 12 14 15)
[    0.110381] ACPI: PCI Interrupt Link [LNKB] (IRQs 3 4 5 6 *10 11 12 14 15)
[    0.110430] ACPI: PCI Interrupt Link [LNKC] (IRQs 3 4 5 6 10 *11 12 14 15)
[    0.110479] ACPI: PCI Interrupt Link [LNKD] (IRQs 3 4 5 6 10 *11 12 14 15)
[    0.110530] ACPI: PCI Interrupt Link [LNKE] (IRQs 3 4 5 6 10 *11 12 14 15)
[    0.110579] ACPI: PCI Interrupt Link [LNKF] (IRQs 3 4 5 6 10 *11 12 14 15)
[    0.110628] ACPI: PCI Interrupt Link [LNKG] (IRQs 3 4 5 6 10 *11 12 14 15)
[    0.110678] ACPI: PCI Interrupt Link [LNKH] (IRQs 3 4 5 6 10 *11 12 14 15)
[    0.111266] SCSI subsystem initialized
[    0.111274] libata version 3.00 loaded.
[    0.111274] pci 0000:01:00.0: vgaarb: setting as boot VGA device
[    0.111274] pci 0000:01:00.0: vgaarb: VGA device added: decodes=io+mem,owns=io+mem,locks=none
[    0.111274] pci 0000:01:00.0: vgaarb: bridge control possible
[    0.111274] vgaarb: loaded
[    0.111274] ACPI: bus type USB registered
[    0.111274] usbcore: registered new interface driver usbfs
[    0.111274] usbcore: registered new interface driver hub
[    0.111274] usbcore: registered new device driver usb
[    0.111274] EDAC MC: Ver: 3.0.0
[    0.111274] PCI: Using ACPI for IRQ routing
[    0.114146] PCI: pci_cache_line_size set to 64 bytes
[    0.114186] e820: reserve RAM buffer [mem 0x0009c400-0x0009ffff]
[    0.114187] e820: reserve RAM buffer [mem 0xc84cc000-0xcbffffff]
[    0.114187] e820: reserve RAM buffer [mem 0xc88b3000-0xcbffffff]
[    0.114188] e820: reserve RAM buffer [mem 0xd55d0000-0xd7ffffff]
[    0.114189] e820: reserve RAM buffer [mem 0xd6f91000-0xd7ffffff]
[    0.114189] e820: reserve RAM buffer [mem 0xd7c00000-0xd7ffffff]
[    0.114190] e820: reserve RAM buffer [mem 0x227000000-0x227ffffff]
[    0.114245] NetLabel: Initializing
[    0.114245] NetLabel:  domain hash size = 128
[    0.114245] NetLabel:  protocols = UNLABELED CIPSOv4 CALIPSO
[    0.114254] NetLabel:  unlabeled traffic allowed by default
[    0.116066] hpet0: at MMIO 0xfed00000, IRQs 2, 8, 0, 0, 0, 0, 0, 0
[    0.116070] hpet0: 8 comparators, 64-bit 24.000000 MHz counter
[    0.120015] clocksource: Switched to clocksource hpet
[    0.126658] VFS: Disk quotas dquot_6.6.0
[    0.126668] VFS: Dquot-cache hash table entries: 512 (order 0, 4096 bytes)
[    0.126729] AppArmor: AppArmor Filesystem Enabled
[    0.126741] pnp: PnP ACPI init
[    0.126922] system 00:00: [io  0x0290-0x029f] has been reserved
[    0.126926] system 00:00: Plug and Play ACPI device, IDs PNP0c02 (active)
[    0.127201] pnp 00:01: [dma 0 disabled]
[    0.127231] pnp 00:01: Plug and Play ACPI device, IDs PNP0501 (active)
[    0.127420] system 00:02: [io  0x0680-0x069f] has been reserved
[    0.127421] system 00:02: [io  0xffff] has been reserved
[    0.127422] system 00:02: [io  0xffff] has been reserved
[    0.127423] system 00:02: [io  0xffff] has been reserved
[    0.127424] system 00:02: [io  0x1800-0x18fe] has been reserved
[    0.127425] system 00:02: [io  0x164e-0x164f] has been reserved
[    0.127428] system 00:02: Plug and Play ACPI device, IDs PNP0c02 (active)
[    0.127500] system 00:03: [io  0x0800-0x087f] has been reserved
[    0.127502] system 00:03: Plug and Play ACPI device, IDs PNP0c02 (active)
[    0.127514] pnp 00:04: Plug and Play ACPI device, IDs PNP0b00 (active)
[    0.127539] system 00:05: [io  0x1854-0x1857] has been reserved
[    0.127541] system 00:05: Plug and Play ACPI device, IDs INT3f0d PNP0c02 (active)
[    0.127741] system 00:06: [mem 0xfed10000-0xfed17fff] has been reserved
[    0.127742] system 00:06: [mem 0xfed18000-0xfed18fff] has been reserved
[    0.127743] system 00:06: [mem 0xfed19000-0xfed19fff] has been reserved
[    0.127744] system 00:06: [mem 0xf8000000-0xfbffffff] has been reserved
[    0.127745] system 00:06: [mem 0xfed20000-0xfed3ffff] has been reserved
[    0.127746] system 00:06: [mem 0xfed90000-0xfed93fff] could not be reserved
[    0.127747] system 00:06: [mem 0xfed45000-0xfed8ffff] has been reserved
[    0.127748] system 00:06: [mem 0xff000000-0xffffffff] has been reserved
[    0.127749] system 00:06: [mem 0xfee00000-0xfeefffff] could not be reserved
[    0.127750] system 00:06: [mem 0xf7fe0000-0xf7ffffff] has been reserved
[    0.127753] system 00:06: Plug and Play ACPI device, IDs PNP0c02 (active)
[    0.127783] system 00:07: [mem 0xfd000000-0xfdabffff] has been reserved
[    0.127784] system 00:07: [mem 0xfdad0000-0xfdadffff] has been reserved
[    0.127785] system 00:07: [mem 0xfdac0000-0xfdacffff] has been reserved
[    0.127786] system 00:07: [mem 0xfdae0000-0xfdaeffff] has been reserved
[    0.127787] system 00:07: [mem 0xfdaf0000-0xfdafffff] has been reserved
[    0.127788] system 00:07: [mem 0xfdb00000-0xfdffffff] has been reserved
[    0.127789] system 00:07: [mem 0xfe000000-0xfe01ffff] could not be reserved
[    0.127790] system 00:07: [mem 0xfe036000-0xfe03bfff] has been reserved
[    0.127791] system 00:07: [mem 0xfe03d000-0xfe3fffff] has been reserved
[    0.127792] system 00:07: [mem 0xfe410000-0xfe7fffff] has been reserved
[    0.127794] system 00:07: Plug and Play ACPI device, IDs PNP0c02 (active)
[    0.128078] system 00:08: [io  0xfe00-0xfefe] has been reserved
[    0.128081] system 00:08: Plug and Play ACPI device, IDs PNP0c02 (active)
[    0.129151] system 00:09: [mem 0xfdaf0000-0xfdafffff] has been reserved
[    0.129152] system 00:09: [mem 0xfdae0000-0xfdaeffff] has been reserved
[    0.129153] system 00:09: [mem 0xfdac0000-0xfdacffff] has been reserved
[    0.129155] system 00:09: Plug and Play ACPI device, IDs PNP0c02 (active)
[    0.129937] pnp: PnP ACPI: found 10 devices
[    0.137031] clocksource: acpi_pm: mask: 0xffffff max_cycles: 0xffffff, max_idle_ns: 2085701024 ns
[    0.137047] pci 0000:00:1d.0: bridge window [io  0x1000-0x0fff] to [bus 03] add_size 1000
[    0.137048] pci 0000:00:1d.0: bridge window [mem 0x00100000-0x000fffff 64bit pref] to [bus 03] add_size 200000 add_align 100000
[    0.137049] pci 0000:00:1d.0: bridge window [mem 0x00100000-0x000fffff] to [bus 03] add_size 200000 add_align 100000
[    0.137053] pci 0000:00:1d.0: BAR 14: assigned [mem 0xd8000000-0xd81fffff]
[    0.137056] pci 0000:00:1d.0: BAR 15: assigned [mem 0xd8200000-0xd83fffff 64bit pref]
[    0.137057] pci 0000:00:1d.0: BAR 13: assigned [io  0x2000-0x2fff]
[    0.137059] pci 0000:00:01.0: PCI bridge to [bus 01]
[    0.137060] pci 0000:00:01.0:   bridge window [io  0xe000-0xefff]
[    0.137062] pci 0000:00:01.0:   bridge window [mem 0xf6000000-0xf70fffff]
[    0.137063] pci 0000:00:01.0:   bridge window [mem 0xe8000000-0xf1ffffff 64bit pref]
[    0.137066] pci 0000:00:1c.0: PCI bridge to [bus 02]
[    0.137067] pci 0000:00:1c.0:   bridge window [io  0xd000-0xdfff]
[    0.137070] pci 0000:00:1c.0:   bridge window [mem 0xf7100000-0xf71fffff]
[    0.137072] pci 0000:00:1c.0:   bridge window [mem 0xf2100000-0xf21fffff 64bit pref]
[    0.137075] pci 0000:00:1d.0: PCI bridge to [bus 03]
[    0.137078] pci 0000:00:1d.0:   bridge window [io  0x2000-0x2fff]
[    0.137080] pci 0000:00:1d.0:   bridge window [mem 0xd8000000-0xd81fffff]
[    0.137083] pci 0000:00:1d.0:   bridge window [mem 0xd8200000-0xd83fffff 64bit pref]
[    0.137087] pci_bus 0000:00: resource 4 [io  0x0000-0x0cf7 window]
[    0.137088] pci_bus 0000:00: resource 5 [io  0x0d00-0xffff window]
[    0.137088] pci_bus 0000:00: resource 6 [mem 0x000a0000-0x000bffff window]
[    0.137089] pci_bus 0000:00: resource 7 [mem 0xd8000000-0xf7ffffff window]
[    0.137090] pci_bus 0000:00: resource 8 [mem 0xfd000000-0xfe7fffff window]
[    0.137091] pci_bus 0000:01: resource 0 [io  0xe000-0xefff]
[    0.137092] pci_bus 0000:01: resource 1 [mem 0xf6000000-0xf70fffff]
[    0.137093] pci_bus 0000:01: resource 2 [mem 0xe8000000-0xf1ffffff 64bit pref]
[    0.137094] pci_bus 0000:02: resource 0 [io  0xd000-0xdfff]
[    0.137095] pci_bus 0000:02: resource 1 [mem 0xf7100000-0xf71fffff]
[    0.137095] pci_bus 0000:02: resource 2 [mem 0xf2100000-0xf21fffff 64bit pref]
[    0.137096] pci_bus 0000:03: resource 0 [io  0x2000-0x2fff]
[    0.137097] pci_bus 0000:03: resource 1 [mem 0xd8000000-0xd81fffff]
[    0.137098] pci_bus 0000:03: resource 2 [mem 0xd8200000-0xd83fffff 64bit pref]
[    0.137226] NET: Registered protocol family 2
[    0.137350] TCP established hash table entries: 65536 (order: 7, 524288 bytes)
[    0.137429] TCP bind hash table entries: 65536 (order: 8, 1048576 bytes)
[    0.137559] TCP: Hash tables configured (established 65536 bind 65536)
[    0.137583] UDP hash table entries: 4096 (order: 5, 131072 bytes)
[    0.137605] UDP-Lite hash table entries: 4096 (order: 5, 131072 bytes)
[    0.137647] NET: Registered protocol family 1
[    0.137824] pci 0000:01:00.0: Video device with shadowed ROM at [mem 0x000c0000-0x000dffff]
[    0.137831] PCI: CLS 64 bytes, default 64
[    0.137851] Unpacking initramfs...
[    0.672407] Freeing initrd memory: 52480K
[    0.672433] PCI-DMA: Using software bounce buffering for IO (SWIOTLB)
[    0.672435] software IO TLB [mem 0xd15d0000-0xd55d0000] (64MB) mapped at [00000000c179d4fc-000000004f8d4cac]
[    0.672673] clocksource: tsc: mask: 0xffffffffffffffff max_cycles: 0x33e452fbb2f, max_idle_ns: 440795236593 ns
[    0.672878] Scanning for low memory corruption every 60 seconds
[    0.673381] Initialise system trusted keyrings
[    0.673387] Key type blacklist registered
[    0.673434] workingset: timestamp_bits=36 max_order=21 bucket_order=0
[    0.674088] zbud: loaded
[    0.674419] squashfs: version 4.0 (2009/01/31) Phillip Lougher
[    0.674553] fuse init (API version 7.26)
[    0.676919] Key type asymmetric registered
[    0.676920] Asymmetric key parser 'x509' registered
[    0.676943] Block layer SCSI generic (bsg) driver version 0.4 loaded (major 246)
[    0.676990] io scheduler noop registered
[    0.676991] io scheduler deadline registered
[    0.677015] io scheduler cfq registered (default)
[    0.677583] pcieport 0000:00:1c.0: AER enabled with IRQ 121
[    0.677624] vesafb: mode is 640x480x32, linelength=2560, pages=0
[    0.677625] vesafb: scrolling: redraw
[    0.677626] vesafb: Truecolor: size=8:8:8:8, shift=24:16:8:0
[    0.677632] vesafb: framebuffer at 0xf1000000, mapped to 0x0000000046f6dfef, using 1216k, total 1216k
[    0.677697] Console: switching to colour frame buffer device 80x30
[    0.677703] fb0: VESA VGA frame buffer device
[    0.677711] intel_idle: MWAIT substates: 0x142120
[    0.677711] intel_idle: v0.4.1 model 0x9E
[    0.677988] intel_idle: lapic_timer_reliable_states 0xffffffff
[    0.678079] input: Sleep Button as /devices/LNXSYSTM:00/LNXSYBUS:00/PNP0C0E:00/input/input0
[    0.678088] ACPI: Sleep Button [SLPB]
[    0.678107] input: Power Button as /devices/LNXSYSTM:00/LNXSYBUS:00/PNP0C0C:00/input/input1
[    0.678114] ACPI: Power Button [PWRB]
[    0.678131] input: Power Button as /devices/LNXSYSTM:00/LNXPWRBN:00/input/input2
[    0.678178] ACPI: Power Button [PWRF]
[    0.740764] (NULL device *): hwmon_device_register() is deprecated. Please convert the driver to use hwmon_device_register_with_info().
[    0.800301] thermal LNXTHERM:00: registered as thermal_zone0
[    0.800302] ACPI: Thermal Zone [TZ00] (28 C)
[    0.800437] thermal LNXTHERM:01: registered as thermal_zone1
[    0.800437] ACPI: Thermal Zone [TZ01] (30 C)
[    0.800611] Serial: 8250/16550 driver, 32 ports, IRQ sharing enabled
[    0.821421] 00:01: ttyS0 at I/O 0x3f8 (irq = 4, base_baud = 115200) is a 16550A
[    0.823865] Linux agpgart interface v0.103
[    0.825556] loop: module loaded
[    0.825644] libphy: Fixed MDIO Bus: probed
[    0.825645] tun: Universal TUN/TAP device driver, 1.6
[    0.825684] PPP generic driver version 2.4.2
[    0.825731] ehci_hcd: USB 2.0 'Enhanced' Host Controller (EHCI) Driver
[    0.825732] ehci-pci: EHCI PCI platform driver
[    0.825737] ehci-platform: EHCI generic platform driver
[    0.825742] ohci_hcd: USB 1.1 'Open' Host Controller (OHCI) Driver
[    0.825743] ohci-pci: OHCI PCI platform driver
[    0.825747] ohci-platform: OHCI generic platform driver
[    0.825750] uhci_hcd: USB Universal Host Controller Interface driver
[    0.825837] xhci_hcd 0000:00:14.0: xHCI Host Controller
[    0.825841] xhci_hcd 0000:00:14.0: new USB bus registered, assigned bus number 1
[    0.826915] xhci_hcd 0000:00:14.0: hcc params 0x200077c1 hci version 0x100 quirks 0x00009810
[    0.826918] xhci_hcd 0000:00:14.0: cache line size of 64 is not supported
[    0.827018] usb usb1: New USB device found, idVendor=1d6b, idProduct=0002
[    0.827019] usb usb1: New USB device strings: Mfr=3, Product=2, SerialNumber=1
[    0.827020] usb usb1: Product: xHCI Host Controller
[    0.827021] usb usb1: Manufacturer: Linux 4.15.0-20-generic xhci-hcd
[    0.827022] usb usb1: SerialNumber: 0000:00:14.0
[    0.827132] hub 1-0:1.0: USB hub found
[    0.827144] hub 1-0:1.0: 12 ports detected
[    0.828315] xhci_hcd 0000:00:14.0: xHCI Host Controller
[    0.828317] xhci_hcd 0000:00:14.0: new USB bus registered, assigned bus number 2
[    0.828337] usb usb2: New USB device found, idVendor=1d6b, idProduct=0003
[    0.828338] usb usb2: New USB device strings: Mfr=3, Product=2, SerialNumber=1
[    0.828339] usb usb2: Product: xHCI Host Controller
[    0.828340] usb usb2: Manufacturer: Linux 4.15.0-20-generic xhci-hcd
[    0.828340] usb usb2: SerialNumber: 0000:00:14.0
[    0.828441] hub 2-0:1.0: USB hub found
[    0.828449] hub 2-0:1.0: 6 ports detected
[    0.829069] i8042: PNP: No PS/2 controller found.
[    0.829212] mousedev: PS/2 mouse device common for all mice
[    0.829509] rtc_cmos 00:04: RTC can wake from S4
[    0.829914] rtc_cmos 00:04: rtc core: registered rtc_cmos as rtc0
[    0.829993] rtc_cmos 00:04: alarms up to one month, y3k, 242 bytes nvram, hpet irqs
[    0.829997] i2c /dev entries driver
[    0.830024] device-mapper: uevent: version 1.0.3
[    0.830107] device-mapper: ioctl: 4.37.0-ioctl (2017-09-20) initialised: dm-devel@redhat.com
[    0.830109] intel_pstate: Intel P-state driver initializing
[    0.830161] intel_pstate: Disabling energy efficiency optimization
[    0.831198] intel_pstate: HWP enabled
[    0.831578] ledtrig-cpu: registered to indicate activity on CPUs
[    0.832083] resource sanity check: requesting [mem 0xfdffe800-0xfe0007ff], which spans more than pnp 00:07 [mem 0xfdb00000-0xfdffffff]
[    0.832086] caller pmc_core_probe+0x99/0x224 mapping multiple BARs
[    0.832102] intel_pmc_core:  initialized
[    0.832294] NET: Registered protocol family 10
[    0.835394] Segment Routing with IPv6
[    0.835405] NET: Registered protocol family 17
[    0.835555] Key type dns_resolver registered
[    0.836150] RAS: Correctable Errors collector initialized.
[    0.836164] microcode: sig=0x906e9, pf=0x2, revision=0x5e
[    0.836561] microcode: Microcode Update Driver: v2.2.
[    0.836566] sched_clock: Marking stable (836557613, 0)->(820468495, 16089118)
[    0.836882] registered taskstats version 1
[    0.836886] Loading compiled-in X.509 certificates
[    0.838181] Loaded X.509 cert 'Build time autogenerated kernel key: f4ad6a5babf67650e4ceb385fa5dda8e4a178208'
[    0.838192] zswap: loaded using pool lzo/zbud
[    0.840074] Key type big_key registered
[    0.840076] Key type trusted registered
[    0.840923] Key type encrypted registered
[    0.840925] AppArmor: AppArmor sha1 policy hashing enabled
[    0.840926] ima: No TPM chip found, activating TPM-bypass! (rc=-19)
[    0.840933] evm: HMAC attrs: 0x1
[    0.841644]   Magic number: 2:915:513
[    0.841824] rtc_cmos 00:04: setting system clock to 2018-09-28 03:31:15 UTC (1538105475)
[    0.841920] BIOS EDD facility v0.16 2004-Jun-25, 0 devices found
[    0.841920] EDD information not available.
[    0.843289] Freeing unused kernel memory: 2404K
[    0.843290] Write protecting the kernel read-only data: 20480k
[    0.843651] Freeing unused kernel memory: 2008K
[    0.845795] Freeing unused kernel memory: 1904K
[    0.849366] x86/mm: Checked W+X mappings: passed, no W+X pages found.
[    0.849366] x86/mm: Checking user space page tables
[    0.852873] x86/mm: Checked W+X mappings: passed, no W+X pages found.
[    0.968826] pps_core: LinuxPPS API ver. 1 registered
[    0.968827] pps_core: Software ver. 5.3.6 - Copyright 2005-2007 Rodolfo Giometti <giometti@linux.it>
[    0.969981] PTP clock support registered
[    0.969992] r8169 Gigabit Ethernet driver 2.3LK-NAPI loaded
[    0.969997] r8169 0000:02:00.0: can't disable ASPM; OS doesn't have ASPM control
[    0.970157] ahci 0000:00:17.0: version 3.0
[    0.970401] r8169 0000:02:00.0 eth0: RTL8168e/8111e at 0x00000000b85f539c, 00:e0:4c:68:03:39, XID 0c200000 IRQ 123
[    0.970403] r8169 0000:02:00.0 eth0: jumbo features [frames: 9200 bytes, tx checksumming: ko]
[    0.970912] r8169 0000:02:00.0 enp2s0: renamed from eth0
[    0.972643] e1000e: Intel(R) PRO/1000 Network Driver - 3.2.6-k
[    0.972643] e1000e: Copyright(c) 1999 - 2015 Intel Corporation.
[    0.980419] ahci 0000:00:17.0: AHCI 0001.0301 32 slots 6 ports 6 Gbps 0x3f impl SATA mode
[    0.980421] ahci 0000:00:17.0: flags: 64bit ncq sntf led clo only pio slum part ems deso sadm sds apst 
[    0.989104] MXM: GUID detected in BIOS
[    0.989269] checking generic (f1000000 130000) vs hw (e8000000 8000000)
[    0.989270] checking generic (f1000000 130000) vs hw (f0000000 2000000)
[    0.989270] fb: switching to nouveaufb from VESA VGA
[    0.989281] Console: switching to colour dummy device 80x25
[    0.989405] nouveau 0000:01:00.0: NVIDIA GK208 (108020a1)
[    1.040603] scsi host0: ahci
[    1.040835] scsi host1: ahci
[    1.040996] scsi host2: ahci
[    1.041168] scsi host3: ahci
[    1.041314] scsi host4: ahci
[    1.041760] scsi host5: ahci
[    1.041781] ata1: SATA max UDMA/133 abar m2048@0xf724b000 port 0xf724b100 irq 124
[    1.041786] ata2: SATA max UDMA/133 abar m2048@0xf724b000 port 0xf724b180 irq 124
[    1.041793] ata3: SATA max UDMA/133 abar m2048@0xf724b000 port 0xf724b200 irq 124
[    1.041795] ata4: SATA max UDMA/133 abar m2048@0xf724b000 port 0xf724b280 irq 124
[    1.041798] ata5: SATA max UDMA/133 abar m2048@0xf724b000 port 0xf724b300 irq 124
[    1.041800] ata6: SATA max UDMA/133 abar m2048@0xf724b000 port 0xf724b380 irq 124
[    1.042077] e1000e 0000:00:1f.6: Interrupt Throttling Rate (ints/sec) set to dynamic conservative mode
[    1.099389] nouveau 0000:01:00.0: bios: version 80.28.3d.00.03
[    1.101434] nouveau 0000:01:00.0: fb: 1024 MiB GDDR5
[    1.168114] usb 2-5: new SuperSpeed USB device number 2 using xhci_hcd
[    1.188898] usb 2-5: New USB device found, idVendor=0781, idProduct=5591
[    1.188900] usb 2-5: New USB device strings: Mfr=1, Product=2, SerialNumber=3
[    1.188900] usb 2-5: Product: Ultra USB 3.0
[    1.188902] usb 2-5: Manufacturer: SanDisk
[    1.188902] usb 2-5: SerialNumber: 4C531001420324102335
[    1.191198] usb-storage 2-5:1.0: USB Mass Storage device detected
[    1.191548] scsi host6: usb-storage 2-5:1.0
[    1.191604] usbcore: registered new interface driver usb-storage
[    1.192406] usbcore: registered new interface driver uas
[    1.316050] usb 1-7: new full-speed USB device number 2 using xhci_hcd
[    1.354811] ata3: SATA link down (SStatus 4 SControl 300)
[    1.355046] ata1: SATA link up 6.0 Gbps (SStatus 133 SControl 300)
[    1.355456] ata6: SATA link down (SStatus 4 SControl 300)
[    1.355520] ata4: SATA link down (SStatus 4 SControl 300)
[    1.355606] ata5: SATA link down (SStatus 4 SControl 300)
[    1.355672] ata2: SATA link down (SStatus 4 SControl 300)
[    1.356222] ata1.00: ACPI cmd ef/10:06:00:00:00:00 (SET FEATURES) succeeded
[    1.356223] ata1.00: ACPI cmd f5/00:00:00:00:00:00 (SECURITY FREEZE LOCK) filtered out
[    1.356224] ata1.00: ACPI cmd b1/c1:00:00:00:00:00 (DEVICE CONFIGURATION OVERLAY) filtered out
[    1.356804] ata1.00: ATA-9: ST1000DM003-1CH162, CC49, max UDMA/133
[    1.356805] ata1.00: 1953525168 sectors, multi 16: LBA48 NCQ (depth 31/32), AA
[    1.357603] ata1.00: ACPI cmd ef/10:06:00:00:00:00 (SET FEATURES) succeeded
[    1.357605] ata1.00: ACPI cmd f5/00:00:00:00:00:00 (SECURITY FREEZE LOCK) filtered out
[    1.357606] ata1.00: ACPI cmd b1/c1:00:00:00:00:00 (DEVICE CONFIGURATION OVERLAY) filtered out
[    1.358147] ata1.00: configured for UDMA/133
[    1.358377] scsi 0:0:0:0: Direct-Access     ATA      ST1000DM003-1CH1 CC49 PQ: 0 ANSI: 5
[    1.358721] sd 0:0:0:0: Attached scsi generic sg0 type 0
[    1.358723] sd 0:0:0:0: [sda] 1953525168 512-byte logical blocks: (1.00 TB/932 GiB)
[    1.358724] sd 0:0:0:0: [sda] 4096-byte physical blocks
[    1.358728] sd 0:0:0:0: [sda] Write Protect is off
[    1.358729] sd 0:0:0:0: [sda] Mode Sense: 00 3a 00 00
[    1.358734] sd 0:0:0:0: [sda] Write cache: enabled, read cache: enabled, doesn't support DPO or FUA
[    1.371834]  sda: sda1 sda2 sda3 sda4
[    1.372149] sd 0:0:0:0: [sda] Attached SCSI disk
[    1.443273] e1000e 0000:00:1f.6 0000:00:1f.6 (uninitialized): registered PHC clock
[    1.466522] usb 1-7: New USB device found, idVendor=046d, idProduct=c534
[    1.466523] usb 1-7: New USB device strings: Mfr=1, Product=2, SerialNumber=0
[    1.466524] usb 1-7: Product: USB Receiver
[    1.466525] usb 1-7: Manufacturer: Logitech
[    1.469190] hidraw: raw HID events driver (C) Jiri Kosina
[    1.472738] usbcore: registered new interface driver usbhid
[    1.472738] usbhid: USB HID core driver
[    1.473874] input: Logitech USB Receiver as /devices/pci0000:00/0000:00:14.0/usb1/1-7/1-7:1.0/0003:046D:C534.0001/input/input3
[    1.511540] e1000e 0000:00:1f.6 eth0: (PCI Express:2.5GT/s:Width x1) 10:7b:44:7e:c2:82
[    1.511541] e1000e 0000:00:1f.6 eth0: Intel(R) PRO/1000 Network Connection
[    1.511623] e1000e 0000:00:1f.6 eth0: MAC: 12, PHY: 12, PBA No: FFFFFF-0FF
[    1.512093] e1000e 0000:00:1f.6 enp0s31f6: renamed from eth0
[    1.532215] hid-generic 0003:046D:C534.0001: input,hidraw0: USB HID v1.11 Keyboard [Logitech USB Receiver] on usb-0000:00:14.0-7/input0
[    1.532330] input: Logitech USB Receiver as /devices/pci0000:00/0000:00:14.0/usb1/1-7/1-7:1.1/0003:046D:C534.0002/input/input4
[    1.592359] hid-generic 0003:046D:C534.0002: input,hiddev0,hidraw1: USB HID v1.11 Mouse [Logitech USB Receiver] on usb-0000:00:14.0-7/input1
[    1.696062] clocksource: Switched to clocksource tsc
[    2.204620] scsi 6:0:0:0: Direct-Access     SanDisk  Ultra USB 3.0    1.00 PQ: 0 ANSI: 6
[    2.204872] sd 6:0:0:0: Attached scsi generic sg1 type 0
[    2.205081] sd 6:0:0:0: [sdb] 30031250 512-byte logical blocks: (15.4 GB/14.3 GiB)
[    2.206362] sd 6:0:0:0: [sdb] Write Protect is off
[    2.206363] sd 6:0:0:0: [sdb] Mode Sense: 43 00 00 00
[    2.206658] sd 6:0:0:0: [sdb] Write cache: disabled, read cache: enabled, doesn't support DPO or FUA
[    2.210536]  sdb: sdb3 sdb4
[    2.211818] sd 6:0:0:0: [sdb] Attached SCSI removable disk
[    2.404861] [TTM] Zone  kernel: Available graphics memory: 4054684 kiB
[    2.404862] [TTM] Zone   dma32: Available graphics memory: 2097152 kiB
[    2.404862] [TTM] Initializing pool allocator
[    2.404864] [TTM] Initializing DMA pool allocator
[    2.404887] nouveau 0000:01:00.0: DRM: VRAM: 1024 MiB
[    2.404888] nouveau 0000:01:00.0: DRM: GART: 1048576 MiB
[    2.404890] nouveau 0000:01:00.0: DRM: TMDS table version 2.0
[    2.404891] nouveau 0000:01:00.0: DRM: DCB version 4.0
[    2.404892] nouveau 0000:01:00.0: DRM: DCB outp 00: 01000f02 00020030
[    2.404893] nouveau 0000:01:00.0: DRM: DCB outp 01: 02011f62 00020010
[    2.404906] nouveau 0000:01:00.0: DRM: DCB outp 02: 02022f10 00000000
[    2.404907] nouveau 0000:01:00.0: DRM: DCB conn 00: 00001031
[    2.404907] nouveau 0000:01:00.0: DRM: DCB conn 01: 00002161
[    2.404908] nouveau 0000:01:00.0: DRM: DCB conn 02: 00000200
[    2.405527] [drm] Supports vblank timestamp caching Rev 2 (21.10.2013).
[    2.405527] [drm] Driver supports precise vblank timestamp query.
[    2.406079] nouveau 0000:01:00.0: DRM: MM: using COPY for buffer copies
[    2.623925] nouveau 0000:01:00.0: DRM: allocated 1920x1080 fb: 0x60000, bo 00000000b61803b8
[    2.632070] fbcon: nouveaufb (fb0) is primary device
[    2.632097] Console: switching to colour frame buffer device 240x67
[    2.632111] nouveau 0000:01:00.0: fb0: nouveaufb frame buffer device
[    2.696054] [drm] Initialized nouveau 1.3.1 20120801 for 0000:01:00.0 on minor 0
[    2.864844] EXT4-fs (sda1): mounted filesystem with ordered data mode. Opts: (null)
[    3.552964] ip_tables: (C) 2000-2006 Netfilter Core Team
[    3.603793] systemd[1]: systemd 237 running in system mode. (+PAM +AUDIT +SELINUX +IMA +APPARMOR +SMACK +SYSVINIT +UTMP +LIBCRYPTSETUP +GCRYPT +GNUTLS +ACL +XZ +LZ4 +SECCOMP +BLKID +ELFUTILS +KMOD -IDN2 +IDN -PCRE2 default-hierarchy=hybrid)
[    3.620123] systemd[1]: Detected architecture x86-64.
[    3.643050] systemd[1]: Set hostname to <DEVTOOLS-qa8>.
[    3.974627] random: crng init done
[    4.516905] systemd[1]: Created slice User and Session Slice.
[    4.517049] systemd[1]: Set up automount Arbitrary Executable File Formats File System Automount Point.
[    4.517119] systemd[1]: Created slice System Slice.
[    4.517157] systemd[1]: Listening on Syslog Socket.
[    4.517163] systemd[1]: Reached target Slices.
[    4.517168] systemd[1]: Reached target Remote File Systems.
[    4.517196] systemd[1]: Listening on fsck to fsckd communication Socket.
[    4.938287] lp: driver loaded but no devices found
[    4.941896] ppdev: user-space parallel port driver
[    5.134855] EXT4-fs (sda1): re-mounted. Opts: errors=remount-ro
[    6.090800] systemd-journald[287]: Received request to flush runtime journal from PID 1
[   11.754974] shpchp: Standard Hot Plug PCI Controller Driver version: 0.4
[   11.760222] mei_me 0000:00:16.0: enabling device (0000 -> 0002)
[   11.788710] asus_wmi: ASUS WMI generic driver loaded
[   11.789129] RAPL PMU: API unit is 2^-32 Joules, 5 fixed counters, 655360 ms ovfl timer
[   11.789130] RAPL PMU: hw unit of domain pp0-core 2^-14 Joules
[   11.789130] RAPL PMU: hw unit of domain package 2^-14 Joules
[   11.789131] RAPL PMU: hw unit of domain dram 2^-14 Joules
[   11.789131] RAPL PMU: hw unit of domain pp1-gpu 2^-14 Joules
[   11.789132] RAPL PMU: hw unit of domain psys 2^-14 Joules
[   11.789697] asus_wmi: Initialization: 0x0
[   11.789729] asus_wmi: BIOS WMI version: 0.9
[   11.789861] asus_wmi: SFUN value: 0x0
[   11.790439] input: Eee PC WMI hotkeys as /devices/platform/eeepc-wmi/input/input5
[   11.790572] asus_wmi: Number of fans: 1
[   11.795537] AVX2 version of gcm_enc/dec engaged.
[   11.795537] AES CTR mode by8 optimization enabled
[   11.815008] kvm: disabled by bios
[   11.865830] intel_rapl: Found RAPL domain package
[   11.865831] intel_rapl: Found RAPL domain core
[   11.865832] intel_rapl: Found RAPL domain dram
[   12.827647] snd_hda_intel 0000:01:00.1: Disabling MSI
[   12.827649] snd_hda_intel 0000:01:00.1: Handle vga_switcheroo audio client
[   12.838959] snd_hda_codec_realtek hdaudioC0D0: autoconfig for ALC887-VD: line_outs=4 (0x14/0x15/0x16/0x17/0x0) type:line
[   12.838960] snd_hda_codec_realtek hdaudioC0D0:    speaker_outs=0 (0x0/0x0/0x0/0x0/0x0)
[   12.838961] snd_hda_codec_realtek hdaudioC0D0:    hp_outs=1 (0x1b/0x0/0x0/0x0/0x0)
[   12.838962] snd_hda_codec_realtek hdaudioC0D0:    mono: mono_out=0x0
[   12.838963] snd_hda_codec_realtek hdaudioC0D0:    dig-out=0x11/0x0
[   12.838964] snd_hda_codec_realtek hdaudioC0D0:    inputs:
[   12.838965] snd_hda_codec_realtek hdaudioC0D0:      Front Mic=0x19
[   12.838965] snd_hda_codec_realtek hdaudioC0D0:      Rear Mic=0x18
[   12.838966] snd_hda_codec_realtek hdaudioC0D0:      Line=0x1a
[   12.851479] input: HDA Intel PCH Front Mic as /devices/pci0000:00/0000:00:1f.3/sound/card0/input6
[   12.851530] input: HDA Intel PCH Rear Mic as /devices/pci0000:00/0000:00:1f.3/sound/card0/input7
[   12.851575] input: HDA Intel PCH Line as /devices/pci0000:00/0000:00:1f.3/sound/card0/input8
[   12.851619] input: HDA Intel PCH Line Out Front as /devices/pci0000:00/0000:00:1f.3/sound/card0/input9
[   12.851659] input: HDA Intel PCH Line Out Surround as /devices/pci0000:00/0000:00:1f.3/sound/card0/input10
[   12.851704] input: HDA Intel PCH Line Out CLFE as /devices/pci0000:00/0000:00:1f.3/sound/card0/input11
[   12.851745] input: HDA Intel PCH Line Out Side as /devices/pci0000:00/0000:00:1f.3/sound/card0/input12
[   12.851788] input: HDA Intel PCH Front Headphone as /devices/pci0000:00/0000:00:1f.3/sound/card0/input13
[   14.471281] audit: type=1400 audit(1538105489.122:2): apparmor="STATUS" operation="profile_load" profile="unconfined" name="libreoffice-oopslash" pid=861 comm="apparmor_parser"
[   14.471354] audit: type=1400 audit(1538105489.122:3): apparmor="STATUS" operation="profile_load" profile="unconfined" name="libreoffice-xpdfimport" pid=864 comm="apparmor_parser"
[   14.471356] audit: type=1400 audit(1538105489.122:4): apparmor="STATUS" operation="profile_load" profile="unconfined" name="libreoffice-senddoc" pid=862 comm="apparmor_parser"
[   14.471357] audit: type=1400 audit(1538105489.122:5): apparmor="STATUS" operation="profile_load" profile="unconfined" name="libreoffice-senddoc//sanitized_helper" pid=862 comm="apparmor_parser"
[   14.471625] audit: type=1400 audit(1538105489.122:6): apparmor="STATUS" operation="profile_load" profile="unconfined" name="/usr/bin/man" pid=860 comm="apparmor_parser"
[   14.471627] audit: type=1400 audit(1538105489.122:7): apparmor="STATUS" operation="profile_load" profile="unconfined" name="man_filter" pid=860 comm="apparmor_parser"
[   14.471629] audit: type=1400 audit(1538105489.122:8): apparmor="STATUS" operation="profile_load" profile="unconfined" name="man_groff" pid=860 comm="apparmor_parser"
[   14.472206] audit: type=1400 audit(1538105489.126:9): apparmor="STATUS" operation="profile_load" profile="unconfined" name="/sbin/dhclient" pid=856 comm="apparmor_parser"
[   14.472209] audit: type=1400 audit(1538105489.126:10): apparmor="STATUS" operation="profile_load" profile="unconfined" name="/usr/lib/NetworkManager/nm-dhcp-client.action" pid=856 comm="apparmor_parser"
[   14.472210] audit: type=1400 audit(1538105489.126:11): apparmor="STATUS" operation="profile_load" profile="unconfined" name="/usr/lib/NetworkManager/nm-dhcp-helper" pid=856 comm="apparmor_parser"
[   14.704689] input: HDA NVidia HDMI/DP,pcm=3 as /devices/pci0000:00/0000:00:01.0/0000:01:00.1/sound/card1/input14
[   14.704729] input: HDA NVidia HDMI/DP,pcm=7 as /devices/pci0000:00/0000:00:01.0/0000:01:00.1/sound/card1/input15
[ 1418.158776] IPv6: ADDRCONF(NETDEV_UP): enp0s31f6: link is not ready
[ 1418.344113] IPv6: ADDRCONF(NETDEV_UP): enp0s31f6: link is not ready
[ 1418.346607] IPv6: ADDRCONF(NETDEV_UP): enp2s0: link is not ready
[ 1418.503609] r8169 0000:02:00.0 enp2s0: link down
[ 1418.503610] r8169 0000:02:00.0 enp2s0: link down
[ 1418.503664] IPv6: ADDRCONF(NETDEV_UP): enp2s0: link is not ready
[ 1421.075440] r8169 0000:02:00.0 enp2s0: link up
[ 1421.075455] IPv6: ADDRCONF(NETDEV_CHANGE): enp2s0: link becomes ready
[ 1423.626881] rfkill: input handler disabled
